[0.731s] Invoking command in '/home/kyle/2025-26-MATE-Topside/controls': PYTHONPATH=/home/kyle/2025-26-MATE-Topside/build/controls/prefix_override:/usr/lib/python3/dist-packages/colcon_core/task/python/colcon_distutils_commands:/home/kyle/2025-26-MATE-Topside/install/controls/lib/python3.12/site-packages:/home/kyle/2025-26-MATE-Topside/install/control_msg/lib/python3.12/site-packages:/home/kyle/2025-26-MATE-Topside/install/controls/lib/python3.12/site-packages:/opt/ros/jazzy/lib/python3.12/site-packages /usr/bin/python3 -W ignore:setup.py install is deprecated -W ignore:easy_install command is deprecated setup.py egg_info --egg-base ../build/controls build --build-base /home/kyle/2025-26-MATE-Topside/build/controls/build install --record /home/kyle/2025-26-MATE-Topside/build/controls/install.log --single-version-externally-managed install_data
[0.988s] running egg_info
[1.001s] writing ../build/controls/controls.egg-info/PKG-INFO
[1.002s] writing dependency_links to ../build/controls/controls.egg-info/dependency_links.txt
[1.003s] writing entry points to ../build/controls/controls.egg-info/entry_points.txt
[1.003s] writing requirements to ../build/controls/controls.egg-info/requires.txt
[1.003s] writing top-level names to ../build/controls/controls.egg-info/top_level.txt
[1.029s] reading manifest file '../build/controls/controls.egg-info/SOURCES.txt'
[1.029s] writing manifest file '../build/controls/controls.egg-info/SOURCES.txt'
[1.030s] running build
[1.030s] running build_py
[1.030s] copying controls/controls.py -> /home/kyle/2025-26-MATE-Topside/build/controls/build/lib/controls
[1.030s] running install
[1.037s] running install_lib
[1.048s] copying /home/kyle/2025-26-MATE-Topside/build/controls/build/lib/controls/controls.py -> /home/kyle/2025-26-MATE-Topside/install/controls/lib/python3.12/site-packages/controls
[1.049s] byte-compiling /home/kyle/2025-26-MATE-Topside/install/controls/lib/python3.12/site-packages/controls/controls.py to controls.cpython-312.pyc
[1.049s] running install_data
[1.050s] running install_egg_info
[1.068s] removing '/home/kyle/2025-26-MATE-Topside/install/controls/lib/python3.12/site-packages/controls-0.0.0-py3.12.egg-info' (and everything under it)
[1.069s] Copying ../build/controls/controls.egg-info to /home/kyle/2025-26-MATE-Topside/install/controls/lib/python3.12/site-packages/controls-0.0.0-py3.12.egg-info
[1.069s] running install_scripts
[1.154s] Installing controls script to /home/kyle/2025-26-MATE-Topside/install/controls/lib/controls
[1.154s] writing list of installed files to '/home/kyle/2025-26-MATE-Topside/build/controls/install.log'
[1.176s] Invoked command in '/home/kyle/2025-26-MATE-Topside/controls' returned '0': PYTHONPATH=/home/kyle/2025-26-MATE-Topside/build/controls/prefix_override:/usr/lib/python3/dist-packages/colcon_core/task/python/colcon_distutils_commands:/home/kyle/2025-26-MATE-Topside/install/controls/lib/python3.12/site-packages:/home/kyle/2025-26-MATE-Topside/install/control_msg/lib/python3.12/site-packages:/home/kyle/2025-26-MATE-Topside/install/controls/lib/python3.12/site-packages:/opt/ros/jazzy/lib/python3.12/site-packages /usr/bin/python3 -W ignore:setup.py install is deprecated -W ignore:easy_install command is deprecated setup.py egg_info --egg-base ../build/controls build --build-base /home/kyle/2025-26-MATE-Topside/build/controls/build install --record /home/kyle/2025-26-MATE-Topside/build/controls/install.log --single-version-externally-managed install_data
