[0.016s] Invoking command in '/home/kyle/2025-26-MATE-Topside/build/control_msg': CMAKE_PREFIX_PATH=${CMAKE_PREFIX_PATH}:/home/kyle/2025-26-MATE-Topside/install/controls:/opt/ros/jazzy /usr/bin/cmake --build /home/kyle/2025-26-MATE-Topside/build/control_msg -- -j8 -l8
[0.078s] [  2%] Built target control_msg__rosidl_generator_type_description
[0.085s] [  2%] Built target ament_cmake_python_copy_control_msg
[0.097s] [  5%] Built target control_msg__cpp
[0.108s] [ 20%] Built target control_msg__rosidl_generator_c
[0.142s] [ 29%] Built target control_msg__rosidl_typesupport_fastrtps_c
[0.155s] [ 38%] Built target control_msg__rosidl_typesupport_c
[0.156s] [ 47%] Built target control_msg__rosidl_typesupport_cpp
[0.157s] [ 55%] Built target control_msg__rosidl_typesupport_introspection_c
[0.162s] [ 64%] Built target control_msg__rosidl_typesupport_introspection_cpp
[0.167s] [ 73%] Built target control_msg__rosidl_typesupport_fastrtps_cpp
[0.183s] [ 73%] Built target control_msg
[0.199s] [ 76%] Built target control_msg__py
[0.218s] [ 82%] Built target control_msg__rosidl_generator_py
[0.236s] [ 88%] Built target control_msg_s__rosidl_typesupport_fastrtps_c
[0.236s] [ 94%] Built target control_msg_s__rosidl_typesupport_c
[0.236s] [100%] Built target control_msg_s__rosidl_typesupport_introspection_c
[0.271s] running egg_info
[0.283s] writing control_msg.egg-info/PKG-INFO
[0.283s] writing dependency_links to control_msg.egg-info/dependency_links.txt
[0.283s] writing top-level names to control_msg.egg-info/top_level.txt
[0.316s] reading manifest file 'control_msg.egg-info/SOURCES.txt'
[0.316s] writing manifest file 'control_msg.egg-info/SOURCES.txt'
[0.334s] [100%] Built target ament_cmake_python_build_control_msg_egg
[0.344s] Invoked command in '/home/kyle/2025-26-MATE-Topside/build/control_msg' returned '0': CMAKE_PREFIX_PATH=${CMAKE_PREFIX_PATH}:/home/kyle/2025-26-MATE-Topside/install/controls:/opt/ros/jazzy /usr/bin/cmake --build /home/kyle/2025-26-MATE-Topside/build/control_msg -- -j8 -l8
[0.345s] Invoking command in '/home/kyle/2025-26-MATE-Topside/build/control_msg': CMAKE_PREFIX_PATH=${CMAKE_PREFIX_PATH}:/home/kyle/2025-26-MATE-Topside/install/controls:/opt/ros/jazzy /usr/bin/cmake --install /home/kyle/2025-26-MATE-Topside/build/control_msg
[0.350s] -- Install configuration: ""
[0.350s] -- Up-to-date: /home/kyle/2025-26-MATE-Topside/install/control_msg/share/ament_index/resource_index/rosidl_interfaces/control_msg
[0.350s] -- Up-to-date: /home/kyle/2025-26-MATE-Topside/install/control_msg/share/control_msg/msg/ControllerInput.json
[0.350s] -- Up-to-date: /home/kyle/2025-26-MATE-Topside/install/control_msg/include/control_msg/control_msg
[0.350s] -- Up-to-date: /home/kyle/2025-26-MATE-Topside/install/control_msg/include/control_msg/control_msg/msg
[0.351s] -- Up-to-date: /home/kyle/2025-26-MATE-Topside/install/control_msg/include/control_msg/control_msg/msg/controller_input.h
[0.351s] -- Up-to-date: /home/kyle/2025-26-MATE-Topside/install/control_msg/include/control_msg/control_msg/msg/rosidl_generator_c__visibility_control.h
[0.351s] -- Up-to-date: /home/kyle/2025-26-MATE-Topside/install/control_msg/include/control_msg/control_msg/msg/detail
[0.351s] -- Up-to-date: /home/kyle/2025-26-MATE-Topside/install/control_msg/include/control_msg/control_msg/msg/detail/controller_input__struct.h
[0.351s] -- Up-to-date: /home/kyle/2025-26-MATE-Topside/install/control_msg/include/control_msg/control_msg/msg/detail/controller_input__functions.h
[0.351s] -- Up-to-date: /home/kyle/2025-26-MATE-Topside/install/control_msg/include/control_msg/control_msg/msg/detail/controller_input__type_support.h
[0.351s] -- Up-to-date: /home/kyle/2025-26-MATE-Topside/install/control_msg/include/control_msg/control_msg/msg/detail/controller_input__functions.c
[0.351s] -- Up-to-date: /home/kyle/2025-26-MATE-Topside/install/control_msg/include/control_msg/control_msg/msg/detail/controller_input__description.c
[0.351s] -- Up-to-date: /home/kyle/2025-26-MATE-Topside/install/control_msg/include/control_msg/control_msg/msg/detail/controller_input__type_support.c
[0.351s] -- Up-to-date: /home/kyle/2025-26-MATE-Topside/install/control_msg/share/control_msg/environment/library_path.sh
[0.351s] -- Up-to-date: /home/kyle/2025-26-MATE-Topside/install/control_msg/share/control_msg/environment/library_path.dsv
[0.351s] -- Up-to-date: /home/kyle/2025-26-MATE-Topside/install/control_msg/lib/libcontrol_msg__rosidl_generator_c.so
[0.351s] -- Up-to-date: /home/kyle/2025-26-MATE-Topside/install/control_msg/include/control_msg/control_msg
[0.351s] -- Up-to-date: /home/kyle/2025-26-MATE-Topside/install/control_msg/include/control_msg/control_msg/msg
[0.351s] -- Up-to-date: /home/kyle/2025-26-MATE-Topside/install/control_msg/include/control_msg/control_msg/msg/detail
[0.351s] -- Up-to-date: /home/kyle/2025-26-MATE-Topside/install/control_msg/include/control_msg/control_msg/msg/detail/controller_input__rosidl_typesupport_fastrtps_c.h
[0.351s] -- Up-to-date: /home/kyle/2025-26-MATE-Topside/install/control_msg/include/control_msg/control_msg/msg/rosidl_typesupport_fastrtps_c__visibility_control.h
[0.351s] -- Up-to-date: /home/kyle/2025-26-MATE-Topside/install/control_msg/lib/libcontrol_msg__rosidl_typesupport_fastrtps_c.so
[0.351s] -- Up-to-date: /home/kyle/2025-26-MATE-Topside/install/control_msg/include/control_msg/control_msg
[0.351s] -- Up-to-date: /home/kyle/2025-26-MATE-Topside/install/control_msg/include/control_msg/control_msg/msg
[0.351s] -- Up-to-date: /home/kyle/2025-26-MATE-Topside/install/control_msg/include/control_msg/control_msg/msg/detail
[0.351s] -- Up-to-date: /home/kyle/2025-26-MATE-Topside/install/control_msg/include/control_msg/control_msg/msg/detail/controller_input__rosidl_typesupport_introspection_c.h
[0.351s] -- Up-to-date: /home/kyle/2025-26-MATE-Topside/install/control_msg/include/control_msg/control_msg/msg/detail/controller_input__type_support.c
[0.351s] -- Up-to-date: /home/kyle/2025-26-MATE-Topside/install/control_msg/include/control_msg/control_msg/msg/rosidl_typesupport_introspection_c__visibility_control.h
[0.351s] -- Up-to-date: /home/kyle/2025-26-MATE-Topside/install/control_msg/lib/libcontrol_msg__rosidl_typesupport_introspection_c.so
[0.351s] -- Up-to-date: /home/kyle/2025-26-MATE-Topside/install/control_msg/lib/libcontrol_msg__rosidl_typesupport_c.so
[0.351s] -- Up-to-date: /home/kyle/2025-26-MATE-Topside/install/control_msg/include/control_msg/control_msg
[0.351s] -- Up-to-date: /home/kyle/2025-26-MATE-Topside/install/control_msg/include/control_msg/control_msg/msg
[0.351s] -- Up-to-date: /home/kyle/2025-26-MATE-Topside/install/control_msg/include/control_msg/control_msg/msg/detail
[0.352s] -- Up-to-date: /home/kyle/2025-26-MATE-Topside/install/control_msg/include/control_msg/control_msg/msg/detail/controller_input__builder.hpp
[0.352s] -- Up-to-date: /home/kyle/2025-26-MATE-Topside/install/control_msg/include/control_msg/control_msg/msg/detail/controller_input__traits.hpp
[0.352s] -- Up-to-date: /home/kyle/2025-26-MATE-Topside/install/control_msg/include/control_msg/control_msg/msg/detail/controller_input__type_support.hpp
[0.352s] -- Up-to-date: /home/kyle/2025-26-MATE-Topside/install/control_msg/include/control_msg/control_msg/msg/detail/controller_input__struct.hpp
[0.352s] -- Up-to-date: /home/kyle/2025-26-MATE-Topside/install/control_msg/include/control_msg/control_msg/msg/controller_input.hpp
[0.352s] -- Up-to-date: /home/kyle/2025-26-MATE-Topside/install/control_msg/include/control_msg/control_msg/msg/rosidl_generator_cpp__visibility_control.hpp
[0.352s] -- Up-to-date: /home/kyle/2025-26-MATE-Topside/install/control_msg/include/control_msg/control_msg
[0.352s] -- Up-to-date: /home/kyle/2025-26-MATE-Topside/install/control_msg/include/control_msg/control_msg/msg
[0.352s] -- Up-to-date: /home/kyle/2025-26-MATE-Topside/install/control_msg/include/control_msg/control_msg/msg/detail
[0.352s] -- Up-to-date: /home/kyle/2025-26-MATE-Topside/install/control_msg/include/control_msg/control_msg/msg/detail/controller_input__rosidl_typesupport_fastrtps_cpp.hpp
[0.352s] -- Up-to-date: /home/kyle/2025-26-MATE-Topside/install/control_msg/include/control_msg/control_msg/msg/detail/dds_fastrtps
[0.352s] -- Up-to-date: /home/kyle/2025-26-MATE-Topside/install/control_msg/include/control_msg/control_msg/msg/rosidl_typesupport_fastrtps_cpp__visibility_control.h
[0.352s] -- Up-to-date: /home/kyle/2025-26-MATE-Topside/install/control_msg/lib/libcontrol_msg__rosidl_typesupport_fastrtps_cpp.so
[0.352s] -- Up-to-date: /home/kyle/2025-26-MATE-Topside/install/control_msg/include/control_msg/control_msg
[0.352s] -- Up-to-date: /home/kyle/2025-26-MATE-Topside/install/control_msg/include/control_msg/control_msg/msg
[0.352s] -- Up-to-date: /home/kyle/2025-26-MATE-Topside/install/control_msg/include/control_msg/control_msg/msg/detail
[0.352s] -- Up-to-date: /home/kyle/2025-26-MATE-Topside/install/control_msg/include/control_msg/control_msg/msg/detail/controller_input__type_support.cpp
[0.352s] -- Up-to-date: /home/kyle/2025-26-MATE-Topside/install/control_msg/include/control_msg/control_msg/msg/detail/controller_input__rosidl_typesupport_introspection_cpp.hpp
[0.352s] -- Up-to-date: /home/kyle/2025-26-MATE-Topside/install/control_msg/lib/libcontrol_msg__rosidl_typesupport_introspection_cpp.so
[0.352s] -- Up-to-date: /home/kyle/2025-26-MATE-Topside/install/control_msg/lib/libcontrol_msg__rosidl_typesupport_cpp.so
[0.352s] -- Up-to-date: /home/kyle/2025-26-MATE-Topside/install/control_msg/share/control_msg/environment/pythonpath.sh
[0.352s] -- Up-to-date: /home/kyle/2025-26-MATE-Topside/install/control_msg/share/control_msg/environment/pythonpath.dsv
[0.352s] -- Up-to-date: /home/kyle/2025-26-MATE-Topside/install/control_msg/lib/python3.12/site-packages/control_msg-0.0.0-py3.12.egg-info
[0.352s] -- Installing: /home/kyle/2025-26-MATE-Topside/install/control_msg/lib/python3.12/site-packages/control_msg-0.0.0-py3.12.egg-info/PKG-INFO
[0.352s] -- Installing: /home/kyle/2025-26-MATE-Topside/install/control_msg/lib/python3.12/site-packages/control_msg-0.0.0-py3.12.egg-info/top_level.txt
[0.352s] -- Installing: /home/kyle/2025-26-MATE-Topside/install/control_msg/lib/python3.12/site-packages/control_msg-0.0.0-py3.12.egg-info/dependency_links.txt
[0.353s] -- Installing: /home/kyle/2025-26-MATE-Topside/install/control_msg/lib/python3.12/site-packages/control_msg-0.0.0-py3.12.egg-info/SOURCES.txt
[0.353s] -- Up-to-date: /home/kyle/2025-26-MATE-Topside/install/control_msg/lib/python3.12/site-packages/control_msg
[0.353s] -- Up-to-date: /home/kyle/2025-26-MATE-Topside/install/control_msg/lib/python3.12/site-packages/control_msg/_control_msg_s.ep.rosidl_typesupport_introspection_c.c
[0.353s] -- Up-to-date: /home/kyle/2025-26-MATE-Topside/install/control_msg/lib/python3.12/site-packages/control_msg/__init__.py
[0.353s] -- Up-to-date: /home/kyle/2025-26-MATE-Topside/install/control_msg/lib/python3.12/site-packages/control_msg/control_msg_s__rosidl_typesupport_c.so
[0.353s] -- Up-to-date: /home/kyle/2025-26-MATE-Topside/install/control_msg/lib/python3.12/site-packages/control_msg/control_msg_s__rosidl_typesupport_fastrtps_c.so
[0.353s] -- Up-to-date: /home/kyle/2025-26-MATE-Topside/install/control_msg/lib/python3.12/site-packages/control_msg/control_msg_s__rosidl_typesupport_introspection_c.so
[0.353s] -- Up-to-date: /home/kyle/2025-26-MATE-Topside/install/control_msg/lib/python3.12/site-packages/control_msg/_control_msg_s.ep.rosidl_typesupport_fastrtps_c.c
[0.353s] -- Up-to-date: /home/kyle/2025-26-MATE-Topside/install/control_msg/lib/python3.12/site-packages/control_msg/msg
[0.353s] -- Up-to-date: /home/kyle/2025-26-MATE-Topside/install/control_msg/lib/python3.12/site-packages/control_msg/msg/__init__.py
[0.353s] -- Up-to-date: /home/kyle/2025-26-MATE-Topside/install/control_msg/lib/python3.12/site-packages/control_msg/msg/_controller_input.py
[0.353s] -- Up-to-date: /home/kyle/2025-26-MATE-Topside/install/control_msg/lib/python3.12/site-packages/control_msg/msg/_controller_input_s.c
[0.353s] -- Up-to-date: /home/kyle/2025-26-MATE-Topside/install/control_msg/lib/python3.12/site-packages/control_msg/_control_msg_s.ep.rosidl_typesupport_c.c
[0.378s] Listing '/home/kyle/2025-26-MATE-Topside/install/control_msg/lib/python3.12/site-packages/control_msg'...
[0.378s] Listing '/home/kyle/2025-26-MATE-Topside/install/control_msg/lib/python3.12/site-packages/control_msg/msg'...
[0.382s] -- Up-to-date: /home/kyle/2025-26-MATE-Topside/install/control_msg/lib/python3.12/site-packages/control_msg/control_msg_s__rosidl_typesupport_fastrtps_c.so
[0.382s] -- Up-to-date: /home/kyle/2025-26-MATE-Topside/install/control_msg/lib/python3.12/site-packages/control_msg/control_msg_s__rosidl_typesupport_introspection_c.so
[0.382s] -- Up-to-date: /home/kyle/2025-26-MATE-Topside/install/control_msg/lib/python3.12/site-packages/control_msg/control_msg_s__rosidl_typesupport_c.so
[0.383s] -- Up-to-date: /home/kyle/2025-26-MATE-Topside/install/control_msg/lib/libcontrol_msg__rosidl_generator_py.so
[0.383s] -- Up-to-date: /home/kyle/2025-26-MATE-Topside/install/control_msg/share/control_msg/msg/ControllerInput.idl
[0.383s] -- Up-to-date: /home/kyle/2025-26-MATE-Topside/install/control_msg/share/control_msg/msg/ControllerInput.msg
[0.383s] -- Up-to-date: /home/kyle/2025-26-MATE-Topside/install/control_msg/share/ament_index/resource_index/package_run_dependencies/control_msg
[0.383s] -- Up-to-date: /home/kyle/2025-26-MATE-Topside/install/control_msg/share/ament_index/resource_index/parent_prefix_path/control_msg
[0.383s] -- Up-to-date: /home/kyle/2025-26-MATE-Topside/install/control_msg/share/control_msg/environment/ament_prefix_path.sh
[0.383s] -- Up-to-date: /home/kyle/2025-26-MATE-Topside/install/control_msg/share/control_msg/environment/ament_prefix_path.dsv
[0.383s] -- Up-to-date: /home/kyle/2025-26-MATE-Topside/install/control_msg/share/control_msg/environment/path.sh
[0.383s] -- Up-to-date: /home/kyle/2025-26-MATE-Topside/install/control_msg/share/control_msg/environment/path.dsv
[0.383s] -- Up-to-date: /home/kyle/2025-26-MATE-Topside/install/control_msg/share/control_msg/local_setup.bash
[0.383s] -- Up-to-date: /home/kyle/2025-26-MATE-Topside/install/control_msg/share/control_msg/local_setup.sh
[0.383s] -- Up-to-date: /home/kyle/2025-26-MATE-Topside/install/control_msg/share/control_msg/local_setup.zsh
[0.383s] -- Up-to-date: /home/kyle/2025-26-MATE-Topside/install/control_msg/share/control_msg/local_setup.dsv
[0.383s] -- Installing: /home/kyle/2025-26-MATE-Topside/install/control_msg/share/control_msg/package.dsv
[0.383s] -- Up-to-date: /home/kyle/2025-26-MATE-Topside/install/control_msg/share/ament_index/resource_index/packages/control_msg
[0.383s] -- Up-to-date: /home/kyle/2025-26-MATE-Topside/install/control_msg/share/control_msg/cmake/export_control_msg__rosidl_generator_cExport.cmake
[0.384s] -- Up-to-date: /home/kyle/2025-26-MATE-Topside/install/control_msg/share/control_msg/cmake/export_control_msg__rosidl_generator_cExport-noconfig.cmake
[0.384s] -- Up-to-date: /home/kyle/2025-26-MATE-Topside/install/control_msg/share/control_msg/cmake/export_control_msg__rosidl_typesupport_fastrtps_cExport.cmake
[0.384s] -- Up-to-date: /home/kyle/2025-26-MATE-Topside/install/control_msg/share/control_msg/cmake/export_control_msg__rosidl_typesupport_fastrtps_cExport-noconfig.cmake
[0.384s] -- Up-to-date: /home/kyle/2025-26-MATE-Topside/install/control_msg/share/control_msg/cmake/control_msg__rosidl_typesupport_introspection_cExport.cmake
[0.384s] -- Up-to-date: /home/kyle/2025-26-MATE-Topside/install/control_msg/share/control_msg/cmake/control_msg__rosidl_typesupport_introspection_cExport-noconfig.cmake
[0.384s] -- Up-to-date: /home/kyle/2025-26-MATE-Topside/install/control_msg/share/control_msg/cmake/control_msg__rosidl_typesupport_cExport.cmake
[0.384s] -- Up-to-date: /home/kyle/2025-26-MATE-Topside/install/control_msg/share/control_msg/cmake/control_msg__rosidl_typesupport_cExport-noconfig.cmake
[0.384s] -- Up-to-date: /home/kyle/2025-26-MATE-Topside/install/control_msg/share/control_msg/cmake/export_control_msg__rosidl_generator_cppExport.cmake
[0.384s] -- Up-to-date: /home/kyle/2025-26-MATE-Topside/install/control_msg/share/control_msg/cmake/export_control_msg__rosidl_typesupport_fastrtps_cppExport.cmake
[0.384s] -- Up-to-date: /home/kyle/2025-26-MATE-Topside/install/control_msg/share/control_msg/cmake/export_control_msg__rosidl_typesupport_fastrtps_cppExport-noconfig.cmake
[0.384s] -- Up-to-date: /home/kyle/2025-26-MATE-Topside/install/control_msg/share/control_msg/cmake/control_msg__rosidl_typesupport_introspection_cppExport.cmake
[0.384s] -- Up-to-date: /home/kyle/2025-26-MATE-Topside/install/control_msg/share/control_msg/cmake/control_msg__rosidl_typesupport_introspection_cppExport-noconfig.cmake
[0.384s] -- Up-to-date: /home/kyle/2025-26-MATE-Topside/install/control_msg/share/control_msg/cmake/control_msg__rosidl_typesupport_cppExport.cmake
[0.384s] -- Up-to-date: /home/kyle/2025-26-MATE-Topside/install/control_msg/share/control_msg/cmake/control_msg__rosidl_typesupport_cppExport-noconfig.cmake
[0.384s] -- Up-to-date: /home/kyle/2025-26-MATE-Topside/install/control_msg/share/control_msg/cmake/export_control_msg__rosidl_generator_pyExport.cmake
[0.384s] -- Up-to-date: /home/kyle/2025-26-MATE-Topside/install/control_msg/share/control_msg/cmake/export_control_msg__rosidl_generator_pyExport-noconfig.cmake
[0.384s] -- Up-to-date: /home/kyle/2025-26-MATE-Topside/install/control_msg/share/control_msg/cmake/rosidl_cmake-extras.cmake
[0.384s] -- Up-to-date: /home/kyle/2025-26-MATE-Topside/install/control_msg/share/control_msg/cmake/ament_cmake_export_include_directories-extras.cmake
[0.384s] -- Up-to-date: /home/kyle/2025-26-MATE-Topside/install/control_msg/share/control_msg/cmake/ament_cmake_export_libraries-extras.cmake
[0.384s] -- Up-to-date: /home/kyle/2025-26-MATE-Topside/install/control_msg/share/control_msg/cmake/ament_cmake_export_targets-extras.cmake
[0.384s] -- Up-to-date: /home/kyle/2025-26-MATE-Topside/install/control_msg/share/control_msg/cmake/rosidl_cmake_export_typesupport_targets-extras.cmake
[0.384s] -- Up-to-date: /home/kyle/2025-26-MATE-Topside/install/control_msg/share/control_msg/cmake/ament_cmake_export_dependencies-extras.cmake
[0.384s] -- Up-to-date: /home/kyle/2025-26-MATE-Topside/install/control_msg/share/control_msg/cmake/rosidl_cmake_export_typesupport_libraries-extras.cmake
[0.384s] -- Up-to-date: /home/kyle/2025-26-MATE-Topside/install/control_msg/share/control_msg/cmake/control_msgConfig.cmake
[0.384s] -- Up-to-date: /home/kyle/2025-26-MATE-Topside/install/control_msg/share/control_msg/cmake/control_msgConfig-version.cmake
[0.384s] -- Up-to-date: /home/kyle/2025-26-MATE-Topside/install/control_msg/share/control_msg/package.xml
[0.386s] Invoked command in '/home/kyle/2025-26-MATE-Topside/build/control_msg' returned '0': CMAKE_PREFIX_PATH=${CMAKE_PREFIX_PATH}:/home/kyle/2025-26-MATE-Topside/install/controls:/opt/ros/jazzy /usr/bin/cmake --install /home/kyle/2025-26-MATE-Topside/build/control_msg
