[0.009s] Invoking command in '/home/kyle/2025-26-MATE-Topside/build/control_msg': CMAKE_PREFIX_PATH=${CMAKE_PREFIX_PATH}:/home/kyle/2025-26-MATE-Topside/install/controls:/opt/ros/jazzy /usr/bin/cmake --build /home/kyle/2025-26-MATE-Topside/build/control_msg -- -j8 -l8
[0.044s] -- Found ament_cmake: 2.5.4 (/opt/ros/jazzy/share/ament_cmake/cmake)
[0.065s] -- Found Python3: /usr/bin/python3 (found version "3.12.3") found components: Interpreter 
[0.140s] -- Found rosidl_default_generators: 1.6.0 (/opt/ros/jazzy/share/rosidl_default_generators/cmake)
[0.142s] -- Using all available rosidl_typesupport_c: rosidl_typesupport_fastrtps_c;rosidl_typesupport_introspection_c
[0.247s] -- Using all available rosidl_typesupport_cpp: rosidl_typesupport_fastrtps_cpp;rosidl_typesupport_introspection_cpp
[0.263s] -- Found rosidl_adapter: 4.6.6 (/opt/ros/jazzy/share/rosidl_adapter/cmake)
[0.438s] -- Found ament_cmake_ros: 0.12.0 (/opt/ros/jazzy/share/ament_cmake_ros/cmake)
[0.504s] -- Using all available rosidl_typesupport_c: rosidl_typesupport_fastrtps_c;rosidl_typesupport_introspection_c
[0.587s] -- Using all available rosidl_typesupport_cpp: rosidl_typesupport_fastrtps_cpp;rosidl_typesupport_introspection_cpp
[0.587s] -- Found python_cmake_module: 0.11.1 (/opt/ros/jazzy/share/python_cmake_module/cmake)
[0.797s] -- Found Python3: /usr/bin/python3 (found version "3.12.3") found components: Interpreter Development NumPy Development.Module Development.Embed 
[0.803s] -- Found ament_lint_auto: 0.17.3 (/opt/ros/jazzy/share/ament_lint_auto/cmake)
[0.807s] -- Added test 'lint_cmake' to check CMake code style
[0.808s] -- Added test 'xmllint' to check XML markup files
[0.809s] -- Configuring done (0.8s)
[0.843s] -- Generating done (0.0s)
[0.849s] -- Build files have been written to: /home/kyle/2025-26-MATE-Topside/build/control_msg
[0.873s] [  2%] Built target control_msg__rosidl_generator_type_description
[0.880s] [  2%] Built target ament_cmake_python_copy_control_msg
[0.889s] [  5%] Built target control_msg__cpp
[0.894s] [ 20%] Built target control_msg__rosidl_generator_c
[0.925s] [ 29%] Built target control_msg__rosidl_typesupport_cpp
[0.928s] [ 38%] Built target control_msg__rosidl_typesupport_fastrtps_c
[0.929s] [ 47%] Built target control_msg__rosidl_typesupport_c
[0.929s] [ 55%] Built target control_msg__rosidl_typesupport_introspection_c
[0.942s] [ 64%] Built target control_msg__rosidl_typesupport_fastrtps_cpp
[0.945s] [ 73%] Built target control_msg__rosidl_typesupport_introspection_cpp
[0.960s] [ 73%] Built target control_msg
[0.975s] [ 76%] Built target control_msg__py
[0.994s] [ 82%] Built target control_msg__rosidl_generator_py
[1.015s] [ 88%] Built target control_msg_s__rosidl_typesupport_introspection_c
[1.016s] [100%] Built target control_msg_s__rosidl_typesupport_c
[1.016s] [ 97%] Built target control_msg_s__rosidl_typesupport_fastrtps_c
[1.051s] running egg_info
[1.065s] writing control_msg.egg-info/PKG-INFO
[1.065s] writing dependency_links to control_msg.egg-info/dependency_links.txt
[1.065s] writing top-level names to control_msg.egg-info/top_level.txt
[1.096s] reading manifest file 'control_msg.egg-info/SOURCES.txt'
[1.096s] writing manifest file 'control_msg.egg-info/SOURCES.txt'
[1.114s] [100%] Built target ament_cmake_python_build_control_msg_egg
[1.126s] Invoked command in '/home/kyle/2025-26-MATE-Topside/build/control_msg' returned '0': CMAKE_PREFIX_PATH=${CMAKE_PREFIX_PATH}:/home/kyle/2025-26-MATE-Topside/install/controls:/opt/ros/jazzy /usr/bin/cmake --build /home/kyle/2025-26-MATE-Topside/build/control_msg -- -j8 -l8
[1.127s] Invoking command in '/home/kyle/2025-26-MATE-Topside/build/control_msg': CMAKE_PREFIX_PATH=${CMAKE_PREFIX_PATH}:/home/kyle/2025-26-MATE-Topside/install/controls:/opt/ros/jazzy /usr/bin/cmake --install /home/kyle/2025-26-MATE-Topside/build/control_msg
[1.133s] -- Install configuration: ""
[1.133s] -- Up-to-date: /home/kyle/2025-26-MATE-Topside/install/control_msg/share/ament_index/resource_index/rosidl_interfaces/control_msg
[1.133s] -- Up-to-date: /home/kyle/2025-26-MATE-Topside/install/control_msg/share/control_msg/msg/ControllerInput.json
[1.133s] -- Up-to-date: /home/kyle/2025-26-MATE-Topside/install/control_msg/include/control_msg/control_msg
[1.133s] -- Up-to-date: /home/kyle/2025-26-MATE-Topside/install/control_msg/include/control_msg/control_msg/msg
[1.133s] -- Up-to-date: /home/kyle/2025-26-MATE-Topside/install/control_msg/include/control_msg/control_msg/msg/controller_input.h
[1.133s] -- Up-to-date: /home/kyle/2025-26-MATE-Topside/install/control_msg/include/control_msg/control_msg/msg/rosidl_generator_c__visibility_control.h
[1.133s] -- Up-to-date: /home/kyle/2025-26-MATE-Topside/install/control_msg/include/control_msg/control_msg/msg/detail
[1.133s] -- Up-to-date: /home/kyle/2025-26-MATE-Topside/install/control_msg/include/control_msg/control_msg/msg/detail/controller_input__struct.h
[1.133s] -- Up-to-date: /home/kyle/2025-26-MATE-Topside/install/control_msg/include/control_msg/control_msg/msg/detail/controller_input__functions.h
[1.134s] -- Up-to-date: /home/kyle/2025-26-MATE-Topside/install/control_msg/include/control_msg/control_msg/msg/detail/controller_input__type_support.h
[1.134s] -- Up-to-date: /home/kyle/2025-26-MATE-Topside/install/control_msg/include/control_msg/control_msg/msg/detail/controller_input__functions.c
[1.134s] -- Up-to-date: /home/kyle/2025-26-MATE-Topside/install/control_msg/include/control_msg/control_msg/msg/detail/controller_input__description.c
[1.134s] -- Up-to-date: /home/kyle/2025-26-MATE-Topside/install/control_msg/include/control_msg/control_msg/msg/detail/controller_input__type_support.c
[1.134s] -- Up-to-date: /home/kyle/2025-26-MATE-Topside/install/control_msg/share/control_msg/environment/library_path.sh
[1.134s] -- Up-to-date: /home/kyle/2025-26-MATE-Topside/install/control_msg/share/control_msg/environment/library_path.dsv
[1.134s] -- Up-to-date: /home/kyle/2025-26-MATE-Topside/install/control_msg/lib/libcontrol_msg__rosidl_generator_c.so
[1.135s] -- Up-to-date: /home/kyle/2025-26-MATE-Topside/install/control_msg/include/control_msg/control_msg
[1.135s] -- Up-to-date: /home/kyle/2025-26-MATE-Topside/install/control_msg/include/control_msg/control_msg/msg
[1.135s] -- Up-to-date: /home/kyle/2025-26-MATE-Topside/install/control_msg/include/control_msg/control_msg/msg/detail
[1.135s] -- Up-to-date: /home/kyle/2025-26-MATE-Topside/install/control_msg/include/control_msg/control_msg/msg/detail/controller_input__rosidl_typesupport_fastrtps_c.h
[1.135s] -- Up-to-date: /home/kyle/2025-26-MATE-Topside/install/control_msg/include/control_msg/control_msg/msg/rosidl_typesupport_fastrtps_c__visibility_control.h
[1.135s] -- Up-to-date: /home/kyle/2025-26-MATE-Topside/install/control_msg/lib/libcontrol_msg__rosidl_typesupport_fastrtps_c.so
[1.135s] -- Up-to-date: /home/kyle/2025-26-MATE-Topside/install/control_msg/include/control_msg/control_msg
[1.135s] -- Up-to-date: /home/kyle/2025-26-MATE-Topside/install/control_msg/include/control_msg/control_msg/msg
[1.135s] -- Up-to-date: /home/kyle/2025-26-MATE-Topside/install/control_msg/include/control_msg/control_msg/msg/detail
[1.135s] -- Up-to-date: /home/kyle/2025-26-MATE-Topside/install/control_msg/include/control_msg/control_msg/msg/detail/controller_input__rosidl_typesupport_introspection_c.h
[1.136s] -- Up-to-date: /home/kyle/2025-26-MATE-Topside/install/control_msg/include/control_msg/control_msg/msg/detail/controller_input__type_support.c
[1.136s] -- Up-to-date: /home/kyle/2025-26-MATE-Topside/install/control_msg/include/control_msg/control_msg/msg/rosidl_typesupport_introspection_c__visibility_control.h
[1.136s] -- Up-to-date: /home/kyle/2025-26-MATE-Topside/install/control_msg/lib/libcontrol_msg__rosidl_typesupport_introspection_c.so
[1.136s] -- Up-to-date: /home/kyle/2025-26-MATE-Topside/install/control_msg/lib/libcontrol_msg__rosidl_typesupport_c.so
[1.136s] -- Up-to-date: /home/kyle/2025-26-MATE-Topside/install/control_msg/include/control_msg/control_msg
[1.136s] -- Up-to-date: /home/kyle/2025-26-MATE-Topside/install/control_msg/include/control_msg/control_msg/msg
[1.136s] -- Up-to-date: /home/kyle/2025-26-MATE-Topside/install/control_msg/include/control_msg/control_msg/msg/detail
[1.136s] -- Up-to-date: /home/kyle/2025-26-MATE-Topside/install/control_msg/include/control_msg/control_msg/msg/detail/controller_input__builder.hpp
[1.136s] -- Up-to-date: /home/kyle/2025-26-MATE-Topside/install/control_msg/include/control_msg/control_msg/msg/detail/controller_input__traits.hpp
[1.136s] -- Up-to-date: /home/kyle/2025-26-MATE-Topside/install/control_msg/include/control_msg/control_msg/msg/detail/controller_input__type_support.hpp
[1.137s] -- Up-to-date: /home/kyle/2025-26-MATE-Topside/install/control_msg/include/control_msg/control_msg/msg/detail/controller_input__struct.hpp
[1.137s] -- Up-to-date: /home/kyle/2025-26-MATE-Topside/install/control_msg/include/control_msg/control_msg/msg/controller_input.hpp
[1.137s] -- Up-to-date: /home/kyle/2025-26-MATE-Topside/install/control_msg/include/control_msg/control_msg/msg/rosidl_generator_cpp__visibility_control.hpp
[1.137s] -- Up-to-date: /home/kyle/2025-26-MATE-Topside/install/control_msg/include/control_msg/control_msg
[1.137s] -- Up-to-date: /home/kyle/2025-26-MATE-Topside/install/control_msg/include/control_msg/control_msg/msg
[1.137s] -- Up-to-date: /home/kyle/2025-26-MATE-Topside/install/control_msg/include/control_msg/control_msg/msg/detail
[1.137s] -- Up-to-date: /home/kyle/2025-26-MATE-Topside/install/control_msg/include/control_msg/control_msg/msg/detail/controller_input__rosidl_typesupport_fastrtps_cpp.hpp
[1.137s] -- Up-to-date: /home/kyle/2025-26-MATE-Topside/install/control_msg/include/control_msg/control_msg/msg/detail/dds_fastrtps
[1.137s] -- Up-to-date: /home/kyle/2025-26-MATE-Topside/install/control_msg/include/control_msg/control_msg/msg/rosidl_typesupport_fastrtps_cpp__visibility_control.h
[1.138s] -- Up-to-date: /home/kyle/2025-26-MATE-Topside/install/control_msg/lib/libcontrol_msg__rosidl_typesupport_fastrtps_cpp.so
[1.138s] -- Up-to-date: /home/kyle/2025-26-MATE-Topside/install/control_msg/include/control_msg/control_msg
[1.138s] -- Up-to-date: /home/kyle/2025-26-MATE-Topside/install/control_msg/include/control_msg/control_msg/msg
[1.138s] -- Up-to-date: /home/kyle/2025-26-MATE-Topside/install/control_msg/include/control_msg/control_msg/msg/detail
[1.138s] -- Up-to-date: /home/kyle/2025-26-MATE-Topside/install/control_msg/include/control_msg/control_msg/msg/detail/controller_input__type_support.cpp
[1.138s] -- Up-to-date: /home/kyle/2025-26-MATE-Topside/install/control_msg/include/control_msg/control_msg/msg/detail/controller_input__rosidl_typesupport_introspection_cpp.hpp
[1.138s] -- Up-to-date: /home/kyle/2025-26-MATE-Topside/install/control_msg/lib/libcontrol_msg__rosidl_typesupport_introspection_cpp.so
[1.138s] -- Up-to-date: /home/kyle/2025-26-MATE-Topside/install/control_msg/lib/libcontrol_msg__rosidl_typesupport_cpp.so
[1.138s] -- Up-to-date: /home/kyle/2025-26-MATE-Topside/install/control_msg/share/control_msg/environment/pythonpath.sh
[1.138s] -- Up-to-date: /home/kyle/2025-26-MATE-Topside/install/control_msg/share/control_msg/environment/pythonpath.dsv
[1.138s] -- Up-to-date: /home/kyle/2025-26-MATE-Topside/install/control_msg/lib/python3.12/site-packages/control_msg-0.0.0-py3.12.egg-info
[1.138s] -- Installing: /home/kyle/2025-26-MATE-Topside/install/control_msg/lib/python3.12/site-packages/control_msg-0.0.0-py3.12.egg-info/PKG-INFO
[1.138s] -- Installing: /home/kyle/2025-26-MATE-Topside/install/control_msg/lib/python3.12/site-packages/control_msg-0.0.0-py3.12.egg-info/top_level.txt
[1.138s] -- Installing: /home/kyle/2025-26-MATE-Topside/install/control_msg/lib/python3.12/site-packages/control_msg-0.0.0-py3.12.egg-info/dependency_links.txt
[1.138s] -- Installing: /home/kyle/2025-26-MATE-Topside/install/control_msg/lib/python3.12/site-packages/control_msg-0.0.0-py3.12.egg-info/SOURCES.txt
[1.138s] -- Up-to-date: /home/kyle/2025-26-MATE-Topside/install/control_msg/lib/python3.12/site-packages/control_msg
[1.138s] -- Up-to-date: /home/kyle/2025-26-MATE-Topside/install/control_msg/lib/python3.12/site-packages/control_msg/_control_msg_s.ep.rosidl_typesupport_introspection_c.c
[1.138s] -- Installing: /home/kyle/2025-26-MATE-Topside/install/control_msg/lib/python3.12/site-packages/control_msg/__init__.py
[1.138s] -- Up-to-date: /home/kyle/2025-26-MATE-Topside/install/control_msg/lib/python3.12/site-packages/control_msg/control_msg_s__rosidl_typesupport_c.so
[1.138s] -- Up-to-date: /home/kyle/2025-26-MATE-Topside/install/control_msg/lib/python3.12/site-packages/control_msg/control_msg_s__rosidl_typesupport_fastrtps_c.so
[1.138s] -- Up-to-date: /home/kyle/2025-26-MATE-Topside/install/control_msg/lib/python3.12/site-packages/control_msg/control_msg_s__rosidl_typesupport_introspection_c.so
[1.138s] -- Up-to-date: /home/kyle/2025-26-MATE-Topside/install/control_msg/lib/python3.12/site-packages/control_msg/_control_msg_s.ep.rosidl_typesupport_fastrtps_c.c
[1.138s] -- Up-to-date: /home/kyle/2025-26-MATE-Topside/install/control_msg/lib/python3.12/site-packages/control_msg/msg
[1.138s] -- Up-to-date: /home/kyle/2025-26-MATE-Topside/install/control_msg/lib/python3.12/site-packages/control_msg/msg/__init__.py
[1.138s] -- Up-to-date: /home/kyle/2025-26-MATE-Topside/install/control_msg/lib/python3.12/site-packages/control_msg/msg/_controller_input.py
[1.138s] -- Up-to-date: /home/kyle/2025-26-MATE-Topside/install/control_msg/lib/python3.12/site-packages/control_msg/msg/_controller_input_s.c
[1.138s] -- Up-to-date: /home/kyle/2025-26-MATE-Topside/install/control_msg/lib/python3.12/site-packages/control_msg/_control_msg_s.ep.rosidl_typesupport_c.c
[1.162s] Listing '/home/kyle/2025-26-MATE-Topside/install/control_msg/lib/python3.12/site-packages/control_msg'...
[1.162s] Compiling '/home/kyle/2025-26-MATE-Topside/install/control_msg/lib/python3.12/site-packages/control_msg/__init__.py'...
[1.162s] Listing '/home/kyle/2025-26-MATE-Topside/install/control_msg/lib/python3.12/site-packages/control_msg/msg'...
[1.165s] -- Up-to-date: /home/kyle/2025-26-MATE-Topside/install/control_msg/lib/python3.12/site-packages/control_msg/control_msg_s__rosidl_typesupport_fastrtps_c.so
[1.165s] -- Up-to-date: /home/kyle/2025-26-MATE-Topside/install/control_msg/lib/python3.12/site-packages/control_msg/control_msg_s__rosidl_typesupport_introspection_c.so
[1.165s] -- Up-to-date: /home/kyle/2025-26-MATE-Topside/install/control_msg/lib/python3.12/site-packages/control_msg/control_msg_s__rosidl_typesupport_c.so
[1.165s] -- Up-to-date: /home/kyle/2025-26-MATE-Topside/install/control_msg/lib/libcontrol_msg__rosidl_generator_py.so
[1.165s] -- Up-to-date: /home/kyle/2025-26-MATE-Topside/install/control_msg/share/control_msg/msg/ControllerInput.idl
[1.165s] -- Up-to-date: /home/kyle/2025-26-MATE-Topside/install/control_msg/share/control_msg/msg/ControllerInput.msg
[1.166s] -- Up-to-date: /home/kyle/2025-26-MATE-Topside/install/control_msg/share/ament_index/resource_index/package_run_dependencies/control_msg
[1.166s] -- Installing: /home/kyle/2025-26-MATE-Topside/install/control_msg/share/ament_index/resource_index/parent_prefix_path/control_msg
[1.166s] -- Up-to-date: /home/kyle/2025-26-MATE-Topside/install/control_msg/share/control_msg/environment/ament_prefix_path.sh
[1.166s] -- Up-to-date: /home/kyle/2025-26-MATE-Topside/install/control_msg/share/control_msg/environment/ament_prefix_path.dsv
[1.166s] -- Up-to-date: /home/kyle/2025-26-MATE-Topside/install/control_msg/share/control_msg/environment/path.sh
[1.166s] -- Up-to-date: /home/kyle/2025-26-MATE-Topside/install/control_msg/share/control_msg/environment/path.dsv
[1.166s] -- Up-to-date: /home/kyle/2025-26-MATE-Topside/install/control_msg/share/control_msg/local_setup.bash
[1.166s] -- Up-to-date: /home/kyle/2025-26-MATE-Topside/install/control_msg/share/control_msg/local_setup.sh
[1.166s] -- Up-to-date: /home/kyle/2025-26-MATE-Topside/install/control_msg/share/control_msg/local_setup.zsh
[1.166s] -- Up-to-date: /home/kyle/2025-26-MATE-Topside/install/control_msg/share/control_msg/local_setup.dsv
[1.166s] -- Installing: /home/kyle/2025-26-MATE-Topside/install/control_msg/share/control_msg/package.dsv
[1.166s] -- Up-to-date: /home/kyle/2025-26-MATE-Topside/install/control_msg/share/ament_index/resource_index/packages/control_msg
[1.166s] -- Up-to-date: /home/kyle/2025-26-MATE-Topside/install/control_msg/share/control_msg/cmake/export_control_msg__rosidl_generator_cExport.cmake
[1.166s] -- Up-to-date: /home/kyle/2025-26-MATE-Topside/install/control_msg/share/control_msg/cmake/export_control_msg__rosidl_generator_cExport-noconfig.cmake
[1.166s] -- Up-to-date: /home/kyle/2025-26-MATE-Topside/install/control_msg/share/control_msg/cmake/export_control_msg__rosidl_typesupport_fastrtps_cExport.cmake
[1.166s] -- Up-to-date: /home/kyle/2025-26-MATE-Topside/install/control_msg/share/control_msg/cmake/export_control_msg__rosidl_typesupport_fastrtps_cExport-noconfig.cmake
[1.167s] -- Up-to-date: /home/kyle/2025-26-MATE-Topside/install/control_msg/share/control_msg/cmake/control_msg__rosidl_typesupport_introspection_cExport.cmake
[1.167s] -- Up-to-date: /home/kyle/2025-26-MATE-Topside/install/control_msg/share/control_msg/cmake/control_msg__rosidl_typesupport_introspection_cExport-noconfig.cmake
[1.167s] -- Up-to-date: /home/kyle/2025-26-MATE-Topside/install/control_msg/share/control_msg/cmake/control_msg__rosidl_typesupport_cExport.cmake
[1.167s] -- Up-to-date: /home/kyle/2025-26-MATE-Topside/install/control_msg/share/control_msg/cmake/control_msg__rosidl_typesupport_cExport-noconfig.cmake
[1.167s] -- Up-to-date: /home/kyle/2025-26-MATE-Topside/install/control_msg/share/control_msg/cmake/export_control_msg__rosidl_generator_cppExport.cmake
[1.167s] -- Up-to-date: /home/kyle/2025-26-MATE-Topside/install/control_msg/share/control_msg/cmake/export_control_msg__rosidl_typesupport_fastrtps_cppExport.cmake
[1.167s] -- Up-to-date: /home/kyle/2025-26-MATE-Topside/install/control_msg/share/control_msg/cmake/export_control_msg__rosidl_typesupport_fastrtps_cppExport-noconfig.cmake
[1.167s] -- Up-to-date: /home/kyle/2025-26-MATE-Topside/install/control_msg/share/control_msg/cmake/control_msg__rosidl_typesupport_introspection_cppExport.cmake
[1.167s] -- Up-to-date: /home/kyle/2025-26-MATE-Topside/install/control_msg/share/control_msg/cmake/control_msg__rosidl_typesupport_introspection_cppExport-noconfig.cmake
[1.167s] -- Up-to-date: /home/kyle/2025-26-MATE-Topside/install/control_msg/share/control_msg/cmake/control_msg__rosidl_typesupport_cppExport.cmake
[1.167s] -- Up-to-date: /home/kyle/2025-26-MATE-Topside/install/control_msg/share/control_msg/cmake/control_msg__rosidl_typesupport_cppExport-noconfig.cmake
[1.167s] -- Up-to-date: /home/kyle/2025-26-MATE-Topside/install/control_msg/share/control_msg/cmake/export_control_msg__rosidl_generator_pyExport.cmake
[1.167s] -- Up-to-date: /home/kyle/2025-26-MATE-Topside/install/control_msg/share/control_msg/cmake/export_control_msg__rosidl_generator_pyExport-noconfig.cmake
[1.167s] -- Up-to-date: /home/kyle/2025-26-MATE-Topside/install/control_msg/share/control_msg/cmake/rosidl_cmake-extras.cmake
[1.168s] -- Up-to-date: /home/kyle/2025-26-MATE-Topside/install/control_msg/share/control_msg/cmake/ament_cmake_export_include_directories-extras.cmake
[1.168s] -- Up-to-date: /home/kyle/2025-26-MATE-Topside/install/control_msg/share/control_msg/cmake/ament_cmake_export_libraries-extras.cmake
[1.168s] -- Up-to-date: /home/kyle/2025-26-MATE-Topside/install/control_msg/share/control_msg/cmake/ament_cmake_export_targets-extras.cmake
[1.168s] -- Up-to-date: /home/kyle/2025-26-MATE-Topside/install/control_msg/share/control_msg/cmake/rosidl_cmake_export_typesupport_targets-extras.cmake
[1.168s] -- Up-to-date: /home/kyle/2025-26-MATE-Topside/install/control_msg/share/control_msg/cmake/ament_cmake_export_dependencies-extras.cmake
[1.168s] -- Up-to-date: /home/kyle/2025-26-MATE-Topside/install/control_msg/share/control_msg/cmake/rosidl_cmake_export_typesupport_libraries-extras.cmake
[1.168s] -- Up-to-date: /home/kyle/2025-26-MATE-Topside/install/control_msg/share/control_msg/cmake/control_msgConfig.cmake
[1.168s] -- Up-to-date: /home/kyle/2025-26-MATE-Topside/install/control_msg/share/control_msg/cmake/control_msgConfig-version.cmake
[1.168s] -- Installing: /home/kyle/2025-26-MATE-Topside/install/control_msg/share/control_msg/package.xml
[1.169s] Invoked command in '/home/kyle/2025-26-MATE-Topside/build/control_msg' returned '0': CMAKE_PREFIX_PATH=${CMAKE_PREFIX_PATH}:/home/kyle/2025-26-MATE-Topside/install/controls:/opt/ros/jazzy /usr/bin/cmake --install /home/kyle/2025-26-MATE-Topside/build/control_msg
