[0.780s] Invoking command in '/home/kyle/2025-26-MATE-Topside/controls': PYTHONPATH=/home/kyle/2025-26-MATE-Topside/build/controls/prefix_override:/usr/lib/python3/dist-packages/colcon_core/task/python/colcon_distutils_commands:/home/kyle/2025-26-MATE-Topside/install/controls/lib/python3.12/site-packages:/home/kyle/2025-26-MATE-Topside/install/control_msg/lib/python3.12/site-packages:/home/kyle/2025-26-MATE-Topside/install/controls/lib/python3.12/site-packages:/opt/ros/jazzy/lib/python3.12/site-packages /usr/bin/python3 -W ignore:setup.py install is deprecated -W ignore:easy_install command is deprecated setup.py egg_info --egg-base ../build/controls build --build-base /home/kyle/2025-26-MATE-Topside/build/controls/build install --record /home/kyle/2025-26-MATE-Topside/build/controls/install.log --single-version-externally-managed install_data
[0.969s] running egg_info
[0.991s] writing ../build/controls/controls.egg-info/PKG-INFO
[0.991s] writing dependency_links to ../build/controls/controls.egg-info/dependency_links.txt
[0.991s] writing entry points to ../build/controls/controls.egg-info/entry_points.txt
[0.991s] writing requirements to ../build/controls/controls.egg-info/requires.txt
[0.991s] writing top-level names to ../build/controls/controls.egg-info/top_level.txt
[1.010s] reading manifest file '../build/controls/controls.egg-info/SOURCES.txt'
[1.010s] writing manifest file '../build/controls/controls.egg-info/SOURCES.txt'
[1.010s] running build
[1.010s] running build_py
[1.011s] copying controls/controls.py -> /home/kyle/2025-26-MATE-Topside/build/controls/build/lib/controls
[1.011s] running install
[1.014s] running install_lib
[1.025s] copying /home/kyle/2025-26-MATE-Topside/build/controls/build/lib/controls/controls.py -> /home/kyle/2025-26-MATE-Topside/install/controls/lib/python3.12/site-packages/controls
[1.026s] byte-compiling /home/kyle/2025-26-MATE-Topside/install/controls/lib/python3.12/site-packages/controls/controls.py to controls.cpython-312.pyc
[1.026s] running install_data
[1.027s] running install_egg_info
[1.040s] removing '/home/kyle/2025-26-MATE-Topside/install/controls/lib/python3.12/site-packages/controls-0.0.0-py3.12.egg-info' (and everything under it)
[1.041s] Copying ../build/controls/controls.egg-info to /home/kyle/2025-26-MATE-Topside/install/controls/lib/python3.12/site-packages/controls-0.0.0-py3.12.egg-info
[1.041s] running install_scripts
[1.117s] Installing controls script to /home/kyle/2025-26-MATE-Topside/install/controls/lib/controls
[1.118s] writing list of installed files to '/home/kyle/2025-26-MATE-Topside/build/controls/install.log'
[1.141s] Invoked command in '/home/kyle/2025-26-MATE-Topside/controls' returned '0': PYTHONPATH=/home/kyle/2025-26-MATE-Topside/build/controls/prefix_override:/usr/lib/python3/dist-packages/colcon_core/task/python/colcon_distutils_commands:/home/kyle/2025-26-MATE-Topside/install/controls/lib/python3.12/site-packages:/home/kyle/2025-26-MATE-Topside/install/control_msg/lib/python3.12/site-packages:/home/kyle/2025-26-MATE-Topside/install/controls/lib/python3.12/site-packages:/opt/ros/jazzy/lib/python3.12/site-packages /usr/bin/python3 -W ignore:setup.py install is deprecated -W ignore:easy_install command is deprecated setup.py egg_info --egg-base ../build/controls build --build-base /home/kyle/2025-26-MATE-Topside/build/controls/build install --record /home/kyle/2025-26-MATE-Topside/build/controls/install.log --single-version-externally-managed install_data
