[0.032s] Invoking command in '/home/kyle/2025-26-MATE-Topside/build/control_msg': CMAKE_PREFIX_PATH=${CMAKE_PREFIX_PATH}:/opt/ros/jazzy /usr/bin/cmake /home/kyle/2025-26-MATE-Topside/control_msg -DCMAKE_INSTALL_PREFIX=/home/kyle/2025-26-MATE-Topside/install/control_msg
[0.422s] -- The C compiler identification is GNU 13.3.0
[0.746s] -- The CXX compiler identification is GNU 13.3.0
[1.060s] -- Detecting C compiler ABI info
[1.257s] -- Detecting C compiler ABI info - done
[1.263s] -- Check for working C compiler: /usr/bin/cc - skipped
[1.263s] -- Detecting C compile features
[1.263s] -- Detecting C compile features - done
[1.339s] -- Detecting CXX compiler ABI info
[1.601s] -- Detecting CXX compiler ABI info - done
[1.602s] -- Check for working CXX compiler: /usr/bin/c++ - skipped
[1.603s] -- Detecting CXX compile features
[1.603s] -- Detecting CXX compile features - done
[1.622s] -- Found ament_cmake: 2.5.4 (/opt/ros/jazzy/share/ament_cmake/cmake)
[1.783s] -- Found Python3: /usr/bin/python3 (found version "3.12.3") found components: Interpreter 
[1.921s] -- Found rosidl_default_generators: 1.6.0 (/opt/ros/jazzy/share/rosidl_default_generators/cmake)
[1.931s] -- Using all available rosidl_typesupport_c: rosidl_typesupport_fastrtps_c;rosidl_typesupport_introspection_c
[2.193s] -- Using all available rosidl_typesupport_cpp: rosidl_typesupport_fastrtps_cpp;rosidl_typesupport_introspection_cpp
[2.272s] -- Found rosidl_adapter: 4.6.6 (/opt/ros/jazzy/share/rosidl_adapter/cmake)
[2.618s] [31mCMake Error at /opt/ros/jazzy/share/rosidl_adapter/cmake/rosidl_adapt_interfaces.cmake:57 (message):
[2.618s]   execute_process(/usr/bin/python3 -m rosidl_adapter --package-name
[2.618s]   control_msg --arguments-file
[2.618s]   /home/kyle/2025-26-MATE-Topside/build/control_msg/rosidl_adapter__arguments__control_msg.json
[2.618s]   --output-dir
[2.618s]   /home/kyle/2025-26-MATE-Topside/build/control_msg/rosidl_adapter/control_msg
[2.618s]   --output-file
[2.618s]   /home/kyle/2025-26-MATE-Topside/build/control_msg/rosidl_adapter/control_msg.idls)
[2.618s]   returned error code 1:
[2.618s] 
[2.619s]   Error processing 'bool A' of 'control_msg/ControllerInput': ''A' is an
[2.619s]   invalid field name.  It should have the pattern
[2.619s]   '^(?!.*__)(?!.*_$)[a-z][a-z0-9_]*$''
[2.619s] 
[2.619s]   Traceback (most recent call last):
[2.619s] 
[2.619s]     File "<frozen runpy>", line 198, in _run_module_as_main
[2.619s]     File "<frozen runpy>", line 88, in _run_code
[2.619s]     File "/opt/ros/jazzy/lib/python3.12/site-packages/rosidl_adapter/__main__.py", line 19, in <module>
[2.619s]       sys.exit(main())
[2.619s]                ^^^^^^
[2.619s]     File "/opt/ros/jazzy/lib/python3.12/site-packages/rosidl_adapter/main.py", line 53, in main
[2.619s]       abs_idl_file = convert_to_idl(
[2.619s]                      ^^^^^^^^^^^^^^^
[2.619s]     File "/opt/ros/jazzy/lib/python3.12/site-packages/rosidl_adapter/__init__.py", line 19, in convert_to_idl
[2.619s]       return convert_msg_to_idl(
[2.619s]              ^^^^^^^^^^^^^^^^^^^
[2.619s]     File "/opt/ros/jazzy/lib/python3.12/site-packages/rosidl_adapter/msg/__init__.py", line 28, in convert_msg_to_idl
[2.619s]       msg = parse_message_string(package_name, input_file.stem, content)
[2.619s]             ^^^^^^^^^^^^^^^^^^^^^^^^^^^^^^^^^^^^^^^^^^^^^^^^^^^^^^^^^^^^
[2.619s]     File "/opt/ros/jazzy/lib/python3.12/site-packages/rosidl_adapter/parser.py", line 520, in parse_message_string
[2.619s]       fields.append(Field(
[2.619s]                     ^^^^^^
[2.619s]     File "/opt/ros/jazzy/lib/python3.12/site-packages/rosidl_adapter/parser.py", line 355, in __init__
[2.619s]       raise NameError(
[2.619s] 
[2.619s]   NameError: 'A' is an invalid field name.  It should have the pattern
[2.619s]   '^(?!.*__)(?!.*_$)[a-z][a-z0-9_]*$'
[2.619s] 
[2.619s] Call Stack (most recent call first):
[2.619s]   /opt/ros/jazzy/share/rosidl_cmake/cmake/rosidl_generate_interfaces.cmake:132 (rosidl_adapt_interfaces)
[2.619s]   CMakeLists.txt:13 (rosidl_generate_interfaces)
[2.620s] 
[2.620s] [0m
[2.620s] -- Configuring incomplete, errors occurred!
[2.625s] Invoked command in '/home/kyle/2025-26-MATE-Topside/build/control_msg' returned '1': CMAKE_PREFIX_PATH=${CMAKE_PREFIX_PATH}:/opt/ros/jazzy /usr/bin/cmake /home/kyle/2025-26-MATE-Topside/control_msg -DCMAKE_INSTALL_PREFIX=/home/kyle/2025-26-MATE-Topside/install/control_msg
