[  2%] Built target control_msg__rosidl_generator_type_description
[  2%] Built target ament_cmake_python_copy_control_msg
[ 17%] Built target control_msg__rosidl_generator_c
[ 20%] Built target control_msg__cpp
[ 29%] Built target control_msg__rosidl_typesupport_c
[ 41%] Built target control_msg__rosidl_typesupport_introspection_c
[ 47%] Built target control_msg__rosidl_typesupport_fastrtps_c
[ 55%] Built target control_msg__rosidl_typesupport_cpp
[ 64%] Built target control_msg__rosidl_typesupport_introspection_cpp
[ 73%] Built target control_msg__rosidl_typesupport_fastrtps_cpp
[ 73%] Built target control_msg
[ 76%] Built target control_msg__py
[ 82%] Built target control_msg__rosidl_generator_py
[ 88%] Built target control_msg_s__rosidl_typesupport_introspection_c
[ 94%] Built target control_msg_s__rosidl_typesupport_fastrtps_c
[100%] Built target control_msg_s__rosidl_typesupport_c
running egg_info
writing control_msg.egg-info/PKG-INFO
writing dependency_links to control_msg.egg-info/dependency_links.txt
writing top-level names to control_msg.egg-info/top_level.txt
reading manifest file 'control_msg.egg-info/SOURCES.txt'
writing manifest file 'control_msg.egg-info/SOURCES.txt'
[100%] Built target ament_cmake_python_build_control_msg_egg
-- Install configuration: ""
-- Up-to-date: /home/kyle/2025-26-MATE-Topside/install/control_msg/share/ament_index/resource_index/rosidl_interfaces/control_msg
-- Up-to-date: /home/kyle/2025-26-MATE-Topside/install/control_msg/share/control_msg/msg/ControllerInput.json
-- Up-to-date: /home/kyle/2025-26-MATE-Topside/install/control_msg/include/control_msg/control_msg
-- Up-to-date: /home/kyle/2025-26-MATE-Topside/install/control_msg/include/control_msg/control_msg/msg
-- Up-to-date: /home/kyle/2025-26-MATE-Topside/install/control_msg/include/control_msg/control_msg/msg/controller_input.h
-- Up-to-date: /home/kyle/2025-26-MATE-Topside/install/control_msg/include/control_msg/control_msg/msg/rosidl_generator_c__visibility_control.h
-- Up-to-date: /home/kyle/2025-26-MATE-Topside/install/control_msg/include/control_msg/control_msg/msg/detail
-- Up-to-date: /home/kyle/2025-26-MATE-Topside/install/control_msg/include/control_msg/control_msg/msg/detail/controller_input__struct.h
-- Up-to-date: /home/kyle/2025-26-MATE-Topside/install/control_msg/include/control_msg/control_msg/msg/detail/controller_input__functions.h
-- Up-to-date: /home/kyle/2025-26-MATE-Topside/install/control_msg/include/control_msg/control_msg/msg/detail/controller_input__type_support.h
-- Up-to-date: /home/kyle/2025-26-MATE-Topside/install/control_msg/include/control_msg/control_msg/msg/detail/controller_input__functions.c
-- Up-to-date: /home/kyle/2025-26-MATE-Topside/install/control_msg/include/control_msg/control_msg/msg/detail/controller_input__description.c
-- Up-to-date: /home/kyle/2025-26-MATE-Topside/install/control_msg/include/control_msg/control_msg/msg/detail/controller_input__type_support.c
-- Up-to-date: /home/kyle/2025-26-MATE-Topside/install/control_msg/share/control_msg/environment/library_path.sh
-- Up-to-date: /home/kyle/2025-26-MATE-Topside/install/control_msg/share/control_msg/environment/library_path.dsv
-- Up-to-date: /home/kyle/2025-26-MATE-Topside/install/control_msg/lib/libcontrol_msg__rosidl_generator_c.so
-- Up-to-date: /home/kyle/2025-26-MATE-Topside/install/control_msg/include/control_msg/control_msg
-- Up-to-date: /home/kyle/2025-26-MATE-Topside/install/control_msg/include/control_msg/control_msg/msg
-- Up-to-date: /home/kyle/2025-26-MATE-Topside/install/control_msg/include/control_msg/control_msg/msg/detail
-- Up-to-date: /home/kyle/2025-26-MATE-Topside/install/control_msg/include/control_msg/control_msg/msg/detail/controller_input__rosidl_typesupport_fastrtps_c.h
-- Up-to-date: /home/kyle/2025-26-MATE-Topside/install/control_msg/include/control_msg/control_msg/msg/rosidl_typesupport_fastrtps_c__visibility_control.h
-- Up-to-date: /home/kyle/2025-26-MATE-Topside/install/control_msg/lib/libcontrol_msg__rosidl_typesupport_fastrtps_c.so
-- Up-to-date: /home/kyle/2025-26-MATE-Topside/install/control_msg/include/control_msg/control_msg
-- Up-to-date: /home/kyle/2025-26-MATE-Topside/install/control_msg/include/control_msg/control_msg/msg
-- Up-to-date: /home/kyle/2025-26-MATE-Topside/install/control_msg/include/control_msg/control_msg/msg/detail
-- Up-to-date: /home/kyle/2025-26-MATE-Topside/install/control_msg/include/control_msg/control_msg/msg/detail/controller_input__rosidl_typesupport_introspection_c.h
-- Up-to-date: /home/kyle/2025-26-MATE-Topside/install/control_msg/include/control_msg/control_msg/msg/detail/controller_input__type_support.c
-- Up-to-date: /home/kyle/2025-26-MATE-Topside/install/control_msg/include/control_msg/control_msg/msg/rosidl_typesupport_introspection_c__visibility_control.h
-- Up-to-date: /home/kyle/2025-26-MATE-Topside/install/control_msg/lib/libcontrol_msg__rosidl_typesupport_introspection_c.so
-- Up-to-date: /home/kyle/2025-26-MATE-Topside/install/control_msg/lib/libcontrol_msg__rosidl_typesupport_c.so
-- Up-to-date: /home/kyle/2025-26-MATE-Topside/install/control_msg/include/control_msg/control_msg
-- Up-to-date: /home/kyle/2025-26-MATE-Topside/install/control_msg/include/control_msg/control_msg/msg
-- Up-to-date: /home/kyle/2025-26-MATE-Topside/install/control_msg/include/control_msg/control_msg/msg/detail
-- Up-to-date: /home/kyle/2025-26-MATE-Topside/install/control_msg/include/control_msg/control_msg/msg/detail/controller_input__builder.hpp
-- Up-to-date: /home/kyle/2025-26-MATE-Topside/install/control_msg/include/control_msg/control_msg/msg/detail/controller_input__traits.hpp
-- Up-to-date: /home/kyle/2025-26-MATE-Topside/install/control_msg/include/control_msg/control_msg/msg/detail/controller_input__type_support.hpp
-- Up-to-date: /home/kyle/2025-26-MATE-Topside/install/control_msg/include/control_msg/control_msg/msg/detail/controller_input__struct.hpp
-- Up-to-date: /home/kyle/2025-26-MATE-Topside/install/control_msg/include/control_msg/control_msg/msg/controller_input.hpp
-- Up-to-date: /home/kyle/2025-26-MATE-Topside/install/control_msg/include/control_msg/control_msg/msg/rosidl_generator_cpp__visibility_control.hpp
-- Up-to-date: /home/kyle/2025-26-MATE-Topside/install/control_msg/include/control_msg/control_msg
-- Up-to-date: /home/kyle/2025-26-MATE-Topside/install/control_msg/include/control_msg/control_msg/msg
-- Up-to-date: /home/kyle/2025-26-MATE-Topside/install/control_msg/include/control_msg/control_msg/msg/detail
-- Up-to-date: /home/kyle/2025-26-MATE-Topside/install/control_msg/include/control_msg/control_msg/msg/detail/controller_input__rosidl_typesupport_fastrtps_cpp.hpp
-- Up-to-date: /home/kyle/2025-26-MATE-Topside/install/control_msg/include/control_msg/control_msg/msg/detail/dds_fastrtps
-- Up-to-date: /home/kyle/2025-26-MATE-Topside/install/control_msg/include/control_msg/control_msg/msg/rosidl_typesupport_fastrtps_cpp__visibility_control.h
-- Up-to-date: /home/kyle/2025-26-MATE-Topside/install/control_msg/lib/libcontrol_msg__rosidl_typesupport_fastrtps_cpp.so
-- Up-to-date: /home/kyle/2025-26-MATE-Topside/install/control_msg/include/control_msg/control_msg
-- Up-to-date: /home/kyle/2025-26-MATE-Topside/install/control_msg/include/control_msg/control_msg/msg
-- Up-to-date: /home/kyle/2025-26-MATE-Topside/install/control_msg/include/control_msg/control_msg/msg/detail
-- Up-to-date: /home/kyle/2025-26-MATE-Topside/install/control_msg/include/control_msg/control_msg/msg/detail/controller_input__type_support.cpp
-- Up-to-date: /home/kyle/2025-26-MATE-Topside/install/control_msg/include/control_msg/control_msg/msg/detail/controller_input__rosidl_typesupport_introspection_cpp.hpp
-- Up-to-date: /home/kyle/2025-26-MATE-Topside/install/control_msg/lib/libcontrol_msg__rosidl_typesupport_introspection_cpp.so
-- Up-to-date: /home/kyle/2025-26-MATE-Topside/install/control_msg/lib/libcontrol_msg__rosidl_typesupport_cpp.so
-- Up-to-date: /home/kyle/2025-26-MATE-Topside/install/control_msg/share/control_msg/environment/pythonpath.sh
-- Up-to-date: /home/kyle/2025-26-MATE-Topside/install/control_msg/share/control_msg/environment/pythonpath.dsv
-- Up-to-date: /home/kyle/2025-26-MATE-Topside/install/control_msg/lib/python3.12/site-packages/control_msg-0.0.0-py3.12.egg-info
-- Installing: /home/kyle/2025-26-MATE-Topside/install/control_msg/lib/python3.12/site-packages/control_msg-0.0.0-py3.12.egg-info/PKG-INFO
-- Installing: /home/kyle/2025-26-MATE-Topside/install/control_msg/lib/python3.12/site-packages/control_msg-0.0.0-py3.12.egg-info/top_level.txt
-- Installing: /home/kyle/2025-26-MATE-Topside/install/control_msg/lib/python3.12/site-packages/control_msg-0.0.0-py3.12.egg-info/dependency_links.txt
-- Installing: /home/kyle/2025-26-MATE-Topside/install/control_msg/lib/python3.12/site-packages/control_msg-0.0.0-py3.12.egg-info/SOURCES.txt
-- Up-to-date: /home/kyle/2025-26-MATE-Topside/install/control_msg/lib/python3.12/site-packages/control_msg
-- Up-to-date: /home/kyle/2025-26-MATE-Topside/install/control_msg/lib/python3.12/site-packages/control_msg/_control_msg_s.ep.rosidl_typesupport_introspection_c.c
-- Up-to-date: /home/kyle/2025-26-MATE-Topside/install/control_msg/lib/python3.12/site-packages/control_msg/__init__.py
-- Up-to-date: /home/kyle/2025-26-MATE-Topside/install/control_msg/lib/python3.12/site-packages/control_msg/control_msg_s__rosidl_typesupport_c.so
-- Up-to-date: /home/kyle/2025-26-MATE-Topside/install/control_msg/lib/python3.12/site-packages/control_msg/control_msg_s__rosidl_typesupport_fastrtps_c.so
-- Up-to-date: /home/kyle/2025-26-MATE-Topside/install/control_msg/lib/python3.12/site-packages/control_msg/control_msg_s__rosidl_typesupport_introspection_c.so
-- Up-to-date: /home/kyle/2025-26-MATE-Topside/install/control_msg/lib/python3.12/site-packages/control_msg/_control_msg_s.ep.rosidl_typesupport_fastrtps_c.c
-- Up-to-date: /home/kyle/2025-26-MATE-Topside/install/control_msg/lib/python3.12/site-packages/control_msg/msg
-- Up-to-date: /home/kyle/2025-26-MATE-Topside/install/control_msg/lib/python3.12/site-packages/control_msg/msg/__init__.py
-- Up-to-date: /home/kyle/2025-26-MATE-Topside/install/control_msg/lib/python3.12/site-packages/control_msg/msg/_controller_input.py
-- Up-to-date: /home/kyle/2025-26-MATE-Topside/install/control_msg/lib/python3.12/site-packages/control_msg/msg/_controller_input_s.c
-- Up-to-date: /home/kyle/2025-26-MATE-Topside/install/control_msg/lib/python3.12/site-packages/control_msg/_control_msg_s.ep.rosidl_typesupport_c.c
Listing '/home/kyle/2025-26-MATE-Topside/install/control_msg/lib/python3.12/site-packages/control_msg'...
Listing '/home/kyle/2025-26-MATE-Topside/install/control_msg/lib/python3.12/site-packages/control_msg/msg'...
-- Up-to-date: /home/kyle/2025-26-MATE-Topside/install/control_msg/lib/python3.12/site-packages/control_msg/control_msg_s__rosidl_typesupport_fastrtps_c.so
-- Up-to-date: /home/kyle/2025-26-MATE-Topside/install/control_msg/lib/python3.12/site-packages/control_msg/control_msg_s__rosidl_typesupport_introspection_c.so
-- Up-to-date: /home/kyle/2025-26-MATE-Topside/install/control_msg/lib/python3.12/site-packages/control_msg/control_msg_s__rosidl_typesupport_c.so
-- Up-to-date: /home/kyle/2025-26-MATE-Topside/install/control_msg/lib/libcontrol_msg__rosidl_generator_py.so
-- Up-to-date: /home/kyle/2025-26-MATE-Topside/install/control_msg/share/control_msg/msg/ControllerInput.idl
-- Up-to-date: /home/kyle/2025-26-MATE-Topside/install/control_msg/share/control_msg/msg/ControllerInput.msg
-- Up-to-date: /home/kyle/2025-26-MATE-Topside/install/control_msg/share/ament_index/resource_index/package_run_dependencies/control_msg
-- Up-to-date: /home/kyle/2025-26-MATE-Topside/install/control_msg/share/ament_index/resource_index/parent_prefix_path/control_msg
-- Up-to-date: /home/kyle/2025-26-MATE-Topside/install/control_msg/share/control_msg/environment/ament_prefix_path.sh
-- Up-to-date: /home/kyle/2025-26-MATE-Topside/install/control_msg/share/control_msg/environment/ament_prefix_path.dsv
-- Up-to-date: /home/kyle/2025-26-MATE-Topside/install/control_msg/share/control_msg/environment/path.sh
-- Up-to-date: /home/kyle/2025-26-MATE-Topside/install/control_msg/share/control_msg/environment/path.dsv
-- Up-to-date: /home/kyle/2025-26-MATE-Topside/install/control_msg/share/control_msg/local_setup.bash
-- Up-to-date: /home/kyle/2025-26-MATE-Topside/install/control_msg/share/control_msg/local_setup.sh
-- Up-to-date: /home/kyle/2025-26-MATE-Topside/install/control_msg/share/control_msg/local_setup.zsh
-- Up-to-date: /home/kyle/2025-26-MATE-Topside/install/control_msg/share/control_msg/local_setup.dsv
-- Installing: /home/kyle/2025-26-MATE-Topside/install/control_msg/share/control_msg/package.dsv
-- Up-to-date: /home/kyle/2025-26-MATE-Topside/install/control_msg/share/ament_index/resource_index/packages/control_msg
-- Up-to-date: /home/kyle/2025-26-MATE-Topside/install/control_msg/share/control_msg/cmake/export_control_msg__rosidl_generator_cExport.cmake
-- Up-to-date: /home/kyle/2025-26-MATE-Topside/install/control_msg/share/control_msg/cmake/export_control_msg__rosidl_generator_cExport-noconfig.cmake
-- Up-to-date: /home/kyle/2025-26-MATE-Topside/install/control_msg/share/control_msg/cmake/export_control_msg__rosidl_typesupport_fastrtps_cExport.cmake
-- Up-to-date: /home/kyle/2025-26-MATE-Topside/install/control_msg/share/control_msg/cmake/export_control_msg__rosidl_typesupport_fastrtps_cExport-noconfig.cmake
-- Up-to-date: /home/kyle/2025-26-MATE-Topside/install/control_msg/share/control_msg/cmake/control_msg__rosidl_typesupport_introspection_cExport.cmake
-- Up-to-date: /home/kyle/2025-26-MATE-Topside/install/control_msg/share/control_msg/cmake/control_msg__rosidl_typesupport_introspection_cExport-noconfig.cmake
-- Up-to-date: /home/kyle/2025-26-MATE-Topside/install/control_msg/share/control_msg/cmake/control_msg__rosidl_typesupport_cExport.cmake
-- Up-to-date: /home/kyle/2025-26-MATE-Topside/install/control_msg/share/control_msg/cmake/control_msg__rosidl_typesupport_cExport-noconfig.cmake
-- Up-to-date: /home/kyle/2025-26-MATE-Topside/install/control_msg/share/control_msg/cmake/export_control_msg__rosidl_generator_cppExport.cmake
-- Up-to-date: /home/kyle/2025-26-MATE-Topside/install/control_msg/share/control_msg/cmake/export_control_msg__rosidl_typesupport_fastrtps_cppExport.cmake
-- Up-to-date: /home/kyle/2025-26-MATE-Topside/install/control_msg/share/control_msg/cmake/export_control_msg__rosidl_typesupport_fastrtps_cppExport-noconfig.cmake
-- Up-to-date: /home/kyle/2025-26-MATE-Topside/install/control_msg/share/control_msg/cmake/control_msg__rosidl_typesupport_introspection_cppExport.cmake
-- Up-to-date: /home/kyle/2025-26-MATE-Topside/install/control_msg/share/control_msg/cmake/control_msg__rosidl_typesupport_introspection_cppExport-noconfig.cmake
-- Up-to-date: /home/kyle/2025-26-MATE-Topside/install/control_msg/share/control_msg/cmake/control_msg__rosidl_typesupport_cppExport.cmake
-- Up-to-date: /home/kyle/2025-26-MATE-Topside/install/control_msg/share/control_msg/cmake/control_msg__rosidl_typesupport_cppExport-noconfig.cmake
-- Up-to-date: /home/kyle/2025-26-MATE-Topside/install/control_msg/share/control_msg/cmake/export_control_msg__rosidl_generator_pyExport.cmake
-- Up-to-date: /home/kyle/2025-26-MATE-Topside/install/control_msg/share/control_msg/cmake/export_control_msg__rosidl_generator_pyExport-noconfig.cmake
-- Up-to-date: /home/kyle/2025-26-MATE-Topside/install/control_msg/share/control_msg/cmake/rosidl_cmake-extras.cmake
-- Up-to-date: /home/kyle/2025-26-MATE-Topside/install/control_msg/share/control_msg/cmake/ament_cmake_export_include_directories-extras.cmake
-- Up-to-date: /home/kyle/2025-26-MATE-Topside/install/control_msg/share/control_msg/cmake/ament_cmake_export_libraries-extras.cmake
-- Up-to-date: /home/kyle/2025-26-MATE-Topside/install/control_msg/share/control_msg/cmake/ament_cmake_export_targets-extras.cmake
-- Up-to-date: /home/kyle/2025-26-MATE-Topside/install/control_msg/share/control_msg/cmake/rosidl_cmake_export_typesupport_targets-extras.cmake
-- Up-to-date: /home/kyle/2025-26-MATE-Topside/install/control_msg/share/control_msg/cmake/ament_cmake_export_dependencies-extras.cmake
-- Up-to-date: /home/kyle/2025-26-MATE-Topside/install/control_msg/share/control_msg/cmake/rosidl_cmake_export_typesupport_libraries-extras.cmake
-- Up-to-date: /home/kyle/2025-26-MATE-Topside/install/control_msg/share/control_msg/cmake/control_msgConfig.cmake
-- Up-to-date: /home/kyle/2025-26-MATE-Topside/install/control_msg/share/control_msg/cmake/control_msgConfig-version.cmake
-- Up-to-date: /home/kyle/2025-26-MATE-Topside/install/control_msg/share/control_msg/package.xml
