running egg_info
writing ../build/controls/controls.egg-info/PKG-INFO
writing dependency_links to ../build/controls/controls.egg-info/dependency_links.txt
writing entry points to ../build/controls/controls.egg-info/entry_points.txt
writing requirements to ../build/controls/controls.egg-info/requires.txt
writing top-level names to ../build/controls/controls.egg-info/top_level.txt
reading manifest file '../build/controls/controls.egg-info/SOURCES.txt'
writing manifest file '../build/controls/controls.egg-info/SOURCES.txt'
running build
running build_py
copying controls/controls.py -> /home/kyle/2025-26-MATE-Topside/build/controls/build/lib/controls
running install
running install_lib
copying /home/kyle/2025-26-MATE-Topside/build/controls/build/lib/controls/controls.py -> /home/kyle/2025-26-MATE-Topside/install/controls/lib/python3.12/site-packages/controls
byte-compiling /home/kyle/2025-26-MATE-Topside/install/controls/lib/python3.12/site-packages/controls/controls.py to controls.cpython-312.pyc
running install_data
running install_egg_info
removing '/home/kyle/2025-26-MATE-Topside/install/controls/lib/python3.12/site-packages/controls-0.0.0-py3.12.egg-info' (and everything under it)
Copying ../build/controls/controls.egg-info to /home/kyle/2025-26-MATE-Topside/install/controls/lib/python3.12/site-packages/controls-0.0.0-py3.12.egg-info
running install_scripts
Installing controls script to /home/kyle/2025-26-MATE-Topside/install/controls/lib/controls
writing list of installed files to '/home/kyle/2025-26-MATE-Topside/build/controls/install.log'
