[0.700s] Invoking command in '/home/kyle/2025-26-MATE-Topside/controls': PYTHONPATH=/home/kyle/2025-26-MATE-Topside/build/controls/prefix_override:/usr/lib/python3/dist-packages/colcon_core/task/python/colcon_distutils_commands:/home/kyle/2025-26-MATE-Topside/install/controls/lib/python3.12/site-packages:/home/kyle/2025-26-MATE-Topside/install/control_msg/lib/python3.12/site-packages:/home/kyle/2025-26-MATE-Topside/install/controls/lib/python3.12/site-packages:/opt/ros/jazzy/lib/python3.12/site-packages /usr/bin/python3 -W ignore:setup.py install is deprecated -W ignore:easy_install command is deprecated setup.py egg_info --egg-base ../build/controls build --build-base /home/kyle/2025-26-MATE-Topside/build/controls/build install --record /home/kyle/2025-26-MATE-Topside/build/controls/install.log --single-version-externally-managed install_data
[0.957s] running egg_info
[0.979s] writing ../build/controls/controls.egg-info/PKG-INFO
[0.979s] writing dependency_links to ../build/controls/controls.egg-info/dependency_links.txt
[0.979s] writing entry points to ../build/controls/controls.egg-info/entry_points.txt
[0.979s] writing requirements to ../build/controls/controls.egg-info/requires.txt
[0.980s] writing top-level names to ../build/controls/controls.egg-info/top_level.txt
[1.004s] reading manifest file '../build/controls/controls.egg-info/SOURCES.txt'
[1.005s] writing manifest file '../build/controls/controls.egg-info/SOURCES.txt'
[1.005s] running build
[1.006s] running build_py
[1.006s] copying controls/controls.py -> /home/kyle/2025-26-MATE-Topside/build/controls/build/lib/controls
[1.006s] running install
[1.009s] running install_lib
[1.021s] copying /home/kyle/2025-26-MATE-Topside/build/controls/build/lib/controls/controls.py -> /home/kyle/2025-26-MATE-Topside/install/controls/lib/python3.12/site-packages/controls
[1.022s] byte-compiling /home/kyle/2025-26-MATE-Topside/install/controls/lib/python3.12/site-packages/controls/controls.py to controls.cpython-312.pyc
[1.024s] running install_data
[1.025s] running install_egg_info
[1.038s] removing '/home/kyle/2025-26-MATE-Topside/install/controls/lib/python3.12/site-packages/controls-0.0.0-py3.12.egg-info' (and everything under it)
[1.038s] Copying ../build/controls/controls.egg-info to /home/kyle/2025-26-MATE-Topside/install/controls/lib/python3.12/site-packages/controls-0.0.0-py3.12.egg-info
[1.039s] running install_scripts
[1.142s] Installing controls script to /home/kyle/2025-26-MATE-Topside/install/controls/lib/controls
[1.142s] writing list of installed files to '/home/kyle/2025-26-MATE-Topside/build/controls/install.log'
[1.164s] Invoked command in '/home/kyle/2025-26-MATE-Topside/controls' returned '0': PYTHONPATH=/home/kyle/2025-26-MATE-Topside/build/controls/prefix_override:/usr/lib/python3/dist-packages/colcon_core/task/python/colcon_distutils_commands:/home/kyle/2025-26-MATE-Topside/install/controls/lib/python3.12/site-packages:/home/kyle/2025-26-MATE-Topside/install/control_msg/lib/python3.12/site-packages:/home/kyle/2025-26-MATE-Topside/install/controls/lib/python3.12/site-packages:/opt/ros/jazzy/lib/python3.12/site-packages /usr/bin/python3 -W ignore:setup.py install is deprecated -W ignore:easy_install command is deprecated setup.py egg_info --egg-base ../build/controls build --build-base /home/kyle/2025-26-MATE-Topside/build/controls/build install --record /home/kyle/2025-26-MATE-Topside/build/controls/install.log --single-version-externally-managed install_data
