[0.128s] DEBUG:colcon:Command line arguments: ['/usr/bin/colcon', 'build']
[0.128s] DEBUG:colcon:Parsed command line arguments: Namespace(log_base=None, log_level=None, verb_name='build', build_base='build', install_base='install', merge_install=False, symlink_install=False, test_result_base=None, continue_on_error=False, executor='parallel', parallel_workers=8, event_handlers=None, ignore_user_meta=False, metas=['./colcon.meta'], base_paths=['.'], packages_ignore=None, packages_ignore_regex=None, paths=None, packages_up_to=None, packages_up_to_regex=None, packages_above=None, packages_above_and_dependencies=None, packages_above_depth=None, packages_select_by_dep=None, packages_skip_by_dep=None, packages_skip_up_to=None, packages_select_build_failed=False, packages_skip_build_finished=False, packages_select_test_failures=False, packages_skip_test_passed=False, packages_select=None, packages_skip=None, packages_select_regex=None, packages_skip_regex=None, packages_start=None, packages_end=None, allow_overriding=[], cmake_args=None, cmake_target=None, cmake_target_skip_unavailable=False, cmake_clean_cache=False, cmake_clean_first=False, cmake_force_configure=False, ament_cmake_args=None, catkin_cmake_args=None, catkin_skip_building_tests=False, mixin_files=None, mixin=None, verb_parser=<colcon_mixin.mixin.mixin_argument.MixinArgumentDecorator object at 0x7d72b5a76390>, verb_extension=<colcon_core.verb.build.BuildVerb object at 0x7d72b5a76090>, main=<bound method BuildVerb.main of <colcon_core.verb.build.BuildVerb object at 0x7d72b5a76090>>, mixin_verb=('build',))
[0.155s] Level 1:colcon.colcon_core.package_discovery:discover_packages(colcon_meta) check parameters
[0.155s] Level 1:colcon.colcon_core.package_discovery:discover_packages(recursive) check parameters
[0.155s] Level 1:colcon.colcon_core.package_discovery:discover_packages(ignore) check parameters
[0.155s] Level 1:colcon.colcon_core.package_discovery:discover_packages(path) check parameters
[0.155s] Level 1:colcon.colcon_core.package_discovery:discover_packages(colcon_meta) discover
[0.155s] Level 1:colcon.colcon_core.package_discovery:discover_packages(recursive) discover
[0.156s] INFO:colcon.colcon_core.package_discovery:Crawling recursively for packages in '/home/kyle/2025-26-MATE-Topside'
[0.156s] Level 1:colcon.colcon_core.package_identification:_identify(.) by extensions ['ignore', 'ignore_ament_install']
[0.156s] Level 1:colcon.colcon_core.package_identification:_identify(.) by extension 'ignore'
[0.156s] Level 1:colcon.colcon_core.package_identification:_identify(.) by extension 'ignore_ament_install'
[0.156s] Level 1:colcon.colcon_core.package_identification:_identify(.) by extensions ['colcon_pkg']
[0.156s] Level 1:colcon.colcon_core.package_identification:_identify(.) by extension 'colcon_pkg'
[0.156s] Level 1:colcon.colcon_core.package_identification:_identify(.) by extensions ['colcon_meta']
[0.156s] Level 1:colcon.colcon_core.package_identification:_identify(.) by extension 'colcon_meta'
[0.156s] Level 1:colcon.colcon_core.package_identification:_identify(.) by extensions ['ros']
[0.156s] Level 1:colcon.colcon_core.package_identification:_identify(.) by extension 'ros'
[0.174s] Level 1:colcon.colcon_core.package_identification:_identify(.) by extensions ['cmake', 'python']
[0.174s] Level 1:colcon.colcon_core.package_identification:_identify(.) by extension 'cmake'
[0.174s] Level 1:colcon.colcon_core.package_identification:_identify(.) by extension 'python'
[0.174s] Level 1:colcon.colcon_core.package_identification:_identify(.) by extensions ['python_setup_py']
[0.174s] Level 1:colcon.colcon_core.package_identification:_identify(.) by extension 'python_setup_py'
[0.174s] Level 1:colcon.colcon_core.package_identification:_identify(build) by extensions ['ignore', 'ignore_ament_install']
[0.174s] Level 1:colcon.colcon_core.package_identification:_identify(build) by extension 'ignore'
[0.174s] Level 1:colcon.colcon_core.package_identification:_identify(build) ignored
[0.174s] Level 1:colcon.colcon_core.package_identification:_identify(control_msg) by extensions ['ignore', 'ignore_ament_install']
[0.174s] Level 1:colcon.colcon_core.package_identification:_identify(control_msg) by extension 'ignore'
[0.174s] Level 1:colcon.colcon_core.package_identification:_identify(control_msg) by extension 'ignore_ament_install'
[0.174s] Level 1:colcon.colcon_core.package_identification:_identify(control_msg) by extensions ['colcon_pkg']
[0.174s] Level 1:colcon.colcon_core.package_identification:_identify(control_msg) by extension 'colcon_pkg'
[0.174s] Level 1:colcon.colcon_core.package_identification:_identify(control_msg) by extensions ['colcon_meta']
[0.174s] Level 1:colcon.colcon_core.package_identification:_identify(control_msg) by extension 'colcon_meta'
[0.174s] Level 1:colcon.colcon_core.package_identification:_identify(control_msg) by extensions ['ros']
[0.174s] Level 1:colcon.colcon_core.package_identification:_identify(control_msg) by extension 'ros'
[0.176s] DEBUG:colcon.colcon_core.package_identification:Package 'control_msg' with type 'ros.ament_cmake' and name 'control_msg'
[0.176s] Level 1:colcon.colcon_core.package_identification:_identify(controls) by extensions ['ignore', 'ignore_ament_install']
[0.176s] Level 1:colcon.colcon_core.package_identification:_identify(controls) by extension 'ignore'
[0.176s] Level 1:colcon.colcon_core.package_identification:_identify(controls) by extension 'ignore_ament_install'
[0.176s] Level 1:colcon.colcon_core.package_identification:_identify(controls) by extensions ['colcon_pkg']
[0.176s] Level 1:colcon.colcon_core.package_identification:_identify(controls) by extension 'colcon_pkg'
[0.176s] Level 1:colcon.colcon_core.package_identification:_identify(controls) by extensions ['colcon_meta']
[0.176s] Level 1:colcon.colcon_core.package_identification:_identify(controls) by extension 'colcon_meta'
[0.176s] Level 1:colcon.colcon_core.package_identification:_identify(controls) by extensions ['ros']
[0.176s] Level 1:colcon.colcon_core.package_identification:_identify(controls) by extension 'ros'
[0.176s] DEBUG:colcon.colcon_core.package_identification:Package 'controls' with type 'ros.ament_python' and name 'controls'
[0.177s] Level 1:colcon.colcon_core.package_identification:_identify(demo_QT) by extensions ['ignore', 'ignore_ament_install']
[0.177s] Level 1:colcon.colcon_core.package_identification:_identify(demo_QT) by extension 'ignore'
[0.177s] Level 1:colcon.colcon_core.package_identification:_identify(demo_QT) by extension 'ignore_ament_install'
[0.177s] Level 1:colcon.colcon_core.package_identification:_identify(demo_QT) by extensions ['colcon_pkg']
[0.177s] Level 1:colcon.colcon_core.package_identification:_identify(demo_QT) by extension 'colcon_pkg'
[0.177s] Level 1:colcon.colcon_core.package_identification:_identify(demo_QT) by extensions ['colcon_meta']
[0.177s] Level 1:colcon.colcon_core.package_identification:_identify(demo_QT) by extension 'colcon_meta'
[0.177s] Level 1:colcon.colcon_core.package_identification:_identify(demo_QT) by extensions ['ros']
[0.177s] Level 1:colcon.colcon_core.package_identification:_identify(demo_QT) by extension 'ros'
[0.177s] Level 1:colcon.colcon_core.package_identification:_identify(demo_QT) by extensions ['cmake', 'python']
[0.177s] Level 1:colcon.colcon_core.package_identification:_identify(demo_QT) by extension 'cmake'
[0.177s] Level 1:colcon.colcon_core.package_identification:_identify(demo_QT) by extension 'python'
[0.177s] DEBUG:colcon.colcon_core.package_identification:Package 'demo_QT' with type 'cmake' and name 'test_QT'
[0.177s] Level 1:colcon.colcon_core.package_identification:_identify(install) by extensions ['ignore', 'ignore_ament_install']
[0.177s] Level 1:colcon.colcon_core.package_identification:_identify(install) by extension 'ignore'
[0.177s] Level 1:colcon.colcon_core.package_identification:_identify(install) ignored
[0.178s] Level 1:colcon.colcon_core.package_identification:_identify(log) by extensions ['ignore', 'ignore_ament_install']
[0.178s] Level 1:colcon.colcon_core.package_identification:_identify(log) by extension 'ignore'
[0.178s] Level 1:colcon.colcon_core.package_identification:_identify(log) ignored
[0.178s] Level 1:colcon.colcon_core.package_discovery:discover_packages(recursive) using defaults
[0.178s] Level 1:colcon.colcon_core.package_discovery:discover_packages(ignore) discover
[0.178s] Level 1:colcon.colcon_core.package_discovery:discover_packages(ignore) using defaults
[0.178s] Level 1:colcon.colcon_core.package_discovery:discover_packages(path) discover
[0.178s] Level 1:colcon.colcon_core.package_discovery:discover_packages(path) using defaults
[0.190s] Level 1:colcon.colcon_core.package_discovery:discover_packages(prefix_path) check parameters
[0.190s] Level 1:colcon.colcon_core.package_discovery:discover_packages(prefix_path) discover
[0.192s] DEBUG:colcon.colcon_installed_package_information.package_discovery:Found 3 installed packages in /home/kyle/2025-26-MATE-Topside/install
[0.193s] DEBUG:colcon.colcon_installed_package_information.package_discovery:Found 323 installed packages in /opt/ros/jazzy
[0.194s] Level 1:colcon.colcon_core.package_discovery:discover_packages(prefix_path) using defaults
[0.220s] Level 5:colcon.colcon_core.verb:set package 'control_msg' build argument 'cmake_args' from command line to 'None'
[0.220s] Level 5:colcon.colcon_core.verb:set package 'control_msg' build argument 'cmake_target' from command line to 'None'
[0.220s] Level 5:colcon.colcon_core.verb:set package 'control_msg' build argument 'cmake_target_skip_unavailable' from command line to 'False'
[0.220s] Level 5:colcon.colcon_core.verb:set package 'control_msg' build argument 'cmake_clean_cache' from command line to 'False'
[0.220s] Level 5:colcon.colcon_core.verb:set package 'control_msg' build argument 'cmake_clean_first' from command line to 'False'
[0.220s] Level 5:colcon.colcon_core.verb:set package 'control_msg' build argument 'cmake_force_configure' from command line to 'False'
[0.220s] Level 5:colcon.colcon_core.verb:set package 'control_msg' build argument 'ament_cmake_args' from command line to 'None'
[0.220s] Level 5:colcon.colcon_core.verb:set package 'control_msg' build argument 'catkin_cmake_args' from command line to 'None'
[0.220s] Level 5:colcon.colcon_core.verb:set package 'control_msg' build argument 'catkin_skip_building_tests' from command line to 'False'
[0.220s] DEBUG:colcon.colcon_core.verb:Building package 'control_msg' with the following arguments: {'ament_cmake_args': None, 'build_base': '/home/kyle/2025-26-MATE-Topside/build/control_msg', 'catkin_cmake_args': None, 'catkin_skip_building_tests': False, 'cmake_args': None, 'cmake_clean_cache': False, 'cmake_clean_first': False, 'cmake_force_configure': False, 'cmake_target': None, 'cmake_target_skip_unavailable': False, 'install_base': '/home/kyle/2025-26-MATE-Topside/install/control_msg', 'merge_install': False, 'path': '/home/kyle/2025-26-MATE-Topside/control_msg', 'symlink_install': False, 'test_result_base': None}
[0.220s] Level 5:colcon.colcon_core.verb:set package 'test_QT' build argument 'cmake_args' from command line to 'None'
[0.220s] Level 5:colcon.colcon_core.verb:set package 'test_QT' build argument 'cmake_target' from command line to 'None'
[0.220s] Level 5:colcon.colcon_core.verb:set package 'test_QT' build argument 'cmake_target_skip_unavailable' from command line to 'False'
[0.220s] Level 5:colcon.colcon_core.verb:set package 'test_QT' build argument 'cmake_clean_cache' from command line to 'False'
[0.220s] Level 5:colcon.colcon_core.verb:set package 'test_QT' build argument 'cmake_clean_first' from command line to 'False'
[0.220s] Level 5:colcon.colcon_core.verb:set package 'test_QT' build argument 'cmake_force_configure' from command line to 'False'
[0.220s] Level 5:colcon.colcon_core.verb:set package 'test_QT' build argument 'ament_cmake_args' from command line to 'None'
[0.220s] Level 5:colcon.colcon_core.verb:set package 'test_QT' build argument 'catkin_cmake_args' from command line to 'None'
[0.220s] Level 5:colcon.colcon_core.verb:set package 'test_QT' build argument 'catkin_skip_building_tests' from command line to 'False'
[0.220s] DEBUG:colcon.colcon_core.verb:Building package 'test_QT' with the following arguments: {'ament_cmake_args': None, 'build_base': '/home/kyle/2025-26-MATE-Topside/build/test_QT', 'catkin_cmake_args': None, 'catkin_skip_building_tests': False, 'cmake_args': None, 'cmake_clean_cache': False, 'cmake_clean_first': False, 'cmake_force_configure': False, 'cmake_target': None, 'cmake_target_skip_unavailable': False, 'install_base': '/home/kyle/2025-26-MATE-Topside/install/test_QT', 'merge_install': False, 'path': '/home/kyle/2025-26-MATE-Topside/demo_QT', 'symlink_install': False, 'test_result_base': None}
[0.221s] Level 5:colcon.colcon_core.verb:set package 'controls' build argument 'cmake_args' from command line to 'None'
[0.221s] Level 5:colcon.colcon_core.verb:set package 'controls' build argument 'cmake_target' from command line to 'None'
[0.221s] Level 5:colcon.colcon_core.verb:set package 'controls' build argument 'cmake_target_skip_unavailable' from command line to 'False'
[0.221s] Level 5:colcon.colcon_core.verb:set package 'controls' build argument 'cmake_clean_cache' from command line to 'False'
[0.221s] Level 5:colcon.colcon_core.verb:set package 'controls' build argument 'cmake_clean_first' from command line to 'False'
[0.221s] Level 5:colcon.colcon_core.verb:set package 'controls' build argument 'cmake_force_configure' from command line to 'False'
[0.221s] Level 5:colcon.colcon_core.verb:set package 'controls' build argument 'ament_cmake_args' from command line to 'None'
[0.221s] Level 5:colcon.colcon_core.verb:set package 'controls' build argument 'catkin_cmake_args' from command line to 'None'
[0.221s] Level 5:colcon.colcon_core.verb:set package 'controls' build argument 'catkin_skip_building_tests' from command line to 'False'
[0.221s] DEBUG:colcon.colcon_core.verb:Building package 'controls' with the following arguments: {'ament_cmake_args': None, 'build_base': '/home/kyle/2025-26-MATE-Topside/build/controls', 'catkin_cmake_args': None, 'catkin_skip_building_tests': False, 'cmake_args': None, 'cmake_clean_cache': False, 'cmake_clean_first': False, 'cmake_force_configure': False, 'cmake_target': None, 'cmake_target_skip_unavailable': False, 'install_base': '/home/kyle/2025-26-MATE-Topside/install/controls', 'merge_install': False, 'path': '/home/kyle/2025-26-MATE-Topside/controls', 'symlink_install': False, 'test_result_base': None}
[0.221s] INFO:colcon.colcon_core.executor:Executing jobs using 'parallel' executor
[0.221s] DEBUG:colcon.colcon_parallel_executor.executor.parallel:run_until_complete
[0.221s] INFO:colcon.colcon_ros.task.ament_cmake.build:Building ROS package in '/home/kyle/2025-26-MATE-Topside/control_msg' with build type 'ament_cmake'
[0.222s] INFO:colcon.colcon_cmake.task.cmake.build:Building CMake package in '/home/kyle/2025-26-MATE-Topside/control_msg'
[0.223s] INFO:colcon.colcon_core.plugin_system:Skipping extension 'colcon_core.shell.bat': Not used on non-Windows systems
[0.223s] INFO:colcon.colcon_core.shell:Skip shell extension 'powershell' for command environment: Not usable outside of PowerShell
[0.223s] DEBUG:colcon.colcon_core.shell:Skip shell extension 'dsv' for command environment
[0.225s] INFO:colcon.colcon_cmake.task.cmake.build:Building CMake package in '/home/kyle/2025-26-MATE-Topside/demo_QT'
[0.225s] INFO:colcon.colcon_core.shell:Skip shell extension 'powershell' for command environment: Not usable outside of PowerShell
[0.225s] DEBUG:colcon.colcon_core.shell:Skip shell extension 'dsv' for command environment
[0.229s] DEBUG:colcon.colcon_core.event_handler.log_command:Invoking command in '/home/kyle/2025-26-MATE-Topside/build/control_msg': CMAKE_PREFIX_PATH=${CMAKE_PREFIX_PATH}:/home/kyle/2025-26-MATE-Topside/install/controls:/opt/ros/jazzy /usr/bin/cmake --build /home/kyle/2025-26-MATE-Topside/build/control_msg -- -j8 -l8
[0.244s] DEBUG:colcon.colcon_core.event_handler.log_command:Invoking command in '/home/kyle/2025-26-MATE-Topside/build/test_QT': /usr/bin/cmake --build /home/kyle/2025-26-MATE-Topside/build/test_QT -- -j8 -l8
[0.372s] DEBUG:colcon.colcon_core.event_handler.log_command:Invoked command in '/home/kyle/2025-26-MATE-Topside/build/test_QT' returned '0': /usr/bin/cmake --build /home/kyle/2025-26-MATE-Topside/build/test_QT -- -j8 -l8
[0.379s] DEBUG:colcon.colcon_core.event_handler.log_command:Invoking command in '/home/kyle/2025-26-MATE-Topside/build/test_QT': /usr/bin/cmake --install /home/kyle/2025-26-MATE-Topside/build/test_QT
[0.387s] Level 1:colcon.colcon_core.environment:create_environment_scripts_only(test_QT)
[0.387s] DEBUG:colcon.colcon_core.event_handler.log_command:Invoked command in '/home/kyle/2025-26-MATE-Topside/build/test_QT' returned '0': /usr/bin/cmake --install /home/kyle/2025-26-MATE-Topside/build/test_QT
[0.389s] Level 1:colcon.colcon_core.environment:checking '/home/kyle/2025-26-MATE-Topside/install/test_QT' for CMake module files
[0.389s] Level 1:colcon.colcon_core.environment:checking '/home/kyle/2025-26-MATE-Topside/install/test_QT' for CMake config files
[0.390s] Level 1:colcon.colcon_core.environment:checking '/home/kyle/2025-26-MATE-Topside/install/test_QT/bin'
[0.390s] Level 1:colcon.colcon_core.shell:create_environment_hook('test_QT', 'path')
[0.390s] INFO:colcon.colcon_core.shell:Creating environment hook '/home/kyle/2025-26-MATE-Topside/install/test_QT/share/test_QT/hook/path.ps1'
[0.390s] INFO:colcon.colcon_core.shell:Creating environment descriptor '/home/kyle/2025-26-MATE-Topside/install/test_QT/share/test_QT/hook/path.dsv'
[0.391s] INFO:colcon.colcon_core.shell:Creating environment hook '/home/kyle/2025-26-MATE-Topside/install/test_QT/share/test_QT/hook/path.sh'
[0.391s] Level 1:colcon.colcon_core.environment:checking '/home/kyle/2025-26-MATE-Topside/install/test_QT/lib/pkgconfig/test_QT.pc'
[0.392s] Level 1:colcon.colcon_core.environment:checking '/home/kyle/2025-26-MATE-Topside/install/test_QT/lib/python3.12/site-packages'
[0.392s] Level 1:colcon.colcon_core.environment:checking '/home/kyle/2025-26-MATE-Topside/install/test_QT/bin'
[0.392s] Level 1:colcon.colcon_core.shell:create_environment_hook('test_QT', 'pythonscriptspath')
[0.392s] INFO:colcon.colcon_core.shell:Creating environment hook '/home/kyle/2025-26-MATE-Topside/install/test_QT/share/test_QT/hook/pythonscriptspath.ps1'
[0.392s] INFO:colcon.colcon_core.shell:Creating environment descriptor '/home/kyle/2025-26-MATE-Topside/install/test_QT/share/test_QT/hook/pythonscriptspath.dsv'
[0.393s] INFO:colcon.colcon_core.shell:Creating environment hook '/home/kyle/2025-26-MATE-Topside/install/test_QT/share/test_QT/hook/pythonscriptspath.sh'
[0.393s] INFO:colcon.colcon_core.shell:Creating package script '/home/kyle/2025-26-MATE-Topside/install/test_QT/share/test_QT/package.ps1'
[0.394s] INFO:colcon.colcon_core.shell:Creating package descriptor '/home/kyle/2025-26-MATE-Topside/install/test_QT/share/test_QT/package.dsv'
[0.394s] INFO:colcon.colcon_core.shell:Creating package script '/home/kyle/2025-26-MATE-Topside/install/test_QT/share/test_QT/package.sh'
[0.395s] INFO:colcon.colcon_core.shell:Creating package script '/home/kyle/2025-26-MATE-Topside/install/test_QT/share/test_QT/package.bash'
[0.395s] INFO:colcon.colcon_core.shell:Creating package script '/home/kyle/2025-26-MATE-Topside/install/test_QT/share/test_QT/package.zsh'
[0.395s] Level 1:colcon.colcon_core.environment:create_file_with_runtime_dependencies(/home/kyle/2025-26-MATE-Topside/install/test_QT/share/colcon-core/packages/test_QT)
[0.555s] DEBUG:colcon.colcon_core.event_handler.log_command:Invoked command in '/home/kyle/2025-26-MATE-Topside/build/control_msg' returned '0': CMAKE_PREFIX_PATH=${CMAKE_PREFIX_PATH}:/home/kyle/2025-26-MATE-Topside/install/controls:/opt/ros/jazzy /usr/bin/cmake --build /home/kyle/2025-26-MATE-Topside/build/control_msg -- -j8 -l8
[0.555s] DEBUG:colcon.colcon_core.event_handler.log_command:Invoking command in '/home/kyle/2025-26-MATE-Topside/build/control_msg': CMAKE_PREFIX_PATH=${CMAKE_PREFIX_PATH}:/home/kyle/2025-26-MATE-Topside/install/controls:/opt/ros/jazzy /usr/bin/cmake --install /home/kyle/2025-26-MATE-Topside/build/control_msg
[0.592s] Level 1:colcon.colcon_core.environment:create_environment_scripts_only(control_msg)
[0.593s] Level 1:colcon.colcon_core.environment:checking '/home/kyle/2025-26-MATE-Topside/install/control_msg' for CMake module files
[0.593s] DEBUG:colcon.colcon_core.event_handler.log_command:Invoked command in '/home/kyle/2025-26-MATE-Topside/build/control_msg' returned '0': CMAKE_PREFIX_PATH=${CMAKE_PREFIX_PATH}:/home/kyle/2025-26-MATE-Topside/install/controls:/opt/ros/jazzy /usr/bin/cmake --install /home/kyle/2025-26-MATE-Topside/build/control_msg
[0.593s] Level 1:colcon.colcon_core.environment:checking '/home/kyle/2025-26-MATE-Topside/install/control_msg' for CMake config files
[0.594s] Level 1:colcon.colcon_core.shell:create_environment_hook('control_msg', 'cmake_prefix_path')
[0.594s] INFO:colcon.colcon_core.shell:Creating environment hook '/home/kyle/2025-26-MATE-Topside/install/control_msg/share/control_msg/hook/cmake_prefix_path.ps1'
[0.594s] INFO:colcon.colcon_core.shell:Creating environment descriptor '/home/kyle/2025-26-MATE-Topside/install/control_msg/share/control_msg/hook/cmake_prefix_path.dsv'
[0.594s] INFO:colcon.colcon_core.shell:Creating environment hook '/home/kyle/2025-26-MATE-Topside/install/control_msg/share/control_msg/hook/cmake_prefix_path.sh'
[0.594s] Level 1:colcon.colcon_core.environment:checking '/home/kyle/2025-26-MATE-Topside/install/control_msg/lib'
[0.595s] Level 1:colcon.colcon_core.shell:create_environment_hook('control_msg', 'ld_library_path_lib')
[0.595s] INFO:colcon.colcon_core.shell:Creating environment hook '/home/kyle/2025-26-MATE-Topside/install/control_msg/share/control_msg/hook/ld_library_path_lib.ps1'
[0.595s] INFO:colcon.colcon_core.shell:Creating environment descriptor '/home/kyle/2025-26-MATE-Topside/install/control_msg/share/control_msg/hook/ld_library_path_lib.dsv'
[0.595s] INFO:colcon.colcon_core.shell:Creating environment hook '/home/kyle/2025-26-MATE-Topside/install/control_msg/share/control_msg/hook/ld_library_path_lib.sh'
[0.595s] Level 1:colcon.colcon_core.environment:checking '/home/kyle/2025-26-MATE-Topside/install/control_msg/bin'
[0.595s] Level 1:colcon.colcon_core.environment:checking '/home/kyle/2025-26-MATE-Topside/install/control_msg/lib/pkgconfig/control_msg.pc'
[0.595s] Level 1:colcon.colcon_core.environment:checking '/home/kyle/2025-26-MATE-Topside/install/control_msg/lib/python3.12/site-packages'
[0.595s] Level 1:colcon.colcon_core.shell:create_environment_hook('control_msg', 'pythonpath')
[0.595s] INFO:colcon.colcon_core.shell:Creating environment hook '/home/kyle/2025-26-MATE-Topside/install/control_msg/share/control_msg/hook/pythonpath.ps1'
[0.596s] INFO:colcon.colcon_core.shell:Creating environment descriptor '/home/kyle/2025-26-MATE-Topside/install/control_msg/share/control_msg/hook/pythonpath.dsv'
[0.596s] INFO:colcon.colcon_core.shell:Creating environment hook '/home/kyle/2025-26-MATE-Topside/install/control_msg/share/control_msg/hook/pythonpath.sh'
[0.596s] Level 1:colcon.colcon_core.environment:checking '/home/kyle/2025-26-MATE-Topside/install/control_msg/bin'
[0.596s] INFO:colcon.colcon_core.shell:Creating package script '/home/kyle/2025-26-MATE-Topside/install/control_msg/share/control_msg/package.ps1'
[0.597s] INFO:colcon.colcon_core.shell:Creating package descriptor '/home/kyle/2025-26-MATE-Topside/install/control_msg/share/control_msg/package.dsv'
[0.597s] INFO:colcon.colcon_core.shell:Creating package script '/home/kyle/2025-26-MATE-Topside/install/control_msg/share/control_msg/package.sh'
[0.597s] INFO:colcon.colcon_core.shell:Creating package script '/home/kyle/2025-26-MATE-Topside/install/control_msg/share/control_msg/package.bash'
[0.597s] INFO:colcon.colcon_core.shell:Creating package script '/home/kyle/2025-26-MATE-Topside/install/control_msg/share/control_msg/package.zsh'
[0.597s] Level 1:colcon.colcon_core.environment:create_file_with_runtime_dependencies(/home/kyle/2025-26-MATE-Topside/install/control_msg/share/colcon-core/packages/control_msg)
[0.598s] Level 1:colcon.colcon_core.environment:create_environment_scripts_only(control_msg)
[0.598s] Level 1:colcon.colcon_core.environment:checking '/home/kyle/2025-26-MATE-Topside/install/control_msg' for CMake module files
[0.598s] Level 1:colcon.colcon_core.environment:checking '/home/kyle/2025-26-MATE-Topside/install/control_msg' for CMake config files
[0.599s] Level 1:colcon.colcon_core.shell:create_environment_hook('control_msg', 'cmake_prefix_path')
[0.599s] INFO:colcon.colcon_core.shell:Creating environment hook '/home/kyle/2025-26-MATE-Topside/install/control_msg/share/control_msg/hook/cmake_prefix_path.ps1'
[0.599s] INFO:colcon.colcon_core.shell:Creating environment descriptor '/home/kyle/2025-26-MATE-Topside/install/control_msg/share/control_msg/hook/cmake_prefix_path.dsv'
[0.599s] INFO:colcon.colcon_core.shell:Creating environment hook '/home/kyle/2025-26-MATE-Topside/install/control_msg/share/control_msg/hook/cmake_prefix_path.sh'
[0.600s] Level 1:colcon.colcon_core.environment:checking '/home/kyle/2025-26-MATE-Topside/install/control_msg/lib'
[0.600s] Level 1:colcon.colcon_core.shell:create_environment_hook('control_msg', 'ld_library_path_lib')
[0.600s] INFO:colcon.colcon_core.shell:Creating environment hook '/home/kyle/2025-26-MATE-Topside/install/control_msg/share/control_msg/hook/ld_library_path_lib.ps1'
[0.600s] INFO:colcon.colcon_core.shell:Creating environment descriptor '/home/kyle/2025-26-MATE-Topside/install/control_msg/share/control_msg/hook/ld_library_path_lib.dsv'
[0.600s] INFO:colcon.colcon_core.shell:Creating environment hook '/home/kyle/2025-26-MATE-Topside/install/control_msg/share/control_msg/hook/ld_library_path_lib.sh'
[0.600s] Level 1:colcon.colcon_core.environment:checking '/home/kyle/2025-26-MATE-Topside/install/control_msg/bin'
[0.600s] Level 1:colcon.colcon_core.environment:checking '/home/kyle/2025-26-MATE-Topside/install/control_msg/lib/pkgconfig/control_msg.pc'
[0.600s] Level 1:colcon.colcon_core.environment:checking '/home/kyle/2025-26-MATE-Topside/install/control_msg/lib/python3.12/site-packages'
[0.601s] Level 1:colcon.colcon_core.shell:create_environment_hook('control_msg', 'pythonpath')
[0.601s] INFO:colcon.colcon_core.shell:Creating environment hook '/home/kyle/2025-26-MATE-Topside/install/control_msg/share/control_msg/hook/pythonpath.ps1'
[0.601s] INFO:colcon.colcon_core.shell:Creating environment descriptor '/home/kyle/2025-26-MATE-Topside/install/control_msg/share/control_msg/hook/pythonpath.dsv'
[0.601s] INFO:colcon.colcon_core.shell:Creating environment hook '/home/kyle/2025-26-MATE-Topside/install/control_msg/share/control_msg/hook/pythonpath.sh'
[0.602s] Level 1:colcon.colcon_core.environment:checking '/home/kyle/2025-26-MATE-Topside/install/control_msg/bin'
[0.602s] INFO:colcon.colcon_core.shell:Creating package script '/home/kyle/2025-26-MATE-Topside/install/control_msg/share/control_msg/package.ps1'
[0.602s] INFO:colcon.colcon_core.shell:Creating package descriptor '/home/kyle/2025-26-MATE-Topside/install/control_msg/share/control_msg/package.dsv'
[0.603s] INFO:colcon.colcon_core.shell:Creating package script '/home/kyle/2025-26-MATE-Topside/install/control_msg/share/control_msg/package.sh'
[0.603s] INFO:colcon.colcon_core.shell:Creating package script '/home/kyle/2025-26-MATE-Topside/install/control_msg/share/control_msg/package.bash'
[0.603s] INFO:colcon.colcon_core.shell:Creating package script '/home/kyle/2025-26-MATE-Topside/install/control_msg/share/control_msg/package.zsh'
[0.603s] Level 1:colcon.colcon_core.environment:create_file_with_runtime_dependencies(/home/kyle/2025-26-MATE-Topside/install/control_msg/share/colcon-core/packages/control_msg)
[0.604s] INFO:colcon.colcon_ros.task.ament_python.build:Building ROS package in '/home/kyle/2025-26-MATE-Topside/controls' with build type 'ament_python'
[0.604s] Level 1:colcon.colcon_core.shell:create_environment_hook('controls', 'ament_prefix_path')
[0.604s] INFO:colcon.colcon_core.shell:Creating environment hook '/home/kyle/2025-26-MATE-Topside/install/controls/share/controls/hook/ament_prefix_path.ps1'
[0.605s] INFO:colcon.colcon_core.shell:Creating environment descriptor '/home/kyle/2025-26-MATE-Topside/install/controls/share/controls/hook/ament_prefix_path.dsv'
[0.605s] INFO:colcon.colcon_core.shell:Creating environment hook '/home/kyle/2025-26-MATE-Topside/install/controls/share/controls/hook/ament_prefix_path.sh'
[0.605s] INFO:colcon.colcon_core.shell:Skip shell extension 'powershell' for command environment: Not usable outside of PowerShell
[0.605s] DEBUG:colcon.colcon_core.shell:Skip shell extension 'dsv' for command environment
[0.844s] INFO:colcon.colcon_core.task.python.build:Building Python package in '/home/kyle/2025-26-MATE-Topside/controls'
[0.844s] INFO:colcon.colcon_core.shell:Skip shell extension 'powershell' for command environment: Not usable outside of PowerShell
[0.844s] DEBUG:colcon.colcon_core.shell:Skip shell extension 'dsv' for command environment
[1.320s] DEBUG:colcon.colcon_core.event_handler.log_command:Invoking command in '/home/kyle/2025-26-MATE-Topside/controls': PYTHONPATH=/home/kyle/2025-26-MATE-Topside/build/controls/prefix_override:/usr/lib/python3/dist-packages/colcon_core/task/python/colcon_distutils_commands:/home/kyle/2025-26-MATE-Topside/install/controls/lib/python3.12/site-packages:/home/kyle/2025-26-MATE-Topside/install/control_msg/lib/python3.12/site-packages:/home/kyle/2025-26-MATE-Topside/install/controls/lib/python3.12/site-packages:/opt/ros/jazzy/lib/python3.12/site-packages /usr/bin/python3 -W ignore:setup.py install is deprecated -W ignore:easy_install command is deprecated setup.py egg_info --egg-base ../build/controls build --build-base /home/kyle/2025-26-MATE-Topside/build/controls/build install --record /home/kyle/2025-26-MATE-Topside/build/controls/install.log --single-version-externally-managed install_data
[1.666s] Level 1:colcon.colcon_core.environment:checking '/home/kyle/2025-26-MATE-Topside/install/controls' for CMake module files
[1.667s] DEBUG:colcon.colcon_core.event_handler.log_command:Invoked command in '/home/kyle/2025-26-MATE-Topside/controls' returned '0': PYTHONPATH=/home/kyle/2025-26-MATE-Topside/build/controls/prefix_override:/usr/lib/python3/dist-packages/colcon_core/task/python/colcon_distutils_commands:/home/kyle/2025-26-MATE-Topside/install/controls/lib/python3.12/site-packages:/home/kyle/2025-26-MATE-Topside/install/control_msg/lib/python3.12/site-packages:/home/kyle/2025-26-MATE-Topside/install/controls/lib/python3.12/site-packages:/opt/ros/jazzy/lib/python3.12/site-packages /usr/bin/python3 -W ignore:setup.py install is deprecated -W ignore:easy_install command is deprecated setup.py egg_info --egg-base ../build/controls build --build-base /home/kyle/2025-26-MATE-Topside/build/controls/build install --record /home/kyle/2025-26-MATE-Topside/build/controls/install.log --single-version-externally-managed install_data
[1.667s] Level 1:colcon.colcon_core.environment:checking '/home/kyle/2025-26-MATE-Topside/install/controls' for CMake config files
[1.667s] Level 1:colcon.colcon_core.environment:checking '/home/kyle/2025-26-MATE-Topside/install/controls/lib'
[1.667s] Level 1:colcon.colcon_core.environment:checking '/home/kyle/2025-26-MATE-Topside/install/controls/bin'
[1.667s] Level 1:colcon.colcon_core.environment:checking '/home/kyle/2025-26-MATE-Topside/install/controls/lib/pkgconfig/controls.pc'
[1.668s] Level 1:colcon.colcon_core.environment:checking '/home/kyle/2025-26-MATE-Topside/install/controls/lib/python3.12/site-packages'
[1.668s] Level 1:colcon.colcon_core.shell:create_environment_hook('controls', 'pythonpath')
[1.668s] INFO:colcon.colcon_core.shell:Creating environment hook '/home/kyle/2025-26-MATE-Topside/install/controls/share/controls/hook/pythonpath.ps1'
[1.668s] INFO:colcon.colcon_core.shell:Creating environment descriptor '/home/kyle/2025-26-MATE-Topside/install/controls/share/controls/hook/pythonpath.dsv'
[1.668s] INFO:colcon.colcon_core.shell:Creating environment hook '/home/kyle/2025-26-MATE-Topside/install/controls/share/controls/hook/pythonpath.sh'
[1.669s] Level 1:colcon.colcon_core.environment:checking '/home/kyle/2025-26-MATE-Topside/install/controls/bin'
[1.669s] Level 1:colcon.colcon_core.environment:create_environment_scripts_only(controls)
[1.669s] INFO:colcon.colcon_core.shell:Creating package script '/home/kyle/2025-26-MATE-Topside/install/controls/share/controls/package.ps1'
[1.669s] INFO:colcon.colcon_core.shell:Creating package descriptor '/home/kyle/2025-26-MATE-Topside/install/controls/share/controls/package.dsv'
[1.669s] INFO:colcon.colcon_core.shell:Creating package script '/home/kyle/2025-26-MATE-Topside/install/controls/share/controls/package.sh'
[1.669s] INFO:colcon.colcon_core.shell:Creating package script '/home/kyle/2025-26-MATE-Topside/install/controls/share/controls/package.bash'
[1.670s] INFO:colcon.colcon_core.shell:Creating package script '/home/kyle/2025-26-MATE-Topside/install/controls/share/controls/package.zsh'
[1.670s] Level 1:colcon.colcon_core.environment:create_file_with_runtime_dependencies(/home/kyle/2025-26-MATE-Topside/install/controls/share/colcon-core/packages/controls)
[1.670s] DEBUG:colcon.colcon_parallel_executor.executor.parallel:closing loop
[1.670s] DEBUG:colcon.colcon_parallel_executor.executor.parallel:loop closed
[1.670s] DEBUG:colcon.colcon_parallel_executor.executor.parallel:run_until_complete finished with '0'
[1.670s] DEBUG:colcon.colcon_core.event_reactor:joining thread
[1.703s] INFO:colcon.colcon_core.plugin_system:Skipping extension 'colcon_notification.desktop_notification.notify_send': Could not find 'notify-send'
[1.703s] INFO:colcon.colcon_core.plugin_system:Skipping extension 'colcon_notification.desktop_notification.terminal_notifier': Not used on non-Darwin systems
[1.703s] INFO:colcon.colcon_core.plugin_system:Skipping extension 'colcon_notification.desktop_notification.win32': Not used on non-Windows systems
[1.703s] INFO:colcon.colcon_notification.desktop_notification:Sending desktop notification using 'notify2'
[1.704s] DEBUG:colcon.colcon_notification.desktop_notification.notify2:Failed to initialize notify2: org.freedesktop.DBus.Error.ServiceUnknown: The name org.freedesktop.Notifications was not provided by any .service files
[1.704s] DEBUG:colcon.colcon_core.event_reactor:joined thread
[1.704s] INFO:colcon.colcon_core.shell:Creating prefix script '/home/kyle/2025-26-MATE-Topside/install/local_setup.ps1'
[1.705s] INFO:colcon.colcon_core.shell:Creating prefix util module '/home/kyle/2025-26-MATE-Topside/install/_local_setup_util_ps1.py'
[1.705s] INFO:colcon.colcon_core.shell:Creating prefix chain script '/home/kyle/2025-26-MATE-Topside/install/setup.ps1'
[1.706s] INFO:colcon.colcon_core.shell:Creating prefix script '/home/kyle/2025-26-MATE-Topside/install/local_setup.sh'
[1.706s] INFO:colcon.colcon_core.shell:Creating prefix util module '/home/kyle/2025-26-MATE-Topside/install/_local_setup_util_sh.py'
[1.706s] INFO:colcon.colcon_core.shell:Creating prefix chain script '/home/kyle/2025-26-MATE-Topside/install/setup.sh'
[1.707s] INFO:colcon.colcon_core.shell:Creating prefix script '/home/kyle/2025-26-MATE-Topside/install/local_setup.bash'
[1.707s] INFO:colcon.colcon_core.shell:Creating prefix chain script '/home/kyle/2025-26-MATE-Topside/install/setup.bash'
[1.708s] INFO:colcon.colcon_core.shell:Creating prefix script '/home/kyle/2025-26-MATE-Topside/install/local_setup.zsh'
[1.708s] INFO:colcon.colcon_core.shell:Creating prefix chain script '/home/kyle/2025-26-MATE-Topside/install/setup.zsh'
