[0.183s] DEBUG:colcon:Command line arguments: ['/usr/bin/colcon', 'build']
[0.183s] DEBUG:colcon:Parsed command line arguments: Namespace(log_base=None, log_level=None, verb_name='build', build_base='build', install_base='install', merge_install=False, symlink_install=False, test_result_base=None, continue_on_error=False, executor='parallel', parallel_workers=8, event_handlers=None, ignore_user_meta=False, metas=['./colcon.meta'], base_paths=['.'], packages_ignore=None, packages_ignore_regex=None, paths=None, packages_up_to=None, packages_up_to_regex=None, packages_above=None, packages_above_and_dependencies=None, packages_above_depth=None, packages_select_by_dep=None, packages_skip_by_dep=None, packages_skip_up_to=None, packages_select_build_failed=False, packages_skip_build_finished=False, packages_select_test_failures=False, packages_skip_test_passed=False, packages_select=None, packages_skip=None, packages_select_regex=None, packages_skip_regex=None, packages_start=None, packages_end=None, allow_overriding=[], cmake_args=None, cmake_target=None, cmake_target_skip_unavailable=False, cmake_clean_cache=False, cmake_clean_first=False, cmake_force_configure=False, ament_cmake_args=None, catkin_cmake_args=None, catkin_skip_building_tests=False, mixin_files=None, mixin=None, verb_parser=<colcon_mixin.mixin.mixin_argument.MixinArgumentDecorator object at 0x716ad327e480>, verb_extension=<colcon_core.verb.build.BuildVerb object at 0x716ad327e090>, main=<bound method BuildVerb.main of <colcon_core.verb.build.BuildVerb object at 0x716ad327e090>>, mixin_verb=('build',))
[0.239s] Level 1:colcon.colcon_core.package_discovery:discover_packages(colcon_meta) check parameters
[0.239s] Level 1:colcon.colcon_core.package_discovery:discover_packages(recursive) check parameters
[0.239s] Level 1:colcon.colcon_core.package_discovery:discover_packages(ignore) check parameters
[0.239s] Level 1:colcon.colcon_core.package_discovery:discover_packages(path) check parameters
[0.239s] Level 1:colcon.colcon_core.package_discovery:discover_packages(colcon_meta) discover
[0.239s] Level 1:colcon.colcon_core.package_discovery:discover_packages(recursive) discover
[0.239s] INFO:colcon.colcon_core.package_discovery:Crawling recursively for packages in '/home/kyle/2025-26-MATE-Topside'
[0.239s] Level 1:colcon.colcon_core.package_identification:_identify(.) by extensions ['ignore', 'ignore_ament_install']
[0.239s] Level 1:colcon.colcon_core.package_identification:_identify(.) by extension 'ignore'
[0.239s] Level 1:colcon.colcon_core.package_identification:_identify(.) by extension 'ignore_ament_install'
[0.239s] Level 1:colcon.colcon_core.package_identification:_identify(.) by extensions ['colcon_pkg']
[0.239s] Level 1:colcon.colcon_core.package_identification:_identify(.) by extension 'colcon_pkg'
[0.239s] Level 1:colcon.colcon_core.package_identification:_identify(.) by extensions ['colcon_meta']
[0.239s] Level 1:colcon.colcon_core.package_identification:_identify(.) by extension 'colcon_meta'
[0.239s] Level 1:colcon.colcon_core.package_identification:_identify(.) by extensions ['ros']
[0.239s] Level 1:colcon.colcon_core.package_identification:_identify(.) by extension 'ros'
[0.267s] Level 1:colcon.colcon_core.package_identification:_identify(.) by extensions ['cmake', 'python']
[0.267s] Level 1:colcon.colcon_core.package_identification:_identify(.) by extension 'cmake'
[0.267s] Level 1:colcon.colcon_core.package_identification:_identify(.) by extension 'python'
[0.268s] Level 1:colcon.colcon_core.package_identification:_identify(.) by extensions ['python_setup_py']
[0.268s] Level 1:colcon.colcon_core.package_identification:_identify(.) by extension 'python_setup_py'
[0.268s] Level 1:colcon.colcon_core.package_identification:_identify(build) by extensions ['ignore', 'ignore_ament_install']
[0.268s] Level 1:colcon.colcon_core.package_identification:_identify(build) by extension 'ignore'
[0.268s] Level 1:colcon.colcon_core.package_identification:_identify(build) ignored
[0.269s] Level 1:colcon.colcon_core.package_identification:_identify(control_msg) by extensions ['ignore', 'ignore_ament_install']
[0.269s] Level 1:colcon.colcon_core.package_identification:_identify(control_msg) by extension 'ignore'
[0.269s] Level 1:colcon.colcon_core.package_identification:_identify(control_msg) by extension 'ignore_ament_install'
[0.269s] Level 1:colcon.colcon_core.package_identification:_identify(control_msg) by extensions ['colcon_pkg']
[0.269s] Level 1:colcon.colcon_core.package_identification:_identify(control_msg) by extension 'colcon_pkg'
[0.269s] Level 1:colcon.colcon_core.package_identification:_identify(control_msg) by extensions ['colcon_meta']
[0.269s] Level 1:colcon.colcon_core.package_identification:_identify(control_msg) by extension 'colcon_meta'
[0.269s] Level 1:colcon.colcon_core.package_identification:_identify(control_msg) by extensions ['ros']
[0.269s] Level 1:colcon.colcon_core.package_identification:_identify(control_msg) by extension 'ros'
[0.272s] DEBUG:colcon.colcon_core.package_identification:Package 'control_msg' with type 'ros.ament_cmake' and name 'control_msg'
[0.272s] Level 1:colcon.colcon_core.package_identification:_identify(controls) by extensions ['ignore', 'ignore_ament_install']
[0.272s] Level 1:colcon.colcon_core.package_identification:_identify(controls) by extension 'ignore'
[0.272s] Level 1:colcon.colcon_core.package_identification:_identify(controls) by extension 'ignore_ament_install'
[0.272s] Level 1:colcon.colcon_core.package_identification:_identify(controls) by extensions ['colcon_pkg']
[0.273s] Level 1:colcon.colcon_core.package_identification:_identify(controls) by extension 'colcon_pkg'
[0.273s] Level 1:colcon.colcon_core.package_identification:_identify(controls) by extensions ['colcon_meta']
[0.273s] Level 1:colcon.colcon_core.package_identification:_identify(controls) by extension 'colcon_meta'
[0.273s] Level 1:colcon.colcon_core.package_identification:_identify(controls) by extensions ['ros']
[0.273s] Level 1:colcon.colcon_core.package_identification:_identify(controls) by extension 'ros'
[0.273s] DEBUG:colcon.colcon_core.package_identification:Package 'controls' with type 'ros.ament_python' and name 'controls'
[0.274s] Level 1:colcon.colcon_core.package_identification:_identify(demo_QT) by extensions ['ignore', 'ignore_ament_install']
[0.274s] Level 1:colcon.colcon_core.package_identification:_identify(demo_QT) by extension 'ignore'
[0.274s] Level 1:colcon.colcon_core.package_identification:_identify(demo_QT) by extension 'ignore_ament_install'
[0.274s] Level 1:colcon.colcon_core.package_identification:_identify(demo_QT) by extensions ['colcon_pkg']
[0.274s] Level 1:colcon.colcon_core.package_identification:_identify(demo_QT) by extension 'colcon_pkg'
[0.274s] Level 1:colcon.colcon_core.package_identification:_identify(demo_QT) by extensions ['colcon_meta']
[0.274s] Level 1:colcon.colcon_core.package_identification:_identify(demo_QT) by extension 'colcon_meta'
[0.274s] Level 1:colcon.colcon_core.package_identification:_identify(demo_QT) by extensions ['ros']
[0.274s] Level 1:colcon.colcon_core.package_identification:_identify(demo_QT) by extension 'ros'
[0.274s] Level 1:colcon.colcon_core.package_identification:_identify(demo_QT) by extensions ['cmake', 'python']
[0.274s] Level 1:colcon.colcon_core.package_identification:_identify(demo_QT) by extension 'cmake'
[0.275s] Level 1:colcon.colcon_core.package_identification:_identify(demo_QT) by extension 'python'
[0.275s] DEBUG:colcon.colcon_core.package_identification:Package 'demo_QT' with type 'cmake' and name 'test_QT'
[0.275s] Level 1:colcon.colcon_core.package_identification:_identify(install) by extensions ['ignore', 'ignore_ament_install']
[0.275s] Level 1:colcon.colcon_core.package_identification:_identify(install) by extension 'ignore'
[0.275s] Level 1:colcon.colcon_core.package_identification:_identify(install) ignored
[0.275s] Level 1:colcon.colcon_core.package_identification:_identify(log) by extensions ['ignore', 'ignore_ament_install']
[0.275s] Level 1:colcon.colcon_core.package_identification:_identify(log) by extension 'ignore'
[0.275s] Level 1:colcon.colcon_core.package_identification:_identify(log) ignored
[0.275s] Level 1:colcon.colcon_core.package_discovery:discover_packages(recursive) using defaults
[0.276s] Level 1:colcon.colcon_core.package_discovery:discover_packages(ignore) discover
[0.276s] Level 1:colcon.colcon_core.package_discovery:discover_packages(ignore) using defaults
[0.276s] Level 1:colcon.colcon_core.package_discovery:discover_packages(path) discover
[0.276s] Level 1:colcon.colcon_core.package_discovery:discover_packages(path) using defaults
[0.299s] Level 1:colcon.colcon_core.package_discovery:discover_packages(prefix_path) check parameters
[0.299s] Level 1:colcon.colcon_core.package_discovery:discover_packages(prefix_path) discover
[0.303s] DEBUG:colcon.colcon_installed_package_information.package_discovery:Found 3 installed packages in /home/kyle/2025-26-MATE-Topside/install
[0.304s] DEBUG:colcon.colcon_installed_package_information.package_discovery:Found 323 installed packages in /opt/ros/jazzy
[0.305s] Level 1:colcon.colcon_core.package_discovery:discover_packages(prefix_path) using defaults
[0.336s] Level 5:colcon.colcon_core.verb:set package 'control_msg' build argument 'cmake_args' from command line to 'None'
[0.336s] Level 5:colcon.colcon_core.verb:set package 'control_msg' build argument 'cmake_target' from command line to 'None'
[0.336s] Level 5:colcon.colcon_core.verb:set package 'control_msg' build argument 'cmake_target_skip_unavailable' from command line to 'False'
[0.336s] Level 5:colcon.colcon_core.verb:set package 'control_msg' build argument 'cmake_clean_cache' from command line to 'False'
[0.336s] Level 5:colcon.colcon_core.verb:set package 'control_msg' build argument 'cmake_clean_first' from command line to 'False'
[0.336s] Level 5:colcon.colcon_core.verb:set package 'control_msg' build argument 'cmake_force_configure' from command line to 'False'
[0.336s] Level 5:colcon.colcon_core.verb:set package 'control_msg' build argument 'ament_cmake_args' from command line to 'None'
[0.336s] Level 5:colcon.colcon_core.verb:set package 'control_msg' build argument 'catkin_cmake_args' from command line to 'None'
[0.336s] Level 5:colcon.colcon_core.verb:set package 'control_msg' build argument 'catkin_skip_building_tests' from command line to 'False'
[0.336s] DEBUG:colcon.colcon_core.verb:Building package 'control_msg' with the following arguments: {'ament_cmake_args': None, 'build_base': '/home/kyle/2025-26-MATE-Topside/build/control_msg', 'catkin_cmake_args': None, 'catkin_skip_building_tests': False, 'cmake_args': None, 'cmake_clean_cache': False, 'cmake_clean_first': False, 'cmake_force_configure': False, 'cmake_target': None, 'cmake_target_skip_unavailable': False, 'install_base': '/home/kyle/2025-26-MATE-Topside/install/control_msg', 'merge_install': False, 'path': '/home/kyle/2025-26-MATE-Topside/control_msg', 'symlink_install': False, 'test_result_base': None}
[0.336s] Level 5:colcon.colcon_core.verb:set package 'test_QT' build argument 'cmake_args' from command line to 'None'
[0.336s] Level 5:colcon.colcon_core.verb:set package 'test_QT' build argument 'cmake_target' from command line to 'None'
[0.336s] Level 5:colcon.colcon_core.verb:set package 'test_QT' build argument 'cmake_target_skip_unavailable' from command line to 'False'
[0.336s] Level 5:colcon.colcon_core.verb:set package 'test_QT' build argument 'cmake_clean_cache' from command line to 'False'
[0.336s] Level 5:colcon.colcon_core.verb:set package 'test_QT' build argument 'cmake_clean_first' from command line to 'False'
[0.336s] Level 5:colcon.colcon_core.verb:set package 'test_QT' build argument 'cmake_force_configure' from command line to 'False'
[0.336s] Level 5:colcon.colcon_core.verb:set package 'test_QT' build argument 'ament_cmake_args' from command line to 'None'
[0.336s] Level 5:colcon.colcon_core.verb:set package 'test_QT' build argument 'catkin_cmake_args' from command line to 'None'
[0.336s] Level 5:colcon.colcon_core.verb:set package 'test_QT' build argument 'catkin_skip_building_tests' from command line to 'False'
[0.336s] DEBUG:colcon.colcon_core.verb:Building package 'test_QT' with the following arguments: {'ament_cmake_args': None, 'build_base': '/home/kyle/2025-26-MATE-Topside/build/test_QT', 'catkin_cmake_args': None, 'catkin_skip_building_tests': False, 'cmake_args': None, 'cmake_clean_cache': False, 'cmake_clean_first': False, 'cmake_force_configure': False, 'cmake_target': None, 'cmake_target_skip_unavailable': False, 'install_base': '/home/kyle/2025-26-MATE-Topside/install/test_QT', 'merge_install': False, 'path': '/home/kyle/2025-26-MATE-Topside/demo_QT', 'symlink_install': False, 'test_result_base': None}
[0.337s] Level 5:colcon.colcon_core.verb:set package 'controls' build argument 'cmake_args' from command line to 'None'
[0.337s] Level 5:colcon.colcon_core.verb:set package 'controls' build argument 'cmake_target' from command line to 'None'
[0.337s] Level 5:colcon.colcon_core.verb:set package 'controls' build argument 'cmake_target_skip_unavailable' from command line to 'False'
[0.337s] Level 5:colcon.colcon_core.verb:set package 'controls' build argument 'cmake_clean_cache' from command line to 'False'
[0.337s] Level 5:colcon.colcon_core.verb:set package 'controls' build argument 'cmake_clean_first' from command line to 'False'
[0.337s] Level 5:colcon.colcon_core.verb:set package 'controls' build argument 'cmake_force_configure' from command line to 'False'
[0.337s] Level 5:colcon.colcon_core.verb:set package 'controls' build argument 'ament_cmake_args' from command line to 'None'
[0.337s] Level 5:colcon.colcon_core.verb:set package 'controls' build argument 'catkin_cmake_args' from command line to 'None'
[0.337s] Level 5:colcon.colcon_core.verb:set package 'controls' build argument 'catkin_skip_building_tests' from command line to 'False'
[0.337s] DEBUG:colcon.colcon_core.verb:Building package 'controls' with the following arguments: {'ament_cmake_args': None, 'build_base': '/home/kyle/2025-26-MATE-Topside/build/controls', 'catkin_cmake_args': None, 'catkin_skip_building_tests': False, 'cmake_args': None, 'cmake_clean_cache': False, 'cmake_clean_first': False, 'cmake_force_configure': False, 'cmake_target': None, 'cmake_target_skip_unavailable': False, 'install_base': '/home/kyle/2025-26-MATE-Topside/install/controls', 'merge_install': False, 'path': '/home/kyle/2025-26-MATE-Topside/controls', 'symlink_install': False, 'test_result_base': None}
[0.337s] INFO:colcon.colcon_core.executor:Executing jobs using 'parallel' executor
[0.338s] DEBUG:colcon.colcon_parallel_executor.executor.parallel:run_until_complete
[0.338s] INFO:colcon.colcon_ros.task.ament_cmake.build:Building ROS package in '/home/kyle/2025-26-MATE-Topside/control_msg' with build type 'ament_cmake'
[0.338s] INFO:colcon.colcon_cmake.task.cmake.build:Building CMake package in '/home/kyle/2025-26-MATE-Topside/control_msg'
[0.343s] INFO:colcon.colcon_core.plugin_system:Skipping extension 'colcon_core.shell.bat': Not used on non-Windows systems
[0.343s] INFO:colcon.colcon_core.shell:Skip shell extension 'powershell' for command environment: Not usable outside of PowerShell
[0.343s] DEBUG:colcon.colcon_core.shell:Skip shell extension 'dsv' for command environment
[0.351s] INFO:colcon.colcon_cmake.task.cmake.build:Building CMake package in '/home/kyle/2025-26-MATE-Topside/demo_QT'
[0.354s] INFO:colcon.colcon_core.shell:Skip shell extension 'powershell' for command environment: Not usable outside of PowerShell
[0.354s] DEBUG:colcon.colcon_core.shell:Skip shell extension 'dsv' for command environment
[0.366s] DEBUG:colcon.colcon_core.event_handler.log_command:Invoking command in '/home/kyle/2025-26-MATE-Topside/build/test_QT': /usr/bin/cmake --build /home/kyle/2025-26-MATE-Topside/build/test_QT -- -j8 -l8
[0.375s] DEBUG:colcon.colcon_core.event_handler.log_command:Invoking command in '/home/kyle/2025-26-MATE-Topside/build/control_msg': CMAKE_PREFIX_PATH=${CMAKE_PREFIX_PATH}:/home/kyle/2025-26-MATE-Topside/install/controls:/opt/ros/jazzy /usr/bin/cmake --build /home/kyle/2025-26-MATE-Topside/build/control_msg -- -j8 -l8
[0.581s] DEBUG:colcon.colcon_core.event_handler.log_command:Invoked command in '/home/kyle/2025-26-MATE-Topside/build/test_QT' returned '0': /usr/bin/cmake --build /home/kyle/2025-26-MATE-Topside/build/test_QT -- -j8 -l8
[0.599s] DEBUG:colcon.colcon_core.event_handler.log_command:Invoking command in '/home/kyle/2025-26-MATE-Topside/build/test_QT': /usr/bin/cmake --install /home/kyle/2025-26-MATE-Topside/build/test_QT
[0.615s] Level 1:colcon.colcon_core.environment:create_environment_scripts_only(test_QT)
[0.615s] DEBUG:colcon.colcon_core.event_handler.log_command:Invoked command in '/home/kyle/2025-26-MATE-Topside/build/test_QT' returned '0': /usr/bin/cmake --install /home/kyle/2025-26-MATE-Topside/build/test_QT
[0.621s] Level 1:colcon.colcon_core.environment:checking '/home/kyle/2025-26-MATE-Topside/install/test_QT' for CMake module files
[0.622s] Level 1:colcon.colcon_core.environment:checking '/home/kyle/2025-26-MATE-Topside/install/test_QT' for CMake config files
[0.623s] Level 1:colcon.colcon_core.environment:checking '/home/kyle/2025-26-MATE-Topside/install/test_QT/bin'
[0.623s] Level 1:colcon.colcon_core.shell:create_environment_hook('test_QT', 'path')
[0.623s] INFO:colcon.colcon_core.shell:Creating environment hook '/home/kyle/2025-26-MATE-Topside/install/test_QT/share/test_QT/hook/path.ps1'
[0.624s] INFO:colcon.colcon_core.shell:Creating environment descriptor '/home/kyle/2025-26-MATE-Topside/install/test_QT/share/test_QT/hook/path.dsv'
[0.625s] INFO:colcon.colcon_core.shell:Creating environment hook '/home/kyle/2025-26-MATE-Topside/install/test_QT/share/test_QT/hook/path.sh'
[0.626s] Level 1:colcon.colcon_core.environment:checking '/home/kyle/2025-26-MATE-Topside/install/test_QT/lib/pkgconfig/test_QT.pc'
[0.626s] Level 1:colcon.colcon_core.environment:checking '/home/kyle/2025-26-MATE-Topside/install/test_QT/lib/python3.12/site-packages'
[0.626s] Level 1:colcon.colcon_core.environment:checking '/home/kyle/2025-26-MATE-Topside/install/test_QT/bin'
[0.626s] Level 1:colcon.colcon_core.shell:create_environment_hook('test_QT', 'pythonscriptspath')
[0.626s] INFO:colcon.colcon_core.shell:Creating environment hook '/home/kyle/2025-26-MATE-Topside/install/test_QT/share/test_QT/hook/pythonscriptspath.ps1'
[0.627s] INFO:colcon.colcon_core.shell:Creating environment descriptor '/home/kyle/2025-26-MATE-Topside/install/test_QT/share/test_QT/hook/pythonscriptspath.dsv'
[0.627s] INFO:colcon.colcon_core.shell:Creating environment hook '/home/kyle/2025-26-MATE-Topside/install/test_QT/share/test_QT/hook/pythonscriptspath.sh'
[0.628s] INFO:colcon.colcon_core.shell:Creating package script '/home/kyle/2025-26-MATE-Topside/install/test_QT/share/test_QT/package.ps1'
[0.629s] INFO:colcon.colcon_core.shell:Creating package descriptor '/home/kyle/2025-26-MATE-Topside/install/test_QT/share/test_QT/package.dsv'
[0.629s] INFO:colcon.colcon_core.shell:Creating package script '/home/kyle/2025-26-MATE-Topside/install/test_QT/share/test_QT/package.sh'
[0.630s] INFO:colcon.colcon_core.shell:Creating package script '/home/kyle/2025-26-MATE-Topside/install/test_QT/share/test_QT/package.bash'
[0.631s] INFO:colcon.colcon_core.shell:Creating package script '/home/kyle/2025-26-MATE-Topside/install/test_QT/share/test_QT/package.zsh'
[0.632s] Level 1:colcon.colcon_core.environment:create_file_with_runtime_dependencies(/home/kyle/2025-26-MATE-Topside/install/test_QT/share/colcon-core/packages/test_QT)
[0.818s] DEBUG:colcon.colcon_core.event_handler.log_command:Invoked command in '/home/kyle/2025-26-MATE-Topside/build/control_msg' returned '0': CMAKE_PREFIX_PATH=${CMAKE_PREFIX_PATH}:/home/kyle/2025-26-MATE-Topside/install/controls:/opt/ros/jazzy /usr/bin/cmake --build /home/kyle/2025-26-MATE-Topside/build/control_msg -- -j8 -l8
[0.819s] DEBUG:colcon.colcon_core.event_handler.log_command:Invoking command in '/home/kyle/2025-26-MATE-Topside/build/control_msg': CMAKE_PREFIX_PATH=${CMAKE_PREFIX_PATH}:/home/kyle/2025-26-MATE-Topside/install/controls:/opt/ros/jazzy /usr/bin/cmake --install /home/kyle/2025-26-MATE-Topside/build/control_msg
[0.893s] Level 1:colcon.colcon_core.environment:create_environment_scripts_only(control_msg)
[0.893s] Level 1:colcon.colcon_core.environment:checking '/home/kyle/2025-26-MATE-Topside/install/control_msg' for CMake module files
[0.894s] DEBUG:colcon.colcon_core.event_handler.log_command:Invoked command in '/home/kyle/2025-26-MATE-Topside/build/control_msg' returned '0': CMAKE_PREFIX_PATH=${CMAKE_PREFIX_PATH}:/home/kyle/2025-26-MATE-Topside/install/controls:/opt/ros/jazzy /usr/bin/cmake --install /home/kyle/2025-26-MATE-Topside/build/control_msg
[0.895s] Level 1:colcon.colcon_core.environment:checking '/home/kyle/2025-26-MATE-Topside/install/control_msg' for CMake config files
[0.897s] Level 1:colcon.colcon_core.shell:create_environment_hook('control_msg', 'cmake_prefix_path')
[0.898s] INFO:colcon.colcon_core.shell:Creating environment hook '/home/kyle/2025-26-MATE-Topside/install/control_msg/share/control_msg/hook/cmake_prefix_path.ps1'
[0.898s] INFO:colcon.colcon_core.shell:Creating environment descriptor '/home/kyle/2025-26-MATE-Topside/install/control_msg/share/control_msg/hook/cmake_prefix_path.dsv'
[0.898s] INFO:colcon.colcon_core.shell:Creating environment hook '/home/kyle/2025-26-MATE-Topside/install/control_msg/share/control_msg/hook/cmake_prefix_path.sh'
[0.899s] Level 1:colcon.colcon_core.environment:checking '/home/kyle/2025-26-MATE-Topside/install/control_msg/lib'
[0.899s] Level 1:colcon.colcon_core.shell:create_environment_hook('control_msg', 'ld_library_path_lib')
[0.899s] INFO:colcon.colcon_core.shell:Creating environment hook '/home/kyle/2025-26-MATE-Topside/install/control_msg/share/control_msg/hook/ld_library_path_lib.ps1'
[0.899s] INFO:colcon.colcon_core.shell:Creating environment descriptor '/home/kyle/2025-26-MATE-Topside/install/control_msg/share/control_msg/hook/ld_library_path_lib.dsv'
[0.899s] INFO:colcon.colcon_core.shell:Creating environment hook '/home/kyle/2025-26-MATE-Topside/install/control_msg/share/control_msg/hook/ld_library_path_lib.sh'
[0.899s] Level 1:colcon.colcon_core.environment:checking '/home/kyle/2025-26-MATE-Topside/install/control_msg/bin'
[0.900s] Level 1:colcon.colcon_core.environment:checking '/home/kyle/2025-26-MATE-Topside/install/control_msg/lib/pkgconfig/control_msg.pc'
[0.900s] Level 1:colcon.colcon_core.environment:checking '/home/kyle/2025-26-MATE-Topside/install/control_msg/lib/python3.12/site-packages'
[0.900s] Level 1:colcon.colcon_core.shell:create_environment_hook('control_msg', 'pythonpath')
[0.900s] INFO:colcon.colcon_core.shell:Creating environment hook '/home/kyle/2025-26-MATE-Topside/install/control_msg/share/control_msg/hook/pythonpath.ps1'
[0.900s] INFO:colcon.colcon_core.shell:Creating environment descriptor '/home/kyle/2025-26-MATE-Topside/install/control_msg/share/control_msg/hook/pythonpath.dsv'
[0.900s] INFO:colcon.colcon_core.shell:Creating environment hook '/home/kyle/2025-26-MATE-Topside/install/control_msg/share/control_msg/hook/pythonpath.sh'
[0.901s] Level 1:colcon.colcon_core.environment:checking '/home/kyle/2025-26-MATE-Topside/install/control_msg/bin'
[0.901s] INFO:colcon.colcon_core.shell:Creating package script '/home/kyle/2025-26-MATE-Topside/install/control_msg/share/control_msg/package.ps1'
[0.901s] INFO:colcon.colcon_core.shell:Creating package descriptor '/home/kyle/2025-26-MATE-Topside/install/control_msg/share/control_msg/package.dsv'
[0.901s] INFO:colcon.colcon_core.shell:Creating package script '/home/kyle/2025-26-MATE-Topside/install/control_msg/share/control_msg/package.sh'
[0.901s] INFO:colcon.colcon_core.shell:Creating package script '/home/kyle/2025-26-MATE-Topside/install/control_msg/share/control_msg/package.bash'
[0.902s] INFO:colcon.colcon_core.shell:Creating package script '/home/kyle/2025-26-MATE-Topside/install/control_msg/share/control_msg/package.zsh'
[0.902s] Level 1:colcon.colcon_core.environment:create_file_with_runtime_dependencies(/home/kyle/2025-26-MATE-Topside/install/control_msg/share/colcon-core/packages/control_msg)
[0.902s] Level 1:colcon.colcon_core.environment:create_environment_scripts_only(control_msg)
[0.902s] Level 1:colcon.colcon_core.environment:checking '/home/kyle/2025-26-MATE-Topside/install/control_msg' for CMake module files
[0.902s] Level 1:colcon.colcon_core.environment:checking '/home/kyle/2025-26-MATE-Topside/install/control_msg' for CMake config files
[0.903s] Level 1:colcon.colcon_core.shell:create_environment_hook('control_msg', 'cmake_prefix_path')
[0.903s] INFO:colcon.colcon_core.shell:Creating environment hook '/home/kyle/2025-26-MATE-Topside/install/control_msg/share/control_msg/hook/cmake_prefix_path.ps1'
[0.903s] INFO:colcon.colcon_core.shell:Creating environment descriptor '/home/kyle/2025-26-MATE-Topside/install/control_msg/share/control_msg/hook/cmake_prefix_path.dsv'
[0.903s] INFO:colcon.colcon_core.shell:Creating environment hook '/home/kyle/2025-26-MATE-Topside/install/control_msg/share/control_msg/hook/cmake_prefix_path.sh'
[0.903s] Level 1:colcon.colcon_core.environment:checking '/home/kyle/2025-26-MATE-Topside/install/control_msg/lib'
[0.903s] Level 1:colcon.colcon_core.shell:create_environment_hook('control_msg', 'ld_library_path_lib')
[0.903s] INFO:colcon.colcon_core.shell:Creating environment hook '/home/kyle/2025-26-MATE-Topside/install/control_msg/share/control_msg/hook/ld_library_path_lib.ps1'
[0.904s] INFO:colcon.colcon_core.shell:Creating environment descriptor '/home/kyle/2025-26-MATE-Topside/install/control_msg/share/control_msg/hook/ld_library_path_lib.dsv'
[0.904s] INFO:colcon.colcon_core.shell:Creating environment hook '/home/kyle/2025-26-MATE-Topside/install/control_msg/share/control_msg/hook/ld_library_path_lib.sh'
[0.904s] Level 1:colcon.colcon_core.environment:checking '/home/kyle/2025-26-MATE-Topside/install/control_msg/bin'
[0.904s] Level 1:colcon.colcon_core.environment:checking '/home/kyle/2025-26-MATE-Topside/install/control_msg/lib/pkgconfig/control_msg.pc'
[0.904s] Level 1:colcon.colcon_core.environment:checking '/home/kyle/2025-26-MATE-Topside/install/control_msg/lib/python3.12/site-packages'
[0.904s] Level 1:colcon.colcon_core.shell:create_environment_hook('control_msg', 'pythonpath')
[0.904s] INFO:colcon.colcon_core.shell:Creating environment hook '/home/kyle/2025-26-MATE-Topside/install/control_msg/share/control_msg/hook/pythonpath.ps1'
[0.904s] INFO:colcon.colcon_core.shell:Creating environment descriptor '/home/kyle/2025-26-MATE-Topside/install/control_msg/share/control_msg/hook/pythonpath.dsv'
[0.905s] INFO:colcon.colcon_core.shell:Creating environment hook '/home/kyle/2025-26-MATE-Topside/install/control_msg/share/control_msg/hook/pythonpath.sh'
[0.905s] Level 1:colcon.colcon_core.environment:checking '/home/kyle/2025-26-MATE-Topside/install/control_msg/bin'
[0.905s] INFO:colcon.colcon_core.shell:Creating package script '/home/kyle/2025-26-MATE-Topside/install/control_msg/share/control_msg/package.ps1'
[0.906s] INFO:colcon.colcon_core.shell:Creating package descriptor '/home/kyle/2025-26-MATE-Topside/install/control_msg/share/control_msg/package.dsv'
[0.906s] INFO:colcon.colcon_core.shell:Creating package script '/home/kyle/2025-26-MATE-Topside/install/control_msg/share/control_msg/package.sh'
[0.906s] INFO:colcon.colcon_core.shell:Creating package script '/home/kyle/2025-26-MATE-Topside/install/control_msg/share/control_msg/package.bash'
[0.906s] INFO:colcon.colcon_core.shell:Creating package script '/home/kyle/2025-26-MATE-Topside/install/control_msg/share/control_msg/package.zsh'
[0.906s] Level 1:colcon.colcon_core.environment:create_file_with_runtime_dependencies(/home/kyle/2025-26-MATE-Topside/install/control_msg/share/colcon-core/packages/control_msg)
[0.907s] INFO:colcon.colcon_ros.task.ament_python.build:Building ROS package in '/home/kyle/2025-26-MATE-Topside/controls' with build type 'ament_python'
[0.907s] Level 1:colcon.colcon_core.shell:create_environment_hook('controls', 'ament_prefix_path')
[0.907s] INFO:colcon.colcon_core.shell:Creating environment hook '/home/kyle/2025-26-MATE-Topside/install/controls/share/controls/hook/ament_prefix_path.ps1'
[0.907s] INFO:colcon.colcon_core.shell:Creating environment descriptor '/home/kyle/2025-26-MATE-Topside/install/controls/share/controls/hook/ament_prefix_path.dsv'
[0.908s] INFO:colcon.colcon_core.shell:Creating environment hook '/home/kyle/2025-26-MATE-Topside/install/controls/share/controls/hook/ament_prefix_path.sh'
[0.908s] INFO:colcon.colcon_core.shell:Skip shell extension 'powershell' for command environment: Not usable outside of PowerShell
[0.908s] DEBUG:colcon.colcon_core.shell:Skip shell extension 'dsv' for command environment
[1.204s] INFO:colcon.colcon_core.task.python.build:Building Python package in '/home/kyle/2025-26-MATE-Topside/controls'
[1.205s] INFO:colcon.colcon_core.shell:Skip shell extension 'powershell' for command environment: Not usable outside of PowerShell
[1.205s] DEBUG:colcon.colcon_core.shell:Skip shell extension 'dsv' for command environment
[1.911s] DEBUG:colcon.colcon_core.event_handler.log_command:Invoking command in '/home/kyle/2025-26-MATE-Topside/controls': PYTHONPATH=/home/kyle/2025-26-MATE-Topside/build/controls/prefix_override:/usr/lib/python3/dist-packages/colcon_core/task/python/colcon_distutils_commands:/home/kyle/2025-26-MATE-Topside/install/controls/lib/python3.12/site-packages:/home/kyle/2025-26-MATE-Topside/install/control_msg/lib/python3.12/site-packages:/home/kyle/2025-26-MATE-Topside/install/controls/lib/python3.12/site-packages:/opt/ros/jazzy/lib/python3.12/site-packages /usr/bin/python3 -W ignore:setup.py install is deprecated -W ignore:easy_install command is deprecated setup.py egg_info --egg-base ../build/controls build --build-base /home/kyle/2025-26-MATE-Topside/build/controls/build install --record /home/kyle/2025-26-MATE-Topside/build/controls/install.log --single-version-externally-managed install_data
[2.280s] Level 1:colcon.colcon_core.environment:checking '/home/kyle/2025-26-MATE-Topside/install/controls' for CMake module files
[2.280s] DEBUG:colcon.colcon_core.event_handler.log_command:Invoked command in '/home/kyle/2025-26-MATE-Topside/controls' returned '0': PYTHONPATH=/home/kyle/2025-26-MATE-Topside/build/controls/prefix_override:/usr/lib/python3/dist-packages/colcon_core/task/python/colcon_distutils_commands:/home/kyle/2025-26-MATE-Topside/install/controls/lib/python3.12/site-packages:/home/kyle/2025-26-MATE-Topside/install/control_msg/lib/python3.12/site-packages:/home/kyle/2025-26-MATE-Topside/install/controls/lib/python3.12/site-packages:/opt/ros/jazzy/lib/python3.12/site-packages /usr/bin/python3 -W ignore:setup.py install is deprecated -W ignore:easy_install command is deprecated setup.py egg_info --egg-base ../build/controls build --build-base /home/kyle/2025-26-MATE-Topside/build/controls/build install --record /home/kyle/2025-26-MATE-Topside/build/controls/install.log --single-version-externally-managed install_data
[2.281s] Level 1:colcon.colcon_core.environment:checking '/home/kyle/2025-26-MATE-Topside/install/controls' for CMake config files
[2.283s] Level 1:colcon.colcon_core.environment:checking '/home/kyle/2025-26-MATE-Topside/install/controls/lib'
[2.283s] Level 1:colcon.colcon_core.environment:checking '/home/kyle/2025-26-MATE-Topside/install/controls/bin'
[2.283s] Level 1:colcon.colcon_core.environment:checking '/home/kyle/2025-26-MATE-Topside/install/controls/lib/pkgconfig/controls.pc'
[2.283s] Level 1:colcon.colcon_core.environment:checking '/home/kyle/2025-26-MATE-Topside/install/controls/lib/python3.12/site-packages'
[2.283s] Level 1:colcon.colcon_core.shell:create_environment_hook('controls', 'pythonpath')
[2.283s] INFO:colcon.colcon_core.shell:Creating environment hook '/home/kyle/2025-26-MATE-Topside/install/controls/share/controls/hook/pythonpath.ps1'
[2.283s] INFO:colcon.colcon_core.shell:Creating environment descriptor '/home/kyle/2025-26-MATE-Topside/install/controls/share/controls/hook/pythonpath.dsv'
[2.284s] INFO:colcon.colcon_core.shell:Creating environment hook '/home/kyle/2025-26-MATE-Topside/install/controls/share/controls/hook/pythonpath.sh'
[2.284s] Level 1:colcon.colcon_core.environment:checking '/home/kyle/2025-26-MATE-Topside/install/controls/bin'
[2.284s] Level 1:colcon.colcon_core.environment:create_environment_scripts_only(controls)
[2.284s] INFO:colcon.colcon_core.shell:Creating package script '/home/kyle/2025-26-MATE-Topside/install/controls/share/controls/package.ps1'
[2.285s] INFO:colcon.colcon_core.shell:Creating package descriptor '/home/kyle/2025-26-MATE-Topside/install/controls/share/controls/package.dsv'
[2.285s] INFO:colcon.colcon_core.shell:Creating package script '/home/kyle/2025-26-MATE-Topside/install/controls/share/controls/package.sh'
[2.285s] INFO:colcon.colcon_core.shell:Creating package script '/home/kyle/2025-26-MATE-Topside/install/controls/share/controls/package.bash'
[2.285s] INFO:colcon.colcon_core.shell:Creating package script '/home/kyle/2025-26-MATE-Topside/install/controls/share/controls/package.zsh'
[2.285s] Level 1:colcon.colcon_core.environment:create_file_with_runtime_dependencies(/home/kyle/2025-26-MATE-Topside/install/controls/share/colcon-core/packages/controls)
[2.286s] DEBUG:colcon.colcon_parallel_executor.executor.parallel:closing loop
[2.286s] DEBUG:colcon.colcon_parallel_executor.executor.parallel:loop closed
[2.286s] DEBUG:colcon.colcon_parallel_executor.executor.parallel:run_until_complete finished with '0'
[2.286s] DEBUG:colcon.colcon_core.event_reactor:joining thread
[2.322s] INFO:colcon.colcon_core.plugin_system:Skipping extension 'colcon_notification.desktop_notification.notify_send': Could not find 'notify-send'
[2.322s] INFO:colcon.colcon_core.plugin_system:Skipping extension 'colcon_notification.desktop_notification.terminal_notifier': Not used on non-Darwin systems
[2.322s] INFO:colcon.colcon_core.plugin_system:Skipping extension 'colcon_notification.desktop_notification.win32': Not used on non-Windows systems
[2.323s] INFO:colcon.colcon_notification.desktop_notification:Sending desktop notification using 'notify2'
[2.325s] DEBUG:colcon.colcon_notification.desktop_notification.notify2:Failed to initialize notify2: org.freedesktop.DBus.Error.ServiceUnknown: The name org.freedesktop.Notifications was not provided by any .service files
[2.325s] DEBUG:colcon.colcon_core.event_reactor:joined thread
[2.326s] INFO:colcon.colcon_core.shell:Creating prefix script '/home/kyle/2025-26-MATE-Topside/install/local_setup.ps1'
[2.326s] INFO:colcon.colcon_core.shell:Creating prefix util module '/home/kyle/2025-26-MATE-Topside/install/_local_setup_util_ps1.py'
[2.327s] INFO:colcon.colcon_core.shell:Creating prefix chain script '/home/kyle/2025-26-MATE-Topside/install/setup.ps1'
[2.328s] INFO:colcon.colcon_core.shell:Creating prefix script '/home/kyle/2025-26-MATE-Topside/install/local_setup.sh'
[2.329s] INFO:colcon.colcon_core.shell:Creating prefix util module '/home/kyle/2025-26-MATE-Topside/install/_local_setup_util_sh.py'
[2.329s] INFO:colcon.colcon_core.shell:Creating prefix chain script '/home/kyle/2025-26-MATE-Topside/install/setup.sh'
[2.330s] INFO:colcon.colcon_core.shell:Creating prefix script '/home/kyle/2025-26-MATE-Topside/install/local_setup.bash'
[2.330s] INFO:colcon.colcon_core.shell:Creating prefix chain script '/home/kyle/2025-26-MATE-Topside/install/setup.bash'
[2.331s] INFO:colcon.colcon_core.shell:Creating prefix script '/home/kyle/2025-26-MATE-Topside/install/local_setup.zsh'
[2.331s] INFO:colcon.colcon_core.shell:Creating prefix chain script '/home/kyle/2025-26-MATE-Topside/install/setup.zsh'
