[0.010s] Invoking command in '/home/kyle/2025-26-MATE-Topside/build/control_msg': CMAKE_PREFIX_PATH=${CMAKE_PREFIX_PATH}:/opt/ros/jazzy /usr/bin/cmake /home/kyle/2025-26-MATE-Topside/control_msg -DCMAKE_INSTALL_PREFIX=/home/kyle/2025-26-MATE-Topside/install/control_msg
[0.035s] -- Found ament_cmake: 2.5.4 (/opt/ros/jazzy/share/ament_cmake/cmake)
[0.206s] -- Found rosidl_default_generators: 1.6.0 (/opt/ros/jazzy/share/rosidl_default_generators/cmake)
[0.207s] -- Using all available rosidl_typesupport_c: rosidl_typesupport_fastrtps_c;rosidl_typesupport_introspection_c
[0.313s] -- Using all available rosidl_typesupport_cpp: rosidl_typesupport_fastrtps_cpp;rosidl_typesupport_introspection_cpp
[0.331s] -- Found rosidl_adapter: 4.6.6 (/opt/ros/jazzy/share/rosidl_adapter/cmake)
[0.536s] [31mCMake Error at /opt/ros/jazzy/share/rosidl_adapter/cmake/rosidl_adapt_interfaces.cmake:57 (message):
[0.536s]   execute_process(/usr/bin/python3 -m rosidl_adapter --package-name
[0.536s]   control_msg --arguments-file
[0.536s]   /home/kyle/2025-26-MATE-Topside/build/control_msg/rosidl_adapter__arguments__control_msg.json
[0.536s]   --output-dir
[0.536s]   /home/kyle/2025-26-MATE-Topside/build/control_msg/rosidl_adapter/control_msg
[0.536s]   --output-file
[0.536s]   /home/kyle/2025-26-MATE-Topside/build/control_msg/rosidl_adapter/control_msg.idls)
[0.536s]   returned error code 1:
[0.536s] 
[0.536s]   Error processing 'bool A' of 'control_msg/ControllerInput': ''A' is an
[0.537s]   invalid field name.  It should have the pattern
[0.537s]   '^(?!.*__)(?!.*_$)[a-z][a-z0-9_]*$''
[0.537s] 
[0.537s]   Traceback (most recent call last):
[0.537s] 
[0.537s]     File "<frozen runpy>", line 198, in _run_module_as_main
[0.537s]     File "<frozen runpy>", line 88, in _run_code
[0.537s]     File "/opt/ros/jazzy/lib/python3.12/site-packages/rosidl_adapter/__main__.py", line 19, in <module>
[0.537s]       sys.exit(main())
[0.537s]                ^^^^^^
[0.537s]     File "/opt/ros/jazzy/lib/python3.12/site-packages/rosidl_adapter/main.py", line 53, in main
[0.537s]       abs_idl_file = convert_to_idl(
[0.537s]                      ^^^^^^^^^^^^^^^
[0.537s]     File "/opt/ros/jazzy/lib/python3.12/site-packages/rosidl_adapter/__init__.py", line 19, in convert_to_idl
[0.538s]       return convert_msg_to_idl(
[0.538s]              ^^^^^^^^^^^^^^^^^^^
[0.538s]     File "/opt/ros/jazzy/lib/python3.12/site-packages/rosidl_adapter/msg/__init__.py", line 28, in convert_msg_to_idl
[0.538s]       msg = parse_message_string(package_name, input_file.stem, content)
[0.538s]             ^^^^^^^^^^^^^^^^^^^^^^^^^^^^^^^^^^^^^^^^^^^^^^^^^^^^^^^^^^^^
[0.538s]     File "/opt/ros/jazzy/lib/python3.12/site-packages/rosidl_adapter/parser.py", line 520, in parse_message_string
[0.538s]       fields.append(Field(
[0.538s]                     ^^^^^^
[0.538s]     File "/opt/ros/jazzy/lib/python3.12/site-packages/rosidl_adapter/parser.py", line 355, in __init__
[0.538s]       raise NameError(
[0.538s] 
[0.538s]   NameError: 'A' is an invalid field name.  It should have the pattern
[0.538s]   '^(?!.*__)(?!.*_$)[a-z][a-z0-9_]*$'
[0.538s] 
[0.538s] Call Stack (most recent call first):
[0.538s]   /opt/ros/jazzy/share/rosidl_cmake/cmake/rosidl_generate_interfaces.cmake:132 (rosidl_adapt_interfaces)
[0.538s]   CMakeLists.txt:13 (rosidl_generate_interfaces)
[0.538s] 
[0.538s] [0m
[0.538s] -- Configuring incomplete, errors occurred!
[0.540s] Invoked command in '/home/kyle/2025-26-MATE-Topside/build/control_msg' returned '1': CMAKE_PREFIX_PATH=${CMAKE_PREFIX_PATH}:/opt/ros/jazzy /usr/bin/cmake /home/kyle/2025-26-MATE-Topside/control_msg -DCMAKE_INSTALL_PREFIX=/home/kyle/2025-26-MATE-Topside/install/control_msg
