-- Found ament_cmake: 2.5.4 (/opt/ros/jazzy/share/ament_cmake/cmake)
-- Found rosidl_default_generators: 1.6.0 (/opt/ros/jazzy/share/rosidl_default_generators/cmake)
-- Using all available rosidl_typesupport_c: rosidl_typesupport_fastrtps_c;rosidl_typesupport_introspection_c
-- Using all available rosidl_typesupport_cpp: rosidl_typesupport_fastrtps_cpp;rosidl_typesupport_introspection_cpp
-- Found rosidl_adapter: 4.6.6 (/opt/ros/jazzy/share/rosidl_adapter/cmake)
-- Found ament_cmake_ros: 0.12.0 (/opt/ros/jazzy/share/ament_cmake_ros/cmake)
-- Using all available rosidl_typesupport_c: rosidl_typesupport_fastrtps_c;rosidl_typesupport_introspection_c
-- Using all available rosidl_typesupport_cpp: rosidl_typesupport_fastrtps_cpp;rosidl_typesupport_introspection_cpp
-- Found python_cmake_module: 0.11.1 (/opt/ros/jazzy/share/python_cmake_module/cmake)
-- Found PythonExtra: /usr/bin/python3  
-- Found Python3: /usr/bin/python3 (found version "3.12.3") found components: Interpreter Development NumPy Development.Module Development.Embed 
-- Found ament_lint_auto: 0.17.3 (/opt/ros/jazzy/share/ament_lint_auto/cmake)
-- Added test 'lint_cmake' to check CMake code style
-- Added test 'xmllint' to check XML markup files
-- Configuring done (2.0s)
-- Generating done (0.0s)
-- Build files have been written to: /home/kyle/2025-26-MATE-Topside/build/control_msg
[  2%] [34m[1mGenerating type hashes for ROS interfaces[0m
[  2%] Built target ament_cmake_python_copy_control_msg
[  2%] Built target control_msg__rosidl_generator_type_description
[  5%] [34m[1mGenerating C code for ROS interfaces[0m
running egg_info
creating control_msg.egg-info
[  8%] [34m[1mGenerating C++ code for ROS interfaces[0m
writing control_msg.egg-info/PKG-INFO
writing dependency_links to control_msg.egg-info/dependency_links.txt
writing top-level names to control_msg.egg-info/top_level.txt
writing manifest file 'control_msg.egg-info/SOURCES.txt'
reading manifest file 'control_msg.egg-info/SOURCES.txt'
writing manifest file 'control_msg.egg-info/SOURCES.txt'
[  8%] Built target ament_cmake_python_build_control_msg_egg
[  8%] Built target control_msg__cpp
[ 11%] [32mBuilding C object CMakeFiles/control_msg__rosidl_generator_c.dir/rosidl_generator_c/control_msg/msg/detail/controller_input__description.c.o[0m
[ 14%] [32mBuilding C object CMakeFiles/control_msg__rosidl_generator_c.dir/rosidl_generator_c/control_msg/msg/detail/controller_input__functions.c.o[0m
[ 17%] [32mBuilding C object CMakeFiles/control_msg__rosidl_generator_c.dir/rosidl_generator_c/control_msg/msg/detail/controller_input__type_support.c.o[0m
[ 20%] [32m[1mLinking C shared library libcontrol_msg__rosidl_generator_c.so[0m
[ 20%] Built target control_msg__rosidl_generator_c
[ 23%] [34m[1mGenerating C type support for eProsima Fast-RTPS[0m
[ 26%] [34m[1mGenerating C introspection for ROS interfaces[0m
[ 29%] [34m[1mGenerating C type support dispatch for ROS interfaces[0m
[ 35%] [34m[1mGenerating C++ type support dispatch for ROS interfaces[0m
[ 38%] [34m[1mGenerating C++ introspection for ROS interfaces[0m
[ 38%] [34m[1mGenerating C++ type support for eProsima Fast-RTPS[0m
[ 41%] [32mBuilding CXX object CMakeFiles/control_msg__rosidl_typesupport_c.dir/rosidl_typesupport_c/control_msg/msg/controller_input__type_support.cpp.o[0m
[ 44%] [32mBuilding CXX object CMakeFiles/control_msg__rosidl_typesupport_cpp.dir/rosidl_typesupport_cpp/control_msg/msg/controller_input__type_support.cpp.o[0m
[ 47%] [32mBuilding C object CMakeFiles/control_msg__rosidl_typesupport_introspection_c.dir/rosidl_typesupport_introspection_c/control_msg/msg/detail/controller_input__type_support.c.o[0m
[ 50%] [32mBuilding CXX object CMakeFiles/control_msg__rosidl_typesupport_introspection_cpp.dir/rosidl_typesupport_introspection_cpp/control_msg/msg/detail/controller_input__type_support.cpp.o[0m
[ 52%] [32mBuilding CXX object CMakeFiles/control_msg__rosidl_typesupport_fastrtps_c.dir/rosidl_typesupport_fastrtps_c/control_msg/msg/detail/controller_input__type_support_c.cpp.o[0m
[ 55%] [32m[1mLinking CXX shared library libcontrol_msg__rosidl_typesupport_c.so[0m
[ 58%] [32m[1mLinking C shared library libcontrol_msg__rosidl_typesupport_introspection_c.so[0m
[ 61%] [32mBuilding CXX object CMakeFiles/control_msg__rosidl_typesupport_fastrtps_cpp.dir/rosidl_typesupport_fastrtps_cpp/control_msg/msg/detail/dds_fastrtps/controller_input__type_support.cpp.o[0m
[ 61%] Built target control_msg__rosidl_typesupport_introspection_c
[ 61%] Built target control_msg__rosidl_typesupport_c
[ 64%] [32m[1mLinking CXX shared library libcontrol_msg__rosidl_typesupport_cpp.so[0m
[ 67%] [32m[1mLinking CXX shared library libcontrol_msg__rosidl_typesupport_introspection_cpp.so[0m
[ 67%] Built target control_msg__rosidl_typesupport_cpp
[ 67%] Built target control_msg__rosidl_typesupport_introspection_cpp
[ 70%] [32m[1mLinking CXX shared library libcontrol_msg__rosidl_typesupport_fastrtps_c.so[0m
[ 73%] [32m[1mLinking CXX shared library libcontrol_msg__rosidl_typesupport_fastrtps_cpp.so[0m
[ 73%] Built target control_msg__rosidl_typesupport_fastrtps_c
[ 73%] Built target control_msg__rosidl_typesupport_fastrtps_cpp
[ 73%] Built target control_msg
[ 76%] [34m[1mGenerating Python code for ROS interfaces[0m
[ 76%] Built target control_msg__py
[ 79%] [32mBuilding C object CMakeFiles/control_msg__rosidl_generator_py.dir/rosidl_generator_py/control_msg/msg/_controller_input_s.c.o[0m
[ 82%] [32m[1mLinking C shared library libcontrol_msg__rosidl_generator_py.so[0m
[ 82%] Built target control_msg__rosidl_generator_py
[ 85%] [32mBuilding C object CMakeFiles/control_msg_s__rosidl_typesupport_fastrtps_c.dir/rosidl_generator_py/control_msg/_control_msg_s.ep.rosidl_typesupport_fastrtps_c.c.o[0m
[ 88%] [32mBuilding C object CMakeFiles/control_msg_s__rosidl_typesupport_c.dir/rosidl_generator_py/control_msg/_control_msg_s.ep.rosidl_typesupport_c.c.o[0m
[ 91%] [32mBuilding C object CMakeFiles/control_msg_s__rosidl_typesupport_introspection_c.dir/rosidl_generator_py/control_msg/_control_msg_s.ep.rosidl_typesupport_introspection_c.c.o[0m
[ 94%] [32m[1mLinking C shared module rosidl_generator_py/control_msg/control_msg_s__rosidl_typesupport_fastrtps_c.so[0m
[ 97%] [32m[1mLinking C shared module rosidl_generator_py/control_msg/control_msg_s__rosidl_typesupport_c.so[0m
[100%] [32m[1mLinking C shared module rosidl_generator_py/control_msg/control_msg_s__rosidl_typesupport_introspection_c.so[0m
[100%] Built target control_msg_s__rosidl_typesupport_fastrtps_c
[100%] Built target control_msg_s__rosidl_typesupport_c
[100%] Built target control_msg_s__rosidl_typesupport_introspection_c
-- Install configuration: ""
-- Installing: /home/kyle/2025-26-MATE-Topside/install/control_msg/share/ament_index/resource_index/rosidl_interfaces/control_msg
-- Installing: /home/kyle/2025-26-MATE-Topside/install/control_msg/share/control_msg/msg/ControllerInput.json
-- Installing: /home/kyle/2025-26-MATE-Topside/install/control_msg/include/control_msg/control_msg
-- Installing: /home/kyle/2025-26-MATE-Topside/install/control_msg/include/control_msg/control_msg/msg
-- Installing: /home/kyle/2025-26-MATE-Topside/install/control_msg/include/control_msg/control_msg/msg/controller_input.h
-- Installing: /home/kyle/2025-26-MATE-Topside/install/control_msg/include/control_msg/control_msg/msg/rosidl_generator_c__visibility_control.h
-- Installing: /home/kyle/2025-26-MATE-Topside/install/control_msg/include/control_msg/control_msg/msg/detail
-- Installing: /home/kyle/2025-26-MATE-Topside/install/control_msg/include/control_msg/control_msg/msg/detail/controller_input__struct.h
-- Installing: /home/kyle/2025-26-MATE-Topside/install/control_msg/include/control_msg/control_msg/msg/detail/controller_input__functions.h
-- Installing: /home/kyle/2025-26-MATE-Topside/install/control_msg/include/control_msg/control_msg/msg/detail/controller_input__type_support.h
-- Installing: /home/kyle/2025-26-MATE-Topside/install/control_msg/include/control_msg/control_msg/msg/detail/controller_input__functions.c
-- Installing: /home/kyle/2025-26-MATE-Topside/install/control_msg/include/control_msg/control_msg/msg/detail/controller_input__description.c
-- Installing: /home/kyle/2025-26-MATE-Topside/install/control_msg/include/control_msg/control_msg/msg/detail/controller_input__type_support.c
-- Installing: /home/kyle/2025-26-MATE-Topside/install/control_msg/share/control_msg/environment/library_path.sh
-- Installing: /home/kyle/2025-26-MATE-Topside/install/control_msg/share/control_msg/environment/library_path.dsv
-- Installing: /home/kyle/2025-26-MATE-Topside/install/control_msg/lib/libcontrol_msg__rosidl_generator_c.so
-- Set non-toolchain portion of runtime path of "/home/kyle/2025-26-MATE-Topside/install/control_msg/lib/libcontrol_msg__rosidl_generator_c.so" to ""
-- Up-to-date: /home/kyle/2025-26-MATE-Topside/install/control_msg/include/control_msg/control_msg
-- Up-to-date: /home/kyle/2025-26-MATE-Topside/install/control_msg/include/control_msg/control_msg/msg
-- Up-to-date: /home/kyle/2025-26-MATE-Topside/install/control_msg/include/control_msg/control_msg/msg/detail
-- Installing: /home/kyle/2025-26-MATE-Topside/install/control_msg/include/control_msg/control_msg/msg/detail/controller_input__rosidl_typesupport_fastrtps_c.h
-- Installing: /home/kyle/2025-26-MATE-Topside/install/control_msg/include/control_msg/control_msg/msg/rosidl_typesupport_fastrtps_c__visibility_control.h
-- Installing: /home/kyle/2025-26-MATE-Topside/install/control_msg/lib/libcontrol_msg__rosidl_typesupport_fastrtps_c.so
-- Set non-toolchain portion of runtime path of "/home/kyle/2025-26-MATE-Topside/install/control_msg/lib/libcontrol_msg__rosidl_typesupport_fastrtps_c.so" to ""
-- Up-to-date: /home/kyle/2025-26-MATE-Topside/install/control_msg/include/control_msg/control_msg
-- Up-to-date: /home/kyle/2025-26-MATE-Topside/install/control_msg/include/control_msg/control_msg/msg
-- Up-to-date: /home/kyle/2025-26-MATE-Topside/install/control_msg/include/control_msg/control_msg/msg/detail
-- Installing: /home/kyle/2025-26-MATE-Topside/install/control_msg/include/control_msg/control_msg/msg/detail/controller_input__rosidl_typesupport_introspection_c.h
-- Up-to-date: /home/kyle/2025-26-MATE-Topside/install/control_msg/include/control_msg/control_msg/msg/detail/controller_input__type_support.c
-- Installing: /home/kyle/2025-26-MATE-Topside/install/control_msg/include/control_msg/control_msg/msg/rosidl_typesupport_introspection_c__visibility_control.h
-- Installing: /home/kyle/2025-26-MATE-Topside/install/control_msg/lib/libcontrol_msg__rosidl_typesupport_introspection_c.so
-- Set non-toolchain portion of runtime path of "/home/kyle/2025-26-MATE-Topside/install/control_msg/lib/libcontrol_msg__rosidl_typesupport_introspection_c.so" to ""
-- Installing: /home/kyle/2025-26-MATE-Topside/install/control_msg/lib/libcontrol_msg__rosidl_typesupport_c.so
-- Set non-toolchain portion of runtime path of "/home/kyle/2025-26-MATE-Topside/install/control_msg/lib/libcontrol_msg__rosidl_typesupport_c.so" to ""
-- Up-to-date: /home/kyle/2025-26-MATE-Topside/install/control_msg/include/control_msg/control_msg
-- Up-to-date: /home/kyle/2025-26-MATE-Topside/install/control_msg/include/control_msg/control_msg/msg
-- Up-to-date: /home/kyle/2025-26-MATE-Topside/install/control_msg/include/control_msg/control_msg/msg/detail
-- Installing: /home/kyle/2025-26-MATE-Topside/install/control_msg/include/control_msg/control_msg/msg/detail/controller_input__builder.hpp
-- Installing: /home/kyle/2025-26-MATE-Topside/install/control_msg/include/control_msg/control_msg/msg/detail/controller_input__traits.hpp
-- Installing: /home/kyle/2025-26-MATE-Topside/install/control_msg/include/control_msg/control_msg/msg/detail/controller_input__type_support.hpp
-- Installing: /home/kyle/2025-26-MATE-Topside/install/control_msg/include/control_msg/control_msg/msg/detail/controller_input__struct.hpp
-- Installing: /home/kyle/2025-26-MATE-Topside/install/control_msg/include/control_msg/control_msg/msg/controller_input.hpp
-- Installing: /home/kyle/2025-26-MATE-Topside/install/control_msg/include/control_msg/control_msg/msg/rosidl_generator_cpp__visibility_control.hpp
-- Up-to-date: /home/kyle/2025-26-MATE-Topside/install/control_msg/include/control_msg/control_msg
-- Up-to-date: /home/kyle/2025-26-MATE-Topside/install/control_msg/include/control_msg/control_msg/msg
-- Up-to-date: /home/kyle/2025-26-MATE-Topside/install/control_msg/include/control_msg/control_msg/msg/detail
-- Installing: /home/kyle/2025-26-MATE-Topside/install/control_msg/include/control_msg/control_msg/msg/detail/controller_input__rosidl_typesupport_fastrtps_cpp.hpp
-- Installing: /home/kyle/2025-26-MATE-Topside/install/control_msg/include/control_msg/control_msg/msg/detail/dds_fastrtps
-- Installing: /home/kyle/2025-26-MATE-Topside/install/control_msg/include/control_msg/control_msg/msg/rosidl_typesupport_fastrtps_cpp__visibility_control.h
-- Installing: /home/kyle/2025-26-MATE-Topside/install/control_msg/lib/libcontrol_msg__rosidl_typesupport_fastrtps_cpp.so
-- Set non-toolchain portion of runtime path of "/home/kyle/2025-26-MATE-Topside/install/control_msg/lib/libcontrol_msg__rosidl_typesupport_fastrtps_cpp.so" to ""
-- Up-to-date: /home/kyle/2025-26-MATE-Topside/install/control_msg/include/control_msg/control_msg
-- Up-to-date: /home/kyle/2025-26-MATE-Topside/install/control_msg/include/control_msg/control_msg/msg
-- Up-to-date: /home/kyle/2025-26-MATE-Topside/install/control_msg/include/control_msg/control_msg/msg/detail
-- Installing: /home/kyle/2025-26-MATE-Topside/install/control_msg/include/control_msg/control_msg/msg/detail/controller_input__type_support.cpp
-- Installing: /home/kyle/2025-26-MATE-Topside/install/control_msg/include/control_msg/control_msg/msg/detail/controller_input__rosidl_typesupport_introspection_cpp.hpp
-- Installing: /home/kyle/2025-26-MATE-Topside/install/control_msg/lib/libcontrol_msg__rosidl_typesupport_introspection_cpp.so
-- Set non-toolchain portion of runtime path of "/home/kyle/2025-26-MATE-Topside/install/control_msg/lib/libcontrol_msg__rosidl_typesupport_introspection_cpp.so" to ""
-- Installing: /home/kyle/2025-26-MATE-Topside/install/control_msg/lib/libcontrol_msg__rosidl_typesupport_cpp.so
-- Set non-toolchain portion of runtime path of "/home/kyle/2025-26-MATE-Topside/install/control_msg/lib/libcontrol_msg__rosidl_typesupport_cpp.so" to ""
-- Installing: /home/kyle/2025-26-MATE-Topside/install/control_msg/share/control_msg/environment/pythonpath.sh
-- Installing: /home/kyle/2025-26-MATE-Topside/install/control_msg/share/control_msg/environment/pythonpath.dsv
-- Installing: /home/kyle/2025-26-MATE-Topside/install/control_msg/lib/python3.12/site-packages/control_msg-0.0.0-py3.12.egg-info
-- Installing: /home/kyle/2025-26-MATE-Topside/install/control_msg/lib/python3.12/site-packages/control_msg-0.0.0-py3.12.egg-info/PKG-INFO
-- Installing: /home/kyle/2025-26-MATE-Topside/install/control_msg/lib/python3.12/site-packages/control_msg-0.0.0-py3.12.egg-info/top_level.txt
-- Installing: /home/kyle/2025-26-MATE-Topside/install/control_msg/lib/python3.12/site-packages/control_msg-0.0.0-py3.12.egg-info/dependency_links.txt
-- Installing: /home/kyle/2025-26-MATE-Topside/install/control_msg/lib/python3.12/site-packages/control_msg-0.0.0-py3.12.egg-info/SOURCES.txt
-- Installing: /home/kyle/2025-26-MATE-Topside/install/control_msg/lib/python3.12/site-packages/control_msg
-- Installing: /home/kyle/2025-26-MATE-Topside/install/control_msg/lib/python3.12/site-packages/control_msg/_control_msg_s.ep.rosidl_typesupport_introspection_c.c
-- Installing: /home/kyle/2025-26-MATE-Topside/install/control_msg/lib/python3.12/site-packages/control_msg/__init__.py
-- Installing: /home/kyle/2025-26-MATE-Topside/install/control_msg/lib/python3.12/site-packages/control_msg/control_msg_s__rosidl_typesupport_c.so
-- Installing: /home/kyle/2025-26-MATE-Topside/install/control_msg/lib/python3.12/site-packages/control_msg/control_msg_s__rosidl_typesupport_fastrtps_c.so
-- Installing: /home/kyle/2025-26-MATE-Topside/install/control_msg/lib/python3.12/site-packages/control_msg/control_msg_s__rosidl_typesupport_introspection_c.so
-- Installing: /home/kyle/2025-26-MATE-Topside/install/control_msg/lib/python3.12/site-packages/control_msg/_control_msg_s.ep.rosidl_typesupport_fastrtps_c.c
-- Installing: /home/kyle/2025-26-MATE-Topside/install/control_msg/lib/python3.12/site-packages/control_msg/msg
-- Installing: /home/kyle/2025-26-MATE-Topside/install/control_msg/lib/python3.12/site-packages/control_msg/msg/__init__.py
-- Installing: /home/kyle/2025-26-MATE-Topside/install/control_msg/lib/python3.12/site-packages/control_msg/msg/_controller_input.py
-- Installing: /home/kyle/2025-26-MATE-Topside/install/control_msg/lib/python3.12/site-packages/control_msg/msg/_controller_input_s.c
-- Installing: /home/kyle/2025-26-MATE-Topside/install/control_msg/lib/python3.12/site-packages/control_msg/_control_msg_s.ep.rosidl_typesupport_c.c
Listing '/home/kyle/2025-26-MATE-Topside/install/control_msg/lib/python3.12/site-packages/control_msg'...
Compiling '/home/kyle/2025-26-MATE-Topside/install/control_msg/lib/python3.12/site-packages/control_msg/__init__.py'...
Listing '/home/kyle/2025-26-MATE-Topside/install/control_msg/lib/python3.12/site-packages/control_msg/msg'...
Compiling '/home/kyle/2025-26-MATE-Topside/install/control_msg/lib/python3.12/site-packages/control_msg/msg/__init__.py'...
Compiling '/home/kyle/2025-26-MATE-Topside/install/control_msg/lib/python3.12/site-packages/control_msg/msg/_controller_input.py'...
-- Installing: /home/kyle/2025-26-MATE-Topside/install/control_msg/lib/python3.12/site-packages/control_msg/control_msg_s__rosidl_typesupport_fastrtps_c.so
-- Set non-toolchain portion of runtime path of "/home/kyle/2025-26-MATE-Topside/install/control_msg/lib/python3.12/site-packages/control_msg/control_msg_s__rosidl_typesupport_fastrtps_c.so" to ""
-- Installing: /home/kyle/2025-26-MATE-Topside/install/control_msg/lib/python3.12/site-packages/control_msg/control_msg_s__rosidl_typesupport_introspection_c.so
-- Set non-toolchain portion of runtime path of "/home/kyle/2025-26-MATE-Topside/install/control_msg/lib/python3.12/site-packages/control_msg/control_msg_s__rosidl_typesupport_introspection_c.so" to ""
-- Installing: /home/kyle/2025-26-MATE-Topside/install/control_msg/lib/python3.12/site-packages/control_msg/control_msg_s__rosidl_typesupport_c.so
-- Set non-toolchain portion of runtime path of "/home/kyle/2025-26-MATE-Topside/install/control_msg/lib/python3.12/site-packages/control_msg/control_msg_s__rosidl_typesupport_c.so" to ""
-- Installing: /home/kyle/2025-26-MATE-Topside/install/control_msg/lib/libcontrol_msg__rosidl_generator_py.so
-- Set non-toolchain portion of runtime path of "/home/kyle/2025-26-MATE-Topside/install/control_msg/lib/libcontrol_msg__rosidl_generator_py.so" to ""
-- Installing: /home/kyle/2025-26-MATE-Topside/install/control_msg/share/control_msg/msg/ControllerInput.idl
-- Installing: /home/kyle/2025-26-MATE-Topside/install/control_msg/share/control_msg/msg/ControllerInput.msg
-- Installing: /home/kyle/2025-26-MATE-Topside/install/control_msg/share/ament_index/resource_index/package_run_dependencies/control_msg
-- Installing: /home/kyle/2025-26-MATE-Topside/install/control_msg/share/ament_index/resource_index/parent_prefix_path/control_msg
-- Installing: /home/kyle/2025-26-MATE-Topside/install/control_msg/share/control_msg/environment/ament_prefix_path.sh
-- Installing: /home/kyle/2025-26-MATE-Topside/install/control_msg/share/control_msg/environment/ament_prefix_path.dsv
-- Installing: /home/kyle/2025-26-MATE-Topside/install/control_msg/share/control_msg/environment/path.sh
-- Installing: /home/kyle/2025-26-MATE-Topside/install/control_msg/share/control_msg/environment/path.dsv
-- Installing: /home/kyle/2025-26-MATE-Topside/install/control_msg/share/control_msg/local_setup.bash
-- Installing: /home/kyle/2025-26-MATE-Topside/install/control_msg/share/control_msg/local_setup.sh
-- Installing: /home/kyle/2025-26-MATE-Topside/install/control_msg/share/control_msg/local_setup.zsh
-- Installing: /home/kyle/2025-26-MATE-Topside/install/control_msg/share/control_msg/local_setup.dsv
-- Installing: /home/kyle/2025-26-MATE-Topside/install/control_msg/share/control_msg/package.dsv
-- Installing: /home/kyle/2025-26-MATE-Topside/install/control_msg/share/ament_index/resource_index/packages/control_msg
-- Installing: /home/kyle/2025-26-MATE-Topside/install/control_msg/share/control_msg/cmake/export_control_msg__rosidl_generator_cExport.cmake
-- Installing: /home/kyle/2025-26-MATE-Topside/install/control_msg/share/control_msg/cmake/export_control_msg__rosidl_generator_cExport-noconfig.cmake
-- Installing: /home/kyle/2025-26-MATE-Topside/install/control_msg/share/control_msg/cmake/export_control_msg__rosidl_typesupport_fastrtps_cExport.cmake
-- Installing: /home/kyle/2025-26-MATE-Topside/install/control_msg/share/control_msg/cmake/export_control_msg__rosidl_typesupport_fastrtps_cExport-noconfig.cmake
-- Installing: /home/kyle/2025-26-MATE-Topside/install/control_msg/share/control_msg/cmake/control_msg__rosidl_typesupport_introspection_cExport.cmake
-- Installing: /home/kyle/2025-26-MATE-Topside/install/control_msg/share/control_msg/cmake/control_msg__rosidl_typesupport_introspection_cExport-noconfig.cmake
-- Installing: /home/kyle/2025-26-MATE-Topside/install/control_msg/share/control_msg/cmake/control_msg__rosidl_typesupport_cExport.cmake
-- Installing: /home/kyle/2025-26-MATE-Topside/install/control_msg/share/control_msg/cmake/control_msg__rosidl_typesupport_cExport-noconfig.cmake
-- Installing: /home/kyle/2025-26-MATE-Topside/install/control_msg/share/control_msg/cmake/export_control_msg__rosidl_generator_cppExport.cmake
-- Installing: /home/kyle/2025-26-MATE-Topside/install/control_msg/share/control_msg/cmake/export_control_msg__rosidl_typesupport_fastrtps_cppExport.cmake
-- Installing: /home/kyle/2025-26-MATE-Topside/install/control_msg/share/control_msg/cmake/export_control_msg__rosidl_typesupport_fastrtps_cppExport-noconfig.cmake
-- Installing: /home/kyle/2025-26-MATE-Topside/install/control_msg/share/control_msg/cmake/control_msg__rosidl_typesupport_introspection_cppExport.cmake
-- Installing: /home/kyle/2025-26-MATE-Topside/install/control_msg/share/control_msg/cmake/control_msg__rosidl_typesupport_introspection_cppExport-noconfig.cmake
-- Installing: /home/kyle/2025-26-MATE-Topside/install/control_msg/share/control_msg/cmake/control_msg__rosidl_typesupport_cppExport.cmake
-- Installing: /home/kyle/2025-26-MATE-Topside/install/control_msg/share/control_msg/cmake/control_msg__rosidl_typesupport_cppExport-noconfig.cmake
-- Installing: /home/kyle/2025-26-MATE-Topside/install/control_msg/share/control_msg/cmake/export_control_msg__rosidl_generator_pyExport.cmake
-- Installing: /home/kyle/2025-26-MATE-Topside/install/control_msg/share/control_msg/cmake/export_control_msg__rosidl_generator_pyExport-noconfig.cmake
-- Installing: /home/kyle/2025-26-MATE-Topside/install/control_msg/share/control_msg/cmake/rosidl_cmake-extras.cmake
-- Installing: /home/kyle/2025-26-MATE-Topside/install/control_msg/share/control_msg/cmake/ament_cmake_export_include_directories-extras.cmake
-- Installing: /home/kyle/2025-26-MATE-Topside/install/control_msg/share/control_msg/cmake/ament_cmake_export_libraries-extras.cmake
-- Installing: /home/kyle/2025-26-MATE-Topside/install/control_msg/share/control_msg/cmake/ament_cmake_export_targets-extras.cmake
-- Installing: /home/kyle/2025-26-MATE-Topside/install/control_msg/share/control_msg/cmake/rosidl_cmake_export_typesupport_targets-extras.cmake
-- Installing: /home/kyle/2025-26-MATE-Topside/install/control_msg/share/control_msg/cmake/ament_cmake_export_dependencies-extras.cmake
-- Installing: /home/kyle/2025-26-MATE-Topside/install/control_msg/share/control_msg/cmake/rosidl_cmake_export_typesupport_libraries-extras.cmake
-- Installing: /home/kyle/2025-26-MATE-Topside/install/control_msg/share/control_msg/cmake/control_msgConfig.cmake
-- Installing: /home/kyle/2025-26-MATE-Topside/install/control_msg/share/control_msg/cmake/control_msgConfig-version.cmake
-- Installing: /home/kyle/2025-26-MATE-Topside/install/control_msg/share/control_msg/package.xml
