[0.011s] Invoking command in '/home/kyle/2025-26-MATE-Topside/build/control_msg': CMAKE_PREFIX_PATH=${CMAKE_PREFIX_PATH}:/opt/ros/jazzy /usr/bin/cmake /home/kyle/2025-26-MATE-Topside/control_msg -DCMAKE_INSTALL_PREFIX=/home/kyle/2025-26-MATE-Topside/install/control_msg
[0.033s] -- Found ament_cmake: 2.5.4 (/opt/ros/jazzy/share/ament_cmake/cmake)
[0.214s] -- Found rosidl_default_generators: 1.6.0 (/opt/ros/jazzy/share/rosidl_default_generators/cmake)
[0.215s] -- Using all available rosidl_typesupport_c: rosidl_typesupport_fastrtps_c;rosidl_typesupport_introspection_c
[0.318s] -- Using all available rosidl_typesupport_cpp: rosidl_typesupport_fastrtps_cpp;rosidl_typesupport_introspection_cpp
[0.341s] -- Found rosidl_adapter: 4.6.6 (/opt/ros/jazzy/share/rosidl_adapter/cmake)
[0.781s] -- Found ament_cmake_ros: 0.12.0 (/opt/ros/jazzy/share/ament_cmake_ros/cmake)
[1.089s] -- Using all available rosidl_typesupport_c: rosidl_typesupport_fastrtps_c;rosidl_typesupport_introspection_c
[1.485s] -- Using all available rosidl_typesupport_cpp: rosidl_typesupport_fastrtps_cpp;rosidl_typesupport_introspection_cpp
[1.490s] -- Found python_cmake_module: 0.11.1 (/opt/ros/jazzy/share/python_cmake_module/cmake)
[1.589s] -- Found PythonExtra: /usr/bin/python3  
[1.997s] -- Found Python3: /usr/bin/python3 (found version "3.12.3") found components: Interpreter Development NumPy Development.Module Development.Embed 
[2.024s] -- Found ament_lint_auto: 0.17.3 (/opt/ros/jazzy/share/ament_lint_auto/cmake)
[2.051s] -- Added test 'lint_cmake' to check CMake code style
[2.054s] -- Added test 'xmllint' to check XML markup files
[2.057s] -- Configuring done (2.0s)
[2.088s] -- Generating done (0.0s)
[2.096s] -- Build files have been written to: /home/kyle/2025-26-MATE-Topside/build/control_msg
[2.100s] Invoked command in '/home/kyle/2025-26-MATE-Topside/build/control_msg' returned '0': CMAKE_PREFIX_PATH=${CMAKE_PREFIX_PATH}:/opt/ros/jazzy /usr/bin/cmake /home/kyle/2025-26-MATE-Topside/control_msg -DCMAKE_INSTALL_PREFIX=/home/kyle/2025-26-MATE-Topside/install/control_msg
[2.101s] Invoking command in '/home/kyle/2025-26-MATE-Topside/build/control_msg': CMAKE_PREFIX_PATH=${CMAKE_PREFIX_PATH}:/opt/ros/jazzy /usr/bin/cmake --build /home/kyle/2025-26-MATE-Topside/build/control_msg -- -j8 -l8
[2.133s] [  2%] [34m[1mGenerating type hashes for ROS interfaces[0m
[2.141s] [  2%] Built target ament_cmake_python_copy_control_msg
[2.323s] [  2%] Built target control_msg__rosidl_generator_type_description
[2.331s] [  5%] [34m[1mGenerating C code for ROS interfaces[0m
[2.339s] running egg_info
[2.344s] creating control_msg.egg-info
[2.346s] [  8%] [34m[1mGenerating C++ code for ROS interfaces[0m
[2.354s] writing control_msg.egg-info/PKG-INFO
[2.355s] writing dependency_links to control_msg.egg-info/dependency_links.txt
[2.355s] writing top-level names to control_msg.egg-info/top_level.txt
[2.355s] writing manifest file 'control_msg.egg-info/SOURCES.txt'
[2.402s] reading manifest file 'control_msg.egg-info/SOURCES.txt'
[2.402s] writing manifest file 'control_msg.egg-info/SOURCES.txt'
[2.428s] [  8%] Built target ament_cmake_python_build_control_msg_egg
[2.540s] [  8%] Built target control_msg__cpp
[2.549s] [ 11%] [32mBuilding C object CMakeFiles/control_msg__rosidl_generator_c.dir/rosidl_generator_c/control_msg/msg/detail/controller_input__description.c.o[0m
[2.549s] [ 14%] [32mBuilding C object CMakeFiles/control_msg__rosidl_generator_c.dir/rosidl_generator_c/control_msg/msg/detail/controller_input__functions.c.o[0m
[2.551s] [ 17%] [32mBuilding C object CMakeFiles/control_msg__rosidl_generator_c.dir/rosidl_generator_c/control_msg/msg/detail/controller_input__type_support.c.o[0m
[2.602s] [ 20%] [32m[1mLinking C shared library libcontrol_msg__rosidl_generator_c.so[0m
[2.679s] [ 20%] Built target control_msg__rosidl_generator_c
[2.688s] [ 23%] [34m[1mGenerating C type support for eProsima Fast-RTPS[0m
[2.688s] [ 26%] [34m[1mGenerating C introspection for ROS interfaces[0m
[2.688s] [ 29%] [34m[1mGenerating C type support dispatch for ROS interfaces[0m
[2.704s] [ 35%] [34m[1mGenerating C++ type support dispatch for ROS interfaces[0m
[2.713s] [ 38%] [34m[1mGenerating C++ introspection for ROS interfaces[0m
[2.713s] [ 38%] [34m[1mGenerating C++ type support for eProsima Fast-RTPS[0m
[3.016s] [ 41%] [32mBuilding CXX object CMakeFiles/control_msg__rosidl_typesupport_c.dir/rosidl_typesupport_c/control_msg/msg/controller_input__type_support.cpp.o[0m
[3.022s] [ 44%] [32mBuilding CXX object CMakeFiles/control_msg__rosidl_typesupport_cpp.dir/rosidl_typesupport_cpp/control_msg/msg/controller_input__type_support.cpp.o[0m
[3.029s] [ 47%] [32mBuilding C object CMakeFiles/control_msg__rosidl_typesupport_introspection_c.dir/rosidl_typesupport_introspection_c/control_msg/msg/detail/controller_input__type_support.c.o[0m
[3.052s] [ 50%] [32mBuilding CXX object CMakeFiles/control_msg__rosidl_typesupport_introspection_cpp.dir/rosidl_typesupport_introspection_cpp/control_msg/msg/detail/controller_input__type_support.cpp.o[0m
[3.072s] [ 52%] [32mBuilding CXX object CMakeFiles/control_msg__rosidl_typesupport_fastrtps_c.dir/rosidl_typesupport_fastrtps_c/control_msg/msg/detail/controller_input__type_support_c.cpp.o[0m
[3.073s] [ 55%] [32m[1mLinking CXX shared library libcontrol_msg__rosidl_typesupport_c.so[0m
[3.075s] [ 58%] [32m[1mLinking C shared library libcontrol_msg__rosidl_typesupport_introspection_c.so[0m
[3.089s] [ 61%] [32mBuilding CXX object CMakeFiles/control_msg__rosidl_typesupport_fastrtps_cpp.dir/rosidl_typesupport_fastrtps_cpp/control_msg/msg/detail/dds_fastrtps/controller_input__type_support.cpp.o[0m
[3.199s] [ 61%] Built target control_msg__rosidl_typesupport_introspection_c
[3.207s] [ 61%] Built target control_msg__rosidl_typesupport_c
[3.294s] [ 64%] [32m[1mLinking CXX shared library libcontrol_msg__rosidl_typesupport_cpp.so[0m
[3.325s] [ 67%] [32m[1mLinking CXX shared library libcontrol_msg__rosidl_typesupport_introspection_cpp.so[0m
[3.407s] [ 67%] Built target control_msg__rosidl_typesupport_cpp
[3.427s] [ 67%] Built target control_msg__rosidl_typesupport_introspection_cpp
[3.456s] [ 70%] [32m[1mLinking CXX shared library libcontrol_msg__rosidl_typesupport_fastrtps_c.so[0m
[3.483s] [ 73%] [32m[1mLinking CXX shared library libcontrol_msg__rosidl_typesupport_fastrtps_cpp.so[0m
[3.587s] [ 73%] Built target control_msg__rosidl_typesupport_fastrtps_c
[3.589s] [ 73%] Built target control_msg__rosidl_typesupport_fastrtps_cpp
[3.604s] [ 73%] Built target control_msg
[3.618s] [ 76%] [34m[1mGenerating Python code for ROS interfaces[0m
[3.852s] [ 76%] Built target control_msg__py
[3.866s] [ 79%] [32mBuilding C object CMakeFiles/control_msg__rosidl_generator_py.dir/rosidl_generator_py/control_msg/msg/_controller_input_s.c.o[0m
[3.994s] [ 82%] [32m[1mLinking C shared library libcontrol_msg__rosidl_generator_py.so[0m
[4.081s] [ 82%] Built target control_msg__rosidl_generator_py
[4.101s] [ 85%] [32mBuilding C object CMakeFiles/control_msg_s__rosidl_typesupport_fastrtps_c.dir/rosidl_generator_py/control_msg/_control_msg_s.ep.rosidl_typesupport_fastrtps_c.c.o[0m
[4.101s] [ 88%] [32mBuilding C object CMakeFiles/control_msg_s__rosidl_typesupport_c.dir/rosidl_generator_py/control_msg/_control_msg_s.ep.rosidl_typesupport_c.c.o[0m
[4.103s] [ 91%] [32mBuilding C object CMakeFiles/control_msg_s__rosidl_typesupport_introspection_c.dir/rosidl_generator_py/control_msg/_control_msg_s.ep.rosidl_typesupport_introspection_c.c.o[0m
[4.179s] [ 94%] [32m[1mLinking C shared module rosidl_generator_py/control_msg/control_msg_s__rosidl_typesupport_fastrtps_c.so[0m
[4.179s] [ 97%] [32m[1mLinking C shared module rosidl_generator_py/control_msg/control_msg_s__rosidl_typesupport_c.so[0m
[4.185s] [100%] [32m[1mLinking C shared module rosidl_generator_py/control_msg/control_msg_s__rosidl_typesupport_introspection_c.so[0m
[4.258s] [100%] Built target control_msg_s__rosidl_typesupport_fastrtps_c
[4.262s] [100%] Built target control_msg_s__rosidl_typesupport_c
[4.268s] [100%] Built target control_msg_s__rosidl_typesupport_introspection_c
[4.277s] Invoked command in '/home/kyle/2025-26-MATE-Topside/build/control_msg' returned '0': CMAKE_PREFIX_PATH=${CMAKE_PREFIX_PATH}:/opt/ros/jazzy /usr/bin/cmake --build /home/kyle/2025-26-MATE-Topside/build/control_msg -- -j8 -l8
[4.278s] Invoking command in '/home/kyle/2025-26-MATE-Topside/build/control_msg': CMAKE_PREFIX_PATH=${CMAKE_PREFIX_PATH}:/opt/ros/jazzy /usr/bin/cmake --install /home/kyle/2025-26-MATE-Topside/build/control_msg
[4.284s] -- Install configuration: ""
[4.285s] -- Installing: /home/kyle/2025-26-MATE-Topside/install/control_msg/share/ament_index/resource_index/rosidl_interfaces/control_msg
[4.285s] -- Installing: /home/kyle/2025-26-MATE-Topside/install/control_msg/share/control_msg/msg/ControllerInput.json
[4.285s] -- Installing: /home/kyle/2025-26-MATE-Topside/install/control_msg/include/control_msg/control_msg
[4.285s] -- Installing: /home/kyle/2025-26-MATE-Topside/install/control_msg/include/control_msg/control_msg/msg
[4.285s] -- Installing: /home/kyle/2025-26-MATE-Topside/install/control_msg/include/control_msg/control_msg/msg/controller_input.h
[4.285s] -- Installing: /home/kyle/2025-26-MATE-Topside/install/control_msg/include/control_msg/control_msg/msg/rosidl_generator_c__visibility_control.h
[4.286s] -- Installing: /home/kyle/2025-26-MATE-Topside/install/control_msg/include/control_msg/control_msg/msg/detail
[4.286s] -- Installing: /home/kyle/2025-26-MATE-Topside/install/control_msg/include/control_msg/control_msg/msg/detail/controller_input__struct.h
[4.286s] -- Installing: /home/kyle/2025-26-MATE-Topside/install/control_msg/include/control_msg/control_msg/msg/detail/controller_input__functions.h
[4.286s] -- Installing: /home/kyle/2025-26-MATE-Topside/install/control_msg/include/control_msg/control_msg/msg/detail/controller_input__type_support.h
[4.286s] -- Installing: /home/kyle/2025-26-MATE-Topside/install/control_msg/include/control_msg/control_msg/msg/detail/controller_input__functions.c
[4.286s] -- Installing: /home/kyle/2025-26-MATE-Topside/install/control_msg/include/control_msg/control_msg/msg/detail/controller_input__description.c
[4.286s] -- Installing: /home/kyle/2025-26-MATE-Topside/install/control_msg/include/control_msg/control_msg/msg/detail/controller_input__type_support.c
[4.286s] -- Installing: /home/kyle/2025-26-MATE-Topside/install/control_msg/share/control_msg/environment/library_path.sh
[4.286s] -- Installing: /home/kyle/2025-26-MATE-Topside/install/control_msg/share/control_msg/environment/library_path.dsv
[4.287s] -- Installing: /home/kyle/2025-26-MATE-Topside/install/control_msg/lib/libcontrol_msg__rosidl_generator_c.so
[4.287s] -- Set non-toolchain portion of runtime path of "/home/kyle/2025-26-MATE-Topside/install/control_msg/lib/libcontrol_msg__rosidl_generator_c.so" to ""
[4.287s] -- Up-to-date: /home/kyle/2025-26-MATE-Topside/install/control_msg/include/control_msg/control_msg
[4.287s] -- Up-to-date: /home/kyle/2025-26-MATE-Topside/install/control_msg/include/control_msg/control_msg/msg
[4.287s] -- Up-to-date: /home/kyle/2025-26-MATE-Topside/install/control_msg/include/control_msg/control_msg/msg/detail
[4.287s] -- Installing: /home/kyle/2025-26-MATE-Topside/install/control_msg/include/control_msg/control_msg/msg/detail/controller_input__rosidl_typesupport_fastrtps_c.h
[4.287s] -- Installing: /home/kyle/2025-26-MATE-Topside/install/control_msg/include/control_msg/control_msg/msg/rosidl_typesupport_fastrtps_c__visibility_control.h
[4.287s] -- Installing: /home/kyle/2025-26-MATE-Topside/install/control_msg/lib/libcontrol_msg__rosidl_typesupport_fastrtps_c.so
[4.287s] -- Set non-toolchain portion of runtime path of "/home/kyle/2025-26-MATE-Topside/install/control_msg/lib/libcontrol_msg__rosidl_typesupport_fastrtps_c.so" to ""
[4.287s] -- Up-to-date: /home/kyle/2025-26-MATE-Topside/install/control_msg/include/control_msg/control_msg
[4.287s] -- Up-to-date: /home/kyle/2025-26-MATE-Topside/install/control_msg/include/control_msg/control_msg/msg
[4.287s] -- Up-to-date: /home/kyle/2025-26-MATE-Topside/install/control_msg/include/control_msg/control_msg/msg/detail
[4.288s] -- Installing: /home/kyle/2025-26-MATE-Topside/install/control_msg/include/control_msg/control_msg/msg/detail/controller_input__rosidl_typesupport_introspection_c.h
[4.288s] -- Up-to-date: /home/kyle/2025-26-MATE-Topside/install/control_msg/include/control_msg/control_msg/msg/detail/controller_input__type_support.c
[4.288s] -- Installing: /home/kyle/2025-26-MATE-Topside/install/control_msg/include/control_msg/control_msg/msg/rosidl_typesupport_introspection_c__visibility_control.h
[4.288s] -- Installing: /home/kyle/2025-26-MATE-Topside/install/control_msg/lib/libcontrol_msg__rosidl_typesupport_introspection_c.so
[4.288s] -- Set non-toolchain portion of runtime path of "/home/kyle/2025-26-MATE-Topside/install/control_msg/lib/libcontrol_msg__rosidl_typesupport_introspection_c.so" to ""
[4.288s] -- Installing: /home/kyle/2025-26-MATE-Topside/install/control_msg/lib/libcontrol_msg__rosidl_typesupport_c.so
[4.288s] -- Set non-toolchain portion of runtime path of "/home/kyle/2025-26-MATE-Topside/install/control_msg/lib/libcontrol_msg__rosidl_typesupport_c.so" to ""
[4.288s] -- Up-to-date: /home/kyle/2025-26-MATE-Topside/install/control_msg/include/control_msg/control_msg
[4.288s] -- Up-to-date: /home/kyle/2025-26-MATE-Topside/install/control_msg/include/control_msg/control_msg/msg
[4.288s] -- Up-to-date: /home/kyle/2025-26-MATE-Topside/install/control_msg/include/control_msg/control_msg/msg/detail
[4.288s] -- Installing: /home/kyle/2025-26-MATE-Topside/install/control_msg/include/control_msg/control_msg/msg/detail/controller_input__builder.hpp
[4.288s] -- Installing: /home/kyle/2025-26-MATE-Topside/install/control_msg/include/control_msg/control_msg/msg/detail/controller_input__traits.hpp
[4.288s] -- Installing: /home/kyle/2025-26-MATE-Topside/install/control_msg/include/control_msg/control_msg/msg/detail/controller_input__type_support.hpp
[4.289s] -- Installing: /home/kyle/2025-26-MATE-Topside/install/control_msg/include/control_msg/control_msg/msg/detail/controller_input__struct.hpp
[4.289s] -- Installing: /home/kyle/2025-26-MATE-Topside/install/control_msg/include/control_msg/control_msg/msg/controller_input.hpp
[4.289s] -- Installing: /home/kyle/2025-26-MATE-Topside/install/control_msg/include/control_msg/control_msg/msg/rosidl_generator_cpp__visibility_control.hpp
[4.289s] -- Up-to-date: /home/kyle/2025-26-MATE-Topside/install/control_msg/include/control_msg/control_msg
[4.289s] -- Up-to-date: /home/kyle/2025-26-MATE-Topside/install/control_msg/include/control_msg/control_msg/msg
[4.289s] -- Up-to-date: /home/kyle/2025-26-MATE-Topside/install/control_msg/include/control_msg/control_msg/msg/detail
[4.289s] -- Installing: /home/kyle/2025-26-MATE-Topside/install/control_msg/include/control_msg/control_msg/msg/detail/controller_input__rosidl_typesupport_fastrtps_cpp.hpp
[4.289s] -- Installing: /home/kyle/2025-26-MATE-Topside/install/control_msg/include/control_msg/control_msg/msg/detail/dds_fastrtps
[4.289s] -- Installing: /home/kyle/2025-26-MATE-Topside/install/control_msg/include/control_msg/control_msg/msg/rosidl_typesupport_fastrtps_cpp__visibility_control.h
[4.289s] -- Installing: /home/kyle/2025-26-MATE-Topside/install/control_msg/lib/libcontrol_msg__rosidl_typesupport_fastrtps_cpp.so
[4.289s] -- Set non-toolchain portion of runtime path of "/home/kyle/2025-26-MATE-Topside/install/control_msg/lib/libcontrol_msg__rosidl_typesupport_fastrtps_cpp.so" to ""
[4.289s] -- Up-to-date: /home/kyle/2025-26-MATE-Topside/install/control_msg/include/control_msg/control_msg
[4.289s] -- Up-to-date: /home/kyle/2025-26-MATE-Topside/install/control_msg/include/control_msg/control_msg/msg
[4.289s] -- Up-to-date: /home/kyle/2025-26-MATE-Topside/install/control_msg/include/control_msg/control_msg/msg/detail
[4.290s] -- Installing: /home/kyle/2025-26-MATE-Topside/install/control_msg/include/control_msg/control_msg/msg/detail/controller_input__type_support.cpp
[4.290s] -- Installing: /home/kyle/2025-26-MATE-Topside/install/control_msg/include/control_msg/control_msg/msg/detail/controller_input__rosidl_typesupport_introspection_cpp.hpp
[4.290s] -- Installing: /home/kyle/2025-26-MATE-Topside/install/control_msg/lib/libcontrol_msg__rosidl_typesupport_introspection_cpp.so
[4.290s] -- Set non-toolchain portion of runtime path of "/home/kyle/2025-26-MATE-Topside/install/control_msg/lib/libcontrol_msg__rosidl_typesupport_introspection_cpp.so" to ""
[4.290s] -- Installing: /home/kyle/2025-26-MATE-Topside/install/control_msg/lib/libcontrol_msg__rosidl_typesupport_cpp.so
[4.290s] -- Set non-toolchain portion of runtime path of "/home/kyle/2025-26-MATE-Topside/install/control_msg/lib/libcontrol_msg__rosidl_typesupport_cpp.so" to ""
[4.290s] -- Installing: /home/kyle/2025-26-MATE-Topside/install/control_msg/share/control_msg/environment/pythonpath.sh
[4.290s] -- Installing: /home/kyle/2025-26-MATE-Topside/install/control_msg/share/control_msg/environment/pythonpath.dsv
[4.290s] -- Installing: /home/kyle/2025-26-MATE-Topside/install/control_msg/lib/python3.12/site-packages/control_msg-0.0.0-py3.12.egg-info
[4.291s] -- Installing: /home/kyle/2025-26-MATE-Topside/install/control_msg/lib/python3.12/site-packages/control_msg-0.0.0-py3.12.egg-info/PKG-INFO
[4.291s] -- Installing: /home/kyle/2025-26-MATE-Topside/install/control_msg/lib/python3.12/site-packages/control_msg-0.0.0-py3.12.egg-info/top_level.txt
[4.291s] -- Installing: /home/kyle/2025-26-MATE-Topside/install/control_msg/lib/python3.12/site-packages/control_msg-0.0.0-py3.12.egg-info/dependency_links.txt
[4.292s] -- Installing: /home/kyle/2025-26-MATE-Topside/install/control_msg/lib/python3.12/site-packages/control_msg-0.0.0-py3.12.egg-info/SOURCES.txt
[4.292s] -- Installing: /home/kyle/2025-26-MATE-Topside/install/control_msg/lib/python3.12/site-packages/control_msg
[4.293s] -- Installing: /home/kyle/2025-26-MATE-Topside/install/control_msg/lib/python3.12/site-packages/control_msg/_control_msg_s.ep.rosidl_typesupport_introspection_c.c
[4.293s] -- Installing: /home/kyle/2025-26-MATE-Topside/install/control_msg/lib/python3.12/site-packages/control_msg/__init__.py
[4.293s] -- Installing: /home/kyle/2025-26-MATE-Topside/install/control_msg/lib/python3.12/site-packages/control_msg/control_msg_s__rosidl_typesupport_c.so
[4.293s] -- Installing: /home/kyle/2025-26-MATE-Topside/install/control_msg/lib/python3.12/site-packages/control_msg/control_msg_s__rosidl_typesupport_fastrtps_c.so
[4.293s] -- Installing: /home/kyle/2025-26-MATE-Topside/install/control_msg/lib/python3.12/site-packages/control_msg/control_msg_s__rosidl_typesupport_introspection_c.so
[4.293s] -- Installing: /home/kyle/2025-26-MATE-Topside/install/control_msg/lib/python3.12/site-packages/control_msg/_control_msg_s.ep.rosidl_typesupport_fastrtps_c.c
[4.293s] -- Installing: /home/kyle/2025-26-MATE-Topside/install/control_msg/lib/python3.12/site-packages/control_msg/msg
[4.293s] -- Installing: /home/kyle/2025-26-MATE-Topside/install/control_msg/lib/python3.12/site-packages/control_msg/msg/__init__.py
[4.293s] -- Installing: /home/kyle/2025-26-MATE-Topside/install/control_msg/lib/python3.12/site-packages/control_msg/msg/_controller_input.py
[4.294s] -- Installing: /home/kyle/2025-26-MATE-Topside/install/control_msg/lib/python3.12/site-packages/control_msg/msg/_controller_input_s.c
[4.294s] -- Installing: /home/kyle/2025-26-MATE-Topside/install/control_msg/lib/python3.12/site-packages/control_msg/_control_msg_s.ep.rosidl_typesupport_c.c
[4.321s] Listing '/home/kyle/2025-26-MATE-Topside/install/control_msg/lib/python3.12/site-packages/control_msg'...
[4.321s] Compiling '/home/kyle/2025-26-MATE-Topside/install/control_msg/lib/python3.12/site-packages/control_msg/__init__.py'...
[4.321s] Listing '/home/kyle/2025-26-MATE-Topside/install/control_msg/lib/python3.12/site-packages/control_msg/msg'...
[4.321s] Compiling '/home/kyle/2025-26-MATE-Topside/install/control_msg/lib/python3.12/site-packages/control_msg/msg/__init__.py'...
[4.321s] Compiling '/home/kyle/2025-26-MATE-Topside/install/control_msg/lib/python3.12/site-packages/control_msg/msg/_controller_input.py'...
[4.326s] -- Installing: /home/kyle/2025-26-MATE-Topside/install/control_msg/lib/python3.12/site-packages/control_msg/control_msg_s__rosidl_typesupport_fastrtps_c.so
[4.326s] -- Set non-toolchain portion of runtime path of "/home/kyle/2025-26-MATE-Topside/install/control_msg/lib/python3.12/site-packages/control_msg/control_msg_s__rosidl_typesupport_fastrtps_c.so" to ""
[4.326s] -- Installing: /home/kyle/2025-26-MATE-Topside/install/control_msg/lib/python3.12/site-packages/control_msg/control_msg_s__rosidl_typesupport_introspection_c.so
[4.326s] -- Set non-toolchain portion of runtime path of "/home/kyle/2025-26-MATE-Topside/install/control_msg/lib/python3.12/site-packages/control_msg/control_msg_s__rosidl_typesupport_introspection_c.so" to ""
[4.326s] -- Installing: /home/kyle/2025-26-MATE-Topside/install/control_msg/lib/python3.12/site-packages/control_msg/control_msg_s__rosidl_typesupport_c.so
[4.326s] -- Set non-toolchain portion of runtime path of "/home/kyle/2025-26-MATE-Topside/install/control_msg/lib/python3.12/site-packages/control_msg/control_msg_s__rosidl_typesupport_c.so" to ""
[4.326s] -- Installing: /home/kyle/2025-26-MATE-Topside/install/control_msg/lib/libcontrol_msg__rosidl_generator_py.so
[4.327s] -- Set non-toolchain portion of runtime path of "/home/kyle/2025-26-MATE-Topside/install/control_msg/lib/libcontrol_msg__rosidl_generator_py.so" to ""
[4.327s] -- Installing: /home/kyle/2025-26-MATE-Topside/install/control_msg/share/control_msg/msg/ControllerInput.idl
[4.327s] -- Installing: /home/kyle/2025-26-MATE-Topside/install/control_msg/share/control_msg/msg/ControllerInput.msg
[4.327s] -- Installing: /home/kyle/2025-26-MATE-Topside/install/control_msg/share/ament_index/resource_index/package_run_dependencies/control_msg
[4.327s] -- Installing: /home/kyle/2025-26-MATE-Topside/install/control_msg/share/ament_index/resource_index/parent_prefix_path/control_msg
[4.327s] -- Installing: /home/kyle/2025-26-MATE-Topside/install/control_msg/share/control_msg/environment/ament_prefix_path.sh
[4.327s] -- Installing: /home/kyle/2025-26-MATE-Topside/install/control_msg/share/control_msg/environment/ament_prefix_path.dsv
[4.327s] -- Installing: /home/kyle/2025-26-MATE-Topside/install/control_msg/share/control_msg/environment/path.sh
[4.327s] -- Installing: /home/kyle/2025-26-MATE-Topside/install/control_msg/share/control_msg/environment/path.dsv
[4.328s] -- Installing: /home/kyle/2025-26-MATE-Topside/install/control_msg/share/control_msg/local_setup.bash
[4.328s] -- Installing: /home/kyle/2025-26-MATE-Topside/install/control_msg/share/control_msg/local_setup.sh
[4.328s] -- Installing: /home/kyle/2025-26-MATE-Topside/install/control_msg/share/control_msg/local_setup.zsh
[4.328s] -- Installing: /home/kyle/2025-26-MATE-Topside/install/control_msg/share/control_msg/local_setup.dsv
[4.328s] -- Installing: /home/kyle/2025-26-MATE-Topside/install/control_msg/share/control_msg/package.dsv
[4.328s] -- Installing: /home/kyle/2025-26-MATE-Topside/install/control_msg/share/ament_index/resource_index/packages/control_msg
[4.328s] -- Installing: /home/kyle/2025-26-MATE-Topside/install/control_msg/share/control_msg/cmake/export_control_msg__rosidl_generator_cExport.cmake
[4.328s] -- Installing: /home/kyle/2025-26-MATE-Topside/install/control_msg/share/control_msg/cmake/export_control_msg__rosidl_generator_cExport-noconfig.cmake
[4.329s] -- Installing: /home/kyle/2025-26-MATE-Topside/install/control_msg/share/control_msg/cmake/export_control_msg__rosidl_typesupport_fastrtps_cExport.cmake
[4.329s] -- Installing: /home/kyle/2025-26-MATE-Topside/install/control_msg/share/control_msg/cmake/export_control_msg__rosidl_typesupport_fastrtps_cExport-noconfig.cmake
[4.329s] -- Installing: /home/kyle/2025-26-MATE-Topside/install/control_msg/share/control_msg/cmake/control_msg__rosidl_typesupport_introspection_cExport.cmake
[4.329s] -- Installing: /home/kyle/2025-26-MATE-Topside/install/control_msg/share/control_msg/cmake/control_msg__rosidl_typesupport_introspection_cExport-noconfig.cmake
[4.329s] -- Installing: /home/kyle/2025-26-MATE-Topside/install/control_msg/share/control_msg/cmake/control_msg__rosidl_typesupport_cExport.cmake
[4.329s] -- Installing: /home/kyle/2025-26-MATE-Topside/install/control_msg/share/control_msg/cmake/control_msg__rosidl_typesupport_cExport-noconfig.cmake
[4.329s] -- Installing: /home/kyle/2025-26-MATE-Topside/install/control_msg/share/control_msg/cmake/export_control_msg__rosidl_generator_cppExport.cmake
[4.329s] -- Installing: /home/kyle/2025-26-MATE-Topside/install/control_msg/share/control_msg/cmake/export_control_msg__rosidl_typesupport_fastrtps_cppExport.cmake
[4.329s] -- Installing: /home/kyle/2025-26-MATE-Topside/install/control_msg/share/control_msg/cmake/export_control_msg__rosidl_typesupport_fastrtps_cppExport-noconfig.cmake
[4.329s] -- Installing: /home/kyle/2025-26-MATE-Topside/install/control_msg/share/control_msg/cmake/control_msg__rosidl_typesupport_introspection_cppExport.cmake
[4.330s] -- Installing: /home/kyle/2025-26-MATE-Topside/install/control_msg/share/control_msg/cmake/control_msg__rosidl_typesupport_introspection_cppExport-noconfig.cmake
[4.330s] -- Installing: /home/kyle/2025-26-MATE-Topside/install/control_msg/share/control_msg/cmake/control_msg__rosidl_typesupport_cppExport.cmake
[4.330s] -- Installing: /home/kyle/2025-26-MATE-Topside/install/control_msg/share/control_msg/cmake/control_msg__rosidl_typesupport_cppExport-noconfig.cmake
[4.330s] -- Installing: /home/kyle/2025-26-MATE-Topside/install/control_msg/share/control_msg/cmake/export_control_msg__rosidl_generator_pyExport.cmake
[4.330s] -- Installing: /home/kyle/2025-26-MATE-Topside/install/control_msg/share/control_msg/cmake/export_control_msg__rosidl_generator_pyExport-noconfig.cmake
[4.330s] -- Installing: /home/kyle/2025-26-MATE-Topside/install/control_msg/share/control_msg/cmake/rosidl_cmake-extras.cmake
[4.330s] -- Installing: /home/kyle/2025-26-MATE-Topside/install/control_msg/share/control_msg/cmake/ament_cmake_export_include_directories-extras.cmake
[4.330s] -- Installing: /home/kyle/2025-26-MATE-Topside/install/control_msg/share/control_msg/cmake/ament_cmake_export_libraries-extras.cmake
[4.330s] -- Installing: /home/kyle/2025-26-MATE-Topside/install/control_msg/share/control_msg/cmake/ament_cmake_export_targets-extras.cmake
[4.330s] -- Installing: /home/kyle/2025-26-MATE-Topside/install/control_msg/share/control_msg/cmake/rosidl_cmake_export_typesupport_targets-extras.cmake
[4.330s] -- Installing: /home/kyle/2025-26-MATE-Topside/install/control_msg/share/control_msg/cmake/ament_cmake_export_dependencies-extras.cmake
[4.330s] -- Installing: /home/kyle/2025-26-MATE-Topside/install/control_msg/share/control_msg/cmake/rosidl_cmake_export_typesupport_libraries-extras.cmake
[4.330s] -- Installing: /home/kyle/2025-26-MATE-Topside/install/control_msg/share/control_msg/cmake/control_msgConfig.cmake
[4.330s] -- Installing: /home/kyle/2025-26-MATE-Topside/install/control_msg/share/control_msg/cmake/control_msgConfig-version.cmake
[4.330s] -- Installing: /home/kyle/2025-26-MATE-Topside/install/control_msg/share/control_msg/package.xml
[4.334s] Invoked command in '/home/kyle/2025-26-MATE-Topside/build/control_msg' returned '0': CMAKE_PREFIX_PATH=${CMAKE_PREFIX_PATH}:/opt/ros/jazzy /usr/bin/cmake --install /home/kyle/2025-26-MATE-Topside/build/control_msg
